{
    "passes when assembly_type=short and assembler=unicycler": {
        "content": [
            {
                "CAT_FASTQ_SHORT": {
                    "cat": 9.5
                },
                "QUAST": {
                    "quast": "5.3.0"
                },
                "UNICYCLER": {
                    "unicycler": "0.5.1"
                },
                "Workflow": {
                    "nf-core/bacass": "v2.6.0dev"
                }
            }
        ],
        "timestamp": "2026-03-12T09:46:41.11884653",
        "meta": {
            "nf-test": "0.9.4",
            "nextflow": "25.10.4"
        }
    }
}