{
    "-profile test": {
        "content": [
            17,
            {
                "BUSCO_BUSCO": {
                    "busco": "5.8.3"
                },
                "CAT_FASTQ_SHORT": {
                    "cat": 8.3
                },
                "FASTP": {
                    "fastp": "0.23.4"
                },
                "FASTQC_RAW": {
                    "fastqc": "0.12.1"
                },
                "FASTQC_TRIM": {
                    "fastqc": "0.12.1"
                },
                "GUNZIP": {
                    "gunzip": 1.1
                },
                "PROKKA": {
                    "prokka": "1.14.6"
                },
                "QUAST": {
                    "quast": "5.2.0"
                },
                "UNICYCLER": {
                    "unicycler": "0.5.0"
                },
                "Workflow": {
                    "nf-core/bacass": "v2.5.0dev"
                }
            },
            [
                "FastQC",
                "FastQC/raw",
                "FastQC/raw/ERR044595_1_fastqc.html",
                "FastQC/raw/ERR044595_1_fastqc.zip",
                "FastQC/raw/ERR044595_2_fastqc.html",
                "FastQC/raw/ERR044595_2_fastqc.zip",
                "FastQC/raw/ERR064912_1_fastqc.html",
                "FastQC/raw/ERR064912_1_fastqc.zip",
                "FastQC/raw/ERR064912_2_fastqc.html",
                "FastQC/raw/ERR064912_2_fastqc.zip",
                "FastQC/trim",
                "FastQC/trim/ERR044595_1_fastqc.html",
                "FastQC/trim/ERR044595_2_fastqc.html",
                "FastQC/trim/ERR064912_1_fastqc.html",
                "FastQC/trim/ERR064912_2_fastqc.html",
                "Prokka",
                "Prokka/ERR044595",
                "Prokka/ERR044595/ERR044595.err",
                "Prokka/ERR044595/ERR044595.faa",
                "Prokka/ERR044595/ERR044595.ffn",
                "Prokka/ERR044595/ERR044595.fna",
                "Prokka/ERR044595/ERR044595.fsa",
                "Prokka/ERR044595/ERR044595.gbk",
                "Prokka/ERR044595/ERR044595.gff",
                "Prokka/ERR044595/ERR044595.log",
                "Prokka/ERR044595/ERR044595.sqn",
                "Prokka/ERR044595/ERR044595.tbl",
                "Prokka/ERR044595/ERR044595.tsv",
                "Prokka/ERR044595/ERR044595.txt",
                "Prokka/ERR064912",
                "Prokka/ERR064912/ERR064912.err",
                "Prokka/ERR064912/ERR064912.faa",
                "Prokka/ERR064912/ERR064912.ffn",
                "Prokka/ERR064912/ERR064912.fna",
                "Prokka/ERR064912/ERR064912.fsa",
                "Prokka/ERR064912/ERR064912.gbk",
                "Prokka/ERR064912/ERR064912.gff",
                "Prokka/ERR064912/ERR064912.log",
                "Prokka/ERR064912/ERR064912.sqn",
                "Prokka/ERR064912/ERR064912.tbl",
                "Prokka/ERR064912/ERR064912.tsv",
                "Prokka/ERR064912/ERR064912.txt",
                "QUAST",
                "QUAST/report",
                "QUAST/report/basic_stats",
                "QUAST/report/basic_stats/ERR044595.scaffolds_GC_content_plot.pdf",
                "QUAST/report/basic_stats/ERR064912.scaffolds_GC_content_plot.pdf",
                "QUAST/report/basic_stats/GC_content_plot.pdf",
                "QUAST/report/basic_stats/Nx_plot.pdf",
                "QUAST/report/basic_stats/cumulative_plot.pdf",
                "QUAST/report/icarus.html",
                "QUAST/report/icarus_viewers",
                "QUAST/report/icarus_viewers/contig_size_viewer.html",
                "QUAST/report/quast.log",
                "QUAST/report/report.html",
                "QUAST/report/report.pdf",
                "QUAST/report/report.tex",
                "QUAST/report/report.tsv",
                "QUAST/report/report.txt",
                "QUAST/report/transposed_report.tex",
                "QUAST/report/transposed_report.tsv",
                "QUAST/report/transposed_report.txt",
                "Unicycler",
                "Unicycler/ERR044595.assembly.gfa.gz",
                "Unicycler/ERR044595.scaffolds.fa.gz",
                "Unicycler/ERR044595.unicycler.log",
                "Unicycler/ERR064912.assembly.gfa.gz",
                "Unicycler/ERR064912.scaffolds.fa.gz",
                "Unicycler/ERR064912.unicycler.log",
                "busco",
                "busco/ERR044595-bacteria_odb10-busco",
                "busco/ERR044595-bacteria_odb10-busco.batch_summary.txt",
                "busco/ERR044595-bacteria_odb10-busco.log",
                "busco/ERR044595-bacteria_odb10-busco/ERR044595.scaffolds.fa",
                "busco/ERR044595-bacteria_odb10-busco/ERR044595.scaffolds.fa/logs",
                "busco/ERR044595-bacteria_odb10-busco/ERR044595.scaffolds.fa/logs/bbtools_err.log",
                "busco/ERR044595-bacteria_odb10-busco/ERR044595.scaffolds.fa/logs/bbtools_out.log",
                "busco/ERR044595-bacteria_odb10-busco/ERR044595.scaffolds.fa/logs/hmmsearch_err.log",
                "busco/ERR044595-bacteria_odb10-busco/ERR044595.scaffolds.fa/logs/hmmsearch_out.log",
                "busco/ERR044595-bacteria_odb10-busco/ERR044595.scaffolds.fa/logs/prodigal_err.log",
                "busco/ERR044595-bacteria_odb10-busco/ERR044595.scaffolds.fa/logs/prodigal_out.log",
                "busco/ERR044595-bacteria_odb10-busco/ERR044595.scaffolds.fa/prodigal_output",
                "busco/ERR044595-bacteria_odb10-busco/ERR044595.scaffolds.fa/prodigal_output/.checkpoint",
                "busco/ERR044595-bacteria_odb10-busco/ERR044595.scaffolds.fa/prodigal_output/predicted_genes",
                "busco/ERR044595-bacteria_odb10-busco/ERR044595.scaffolds.fa/prodigal_output/predicted_genes/predicted.faa",
                "busco/ERR044595-bacteria_odb10-busco/ERR044595.scaffolds.fa/prodigal_output/predicted_genes/predicted.fna",
                "busco/ERR044595-bacteria_odb10-busco/ERR044595.scaffolds.fa/prodigal_output/predicted_genes/tmp",
                "busco/ERR044595-bacteria_odb10-busco/ERR044595.scaffolds.fa/prodigal_output/predicted_genes/tmp/prodigal_mode_single_code_11.faa",
                "busco/ERR044595-bacteria_odb10-busco/ERR044595.scaffolds.fa/prodigal_output/predicted_genes/tmp/prodigal_mode_single_code_11.fna",
                "busco/ERR044595-bacteria_odb10-busco/ERR044595.scaffolds.fa/prodigal_output/predicted_genes/tmp/prodigal_mode_single_code_11_err.log",
                "busco/ERR044595-bacteria_odb10-busco/ERR044595.scaffolds.fa/prodigal_output/predicted_genes/tmp/prodigal_mode_single_code_11_out.log",
                "busco/ERR044595-bacteria_odb10-busco/ERR044595.scaffolds.fa/run_bacteria_odb10",
                "busco/ERR044595-bacteria_odb10-busco/ERR044595.scaffolds.fa/run_bacteria_odb10/.bbtools_output",
                "busco/ERR044595-bacteria_odb10-busco/ERR044595.scaffolds.fa/run_bacteria_odb10/.bbtools_output/.checkpoint",
                "busco/ERR044595-bacteria_odb10-busco/ERR044595.scaffolds.fa/run_bacteria_odb10/busco_sequences",
                "busco/ERR044595-bacteria_odb10-busco/ERR044595.scaffolds.fa/run_bacteria_odb10/full_table.tsv",
                "busco/ERR044595-bacteria_odb10-busco/ERR044595.scaffolds.fa/run_bacteria_odb10/hmmer_output",
                "busco/ERR044595-bacteria_odb10-busco/ERR044595.scaffolds.fa/run_bacteria_odb10/missing_busco_list.tsv",
                "busco/ERR044595-bacteria_odb10-busco/ERR044595.scaffolds.fa/run_bacteria_odb10/short_summary.json",
                "busco/ERR044595-bacteria_odb10-busco/ERR044595.scaffolds.fa/run_bacteria_odb10/short_summary.txt",
                "busco/ERR044595-bacteria_odb10-busco/logs",
                "busco/ERR064912-bacteria_odb10-busco",
                "busco/ERR064912-bacteria_odb10-busco.batch_summary.txt",
                "busco/ERR064912-bacteria_odb10-busco.log",
                "busco/ERR064912-bacteria_odb10-busco/ERR064912.scaffolds.fa",
                "busco/ERR064912-bacteria_odb10-busco/ERR064912.scaffolds.fa/logs",
                "busco/ERR064912-bacteria_odb10-busco/ERR064912.scaffolds.fa/logs/bbtools_err.log",
                "busco/ERR064912-bacteria_odb10-busco/ERR064912.scaffolds.fa/logs/bbtools_out.log",
                "busco/ERR064912-bacteria_odb10-busco/ERR064912.scaffolds.fa/logs/hmmsearch_err.log",
                "busco/ERR064912-bacteria_odb10-busco/ERR064912.scaffolds.fa/logs/hmmsearch_out.log",
                "busco/ERR064912-bacteria_odb10-busco/ERR064912.scaffolds.fa/logs/prodigal_err.log",
                "busco/ERR064912-bacteria_odb10-busco/ERR064912.scaffolds.fa/logs/prodigal_out.log",
                "busco/ERR064912-bacteria_odb10-busco/ERR064912.scaffolds.fa/prodigal_output",
                "busco/ERR064912-bacteria_odb10-busco/ERR064912.scaffolds.fa/prodigal_output/.checkpoint",
                "busco/ERR064912-bacteria_odb10-busco/ERR064912.scaffolds.fa/prodigal_output/predicted_genes",
                "busco/ERR064912-bacteria_odb10-busco/ERR064912.scaffolds.fa/prodigal_output/predicted_genes/predicted.faa",
                "busco/ERR064912-bacteria_odb10-busco/ERR064912.scaffolds.fa/prodigal_output/predicted_genes/predicted.fna",
                "busco/ERR064912-bacteria_odb10-busco/ERR064912.scaffolds.fa/prodigal_output/predicted_genes/tmp",
                "busco/ERR064912-bacteria_odb10-busco/ERR064912.scaffolds.fa/prodigal_output/predicted_genes/tmp/prodigal_mode_single_code_11.faa",
                "busco/ERR064912-bacteria_odb10-busco/ERR064912.scaffolds.fa/prodigal_output/predicted_genes/tmp/prodigal_mode_single_code_11.fna",
                "busco/ERR064912-bacteria_odb10-busco/ERR064912.scaffolds.fa/prodigal_output/predicted_genes/tmp/prodigal_mode_single_code_11_err.log",
                "busco/ERR064912-bacteria_odb10-busco/ERR064912.scaffolds.fa/prodigal_output/predicted_genes/tmp/prodigal_mode_single_code_11_out.log",
                "busco/ERR064912-bacteria_odb10-busco/ERR064912.scaffolds.fa/run_bacteria_odb10",
                "busco/ERR064912-bacteria_odb10-busco/ERR064912.scaffolds.fa/run_bacteria_odb10/.bbtools_output",
                "busco/ERR064912-bacteria_odb10-busco/ERR064912.scaffolds.fa/run_bacteria_odb10/.bbtools_output/.checkpoint",
                "busco/ERR064912-bacteria_odb10-busco/ERR064912.scaffolds.fa/run_bacteria_odb10/busco_sequences",
                "busco/ERR064912-bacteria_odb10-busco/ERR064912.scaffolds.fa/run_bacteria_odb10/full_table.tsv",
                "busco/ERR064912-bacteria_odb10-busco/ERR064912.scaffolds.fa/run_bacteria_odb10/hmmer_output",
                "busco/ERR064912-bacteria_odb10-busco/ERR064912.scaffolds.fa/run_bacteria_odb10/missing_busco_list.tsv",
                "busco/ERR064912-bacteria_odb10-busco/ERR064912.scaffolds.fa/run_bacteria_odb10/short_summary.json",
                "busco/ERR064912-bacteria_odb10-busco/ERR064912.scaffolds.fa/run_bacteria_odb10/short_summary.txt",
                "busco/ERR064912-bacteria_odb10-busco/logs",
                "busco/busco_downloads",
                "busco/short_summary.specific.bacteria_odb10.ERR044595.scaffolds.fa.json",
                "busco/short_summary.specific.bacteria_odb10.ERR044595.scaffolds.fa.txt",
                "busco/short_summary.specific.bacteria_odb10.ERR064912.scaffolds.fa.json",
                "busco/short_summary.specific.bacteria_odb10.ERR064912.scaffolds.fa.txt",
                "multiqc",
                "multiqc/multiqc_data",
                "multiqc/multiqc_data/mqc_busco_plot_bacteria_odb10_1.yaml",
                "multiqc/multiqc_data/mqc_fastp-insert-size-plot_1.yaml",
                "multiqc/multiqc_data/mqc_fastp-seq-content-gc-plot_Read_1_After_filtering.yaml",
                "multiqc/multiqc_data/mqc_fastp-seq-content-gc-plot_Read_1_Before_filtering.yaml",
                "multiqc/multiqc_data/mqc_fastp-seq-content-gc-plot_Read_2_After_filtering.yaml",
                "multiqc/multiqc_data/mqc_fastp-seq-content-gc-plot_Read_2_Before_filtering.yaml",
                "multiqc/multiqc_data/mqc_fastp-seq-content-n-plot_Read_1_After_filtering.yaml",
                "multiqc/multiqc_data/mqc_fastp-seq-content-n-plot_Read_1_Before_filtering.yaml",
                "multiqc/multiqc_data/mqc_fastp-seq-content-n-plot_Read_2_After_filtering.yaml",
                "multiqc/multiqc_data/mqc_fastp-seq-content-n-plot_Read_2_Before_filtering.yaml",
                "multiqc/multiqc_data/mqc_fastp-seq-quality-plot_Read_1_After_filtering.yaml",
                "multiqc/multiqc_data/mqc_fastp-seq-quality-plot_Read_1_Before_filtering.yaml",
                "multiqc/multiqc_data/mqc_fastp-seq-quality-plot_Read_2_After_filtering.yaml",
                "multiqc/multiqc_data/mqc_fastp-seq-quality-plot_Read_2_Before_filtering.yaml",
                "multiqc/multiqc_data/mqc_fastp_filtered_reads_plot_1.yaml",
                "multiqc/multiqc_data/mqc_fastqc_adapter_content_plot_1.yaml",
                "multiqc/multiqc_data/mqc_fastqc_per_base_n_content_plot-2_1.yaml",
                "multiqc/multiqc_data/mqc_fastqc_per_base_n_content_plot_1.yaml",
                "multiqc/multiqc_data/mqc_fastqc_per_base_sequence_quality_plot-2_1.yaml",
                "multiqc/multiqc_data/mqc_fastqc_per_base_sequence_quality_plot_1.yaml",
                "multiqc/multiqc_data/mqc_fastqc_per_sequence_gc_content_plot-2_Counts.yaml",
                "multiqc/multiqc_data/mqc_fastqc_per_sequence_gc_content_plot-2_Percentages.yaml",
                "multiqc/multiqc_data/mqc_fastqc_per_sequence_gc_content_plot_Counts.yaml",
                "multiqc/multiqc_data/mqc_fastqc_per_sequence_gc_content_plot_Percentages.yaml",
                "multiqc/multiqc_data/mqc_fastqc_per_sequence_quality_scores_plot-2_1.yaml",
                "multiqc/multiqc_data/mqc_fastqc_per_sequence_quality_scores_plot_1.yaml",
                "multiqc/multiqc_data/mqc_fastqc_sequence_counts_plot-2_1.yaml",
                "multiqc/multiqc_data/mqc_fastqc_sequence_counts_plot_1.yaml",
                "multiqc/multiqc_data/mqc_fastqc_sequence_duplication_levels_plot-2_1.yaml",
                "multiqc/multiqc_data/mqc_fastqc_sequence_duplication_levels_plot_1.yaml",
                "multiqc/multiqc_data/mqc_fastqc_sequence_length_distribution_plot_1.yaml",
                "multiqc/multiqc_data/mqc_prokka_plot_1.yaml",
                "multiqc/multiqc_data/mqc_quast_num_contigs_1.yaml",
                "multiqc/multiqc_data/multiqc.log",
                "multiqc/multiqc_data/multiqc_busco.yaml",
                "multiqc/multiqc_data/multiqc_citations.yaml",
                "multiqc/multiqc_data/multiqc_data.json",
                "multiqc/multiqc_data/multiqc_fastp.yaml",
                "multiqc/multiqc_data/multiqc_fastqc.yaml",
                "multiqc/multiqc_data/multiqc_fastqc_1.yaml",
                "multiqc/multiqc_data/multiqc_general_stats.yaml",
                "multiqc/multiqc_data/multiqc_prokka.yaml",
                "multiqc/multiqc_data/multiqc_quast.yaml",
                "multiqc/multiqc_data/multiqc_software_versions.yaml",
                "multiqc/multiqc_data/multiqc_sources.yaml",
                "multiqc/multiqc_plots",
                "multiqc/multiqc_plots/pdf",
                "multiqc/multiqc_plots/pdf/mqc_busco_plot_bacteria_odb10_1.pdf",
                "multiqc/multiqc_plots/pdf/mqc_busco_plot_bacteria_odb10_1_pc.pdf",
                "multiqc/multiqc_plots/pdf/mqc_fastp-insert-size-plot_1.pdf",
                "multiqc/multiqc_plots/pdf/mqc_fastp-seq-content-gc-plot_Read_1_After_filtering.pdf",
                "multiqc/multiqc_plots/pdf/mqc_fastp-seq-content-gc-plot_Read_1_Before_filtering.pdf",
                "multiqc/multiqc_plots/pdf/mqc_fastp-seq-content-gc-plot_Read_2_After_filtering.pdf",
                "multiqc/multiqc_plots/pdf/mqc_fastp-seq-content-gc-plot_Read_2_Before_filtering.pdf",
                "multiqc/multiqc_plots/pdf/mqc_fastp-seq-content-n-plot_Read_1_After_filtering.pdf",
                "multiqc/multiqc_plots/pdf/mqc_fastp-seq-content-n-plot_Read_1_Before_filtering.pdf",
                "multiqc/multiqc_plots/pdf/mqc_fastp-seq-content-n-plot_Read_2_After_filtering.pdf",
                "multiqc/multiqc_plots/pdf/mqc_fastp-seq-content-n-plot_Read_2_Before_filtering.pdf",
                "multiqc/multiqc_plots/pdf/mqc_fastp-seq-quality-plot_Read_1_After_filtering.pdf",
                "multiqc/multiqc_plots/pdf/mqc_fastp-seq-quality-plot_Read_1_Before_filtering.pdf",
                "multiqc/multiqc_plots/pdf/mqc_fastp-seq-quality-plot_Read_2_After_filtering.pdf",
                "multiqc/multiqc_plots/pdf/mqc_fastp-seq-quality-plot_Read_2_Before_filtering.pdf",
                "multiqc/multiqc_plots/pdf/mqc_fastp_filtered_reads_plot_1.pdf",
                "multiqc/multiqc_plots/pdf/mqc_fastp_filtered_reads_plot_1_pc.pdf",
                "multiqc/multiqc_plots/pdf/mqc_fastqc_adapter_content_plot_1.pdf",
                "multiqc/multiqc_plots/pdf/mqc_fastqc_per_base_n_content_plot-2_1.pdf",
                "multiqc/multiqc_plots/pdf/mqc_fastqc_per_base_n_content_plot_1.pdf",
                "multiqc/multiqc_plots/pdf/mqc_fastqc_per_base_sequence_quality_plot-2_1.pdf",
                "multiqc/multiqc_plots/pdf/mqc_fastqc_per_base_sequence_quality_plot_1.pdf",
                "multiqc/multiqc_plots/pdf/mqc_fastqc_per_sequence_gc_content_plot-2_Counts.pdf",
                "multiqc/multiqc_plots/pdf/mqc_fastqc_per_sequence_gc_content_plot-2_Percentages.pdf",
                "multiqc/multiqc_plots/pdf/mqc_fastqc_per_sequence_gc_content_plot_Counts.pdf",
                "multiqc/multiqc_plots/pdf/mqc_fastqc_per_sequence_gc_content_plot_Percentages.pdf",
                "multiqc/multiqc_plots/pdf/mqc_fastqc_per_sequence_quality_scores_plot-2_1.pdf",
                "multiqc/multiqc_plots/pdf/mqc_fastqc_per_sequence_quality_scores_plot_1.pdf",
                "multiqc/multiqc_plots/pdf/mqc_fastqc_sequence_counts_plot-2_1.pdf",
                "multiqc/multiqc_plots/pdf/mqc_fastqc_sequence_counts_plot-2_1_pc.pdf",
                "multiqc/multiqc_plots/pdf/mqc_fastqc_sequence_counts_plot_1.pdf",
                "multiqc/multiqc_plots/pdf/mqc_fastqc_sequence_counts_plot_1_pc.pdf",
                "multiqc/multiqc_plots/pdf/mqc_fastqc_sequence_duplication_levels_plot-2_1.pdf",
                "multiqc/multiqc_plots/pdf/mqc_fastqc_sequence_duplication_levels_plot_1.pdf",
                "multiqc/multiqc_plots/pdf/mqc_fastqc_sequence_length_distribution_plot_1.pdf",
                "multiqc/multiqc_plots/pdf/mqc_prokka_plot_1.pdf",
                "multiqc/multiqc_plots/pdf/mqc_prokka_plot_1_pc.pdf",
                "multiqc/multiqc_plots/pdf/mqc_quast_num_contigs_1.pdf",
                "multiqc/multiqc_plots/pdf/mqc_quast_num_contigs_1_pc.pdf",
                "multiqc/multiqc_plots/png",
                "multiqc/multiqc_plots/png/mqc_busco_plot_bacteria_odb10_1.png",
                "multiqc/multiqc_plots/png/mqc_busco_plot_bacteria_odb10_1_pc.png",
                "multiqc/multiqc_plots/png/mqc_fastp-insert-size-plot_1.png",
                "multiqc/multiqc_plots/png/mqc_fastp-seq-content-gc-plot_Read_1_After_filtering.png",
                "multiqc/multiqc_plots/png/mqc_fastp-seq-content-gc-plot_Read_1_Before_filtering.png",
                "multiqc/multiqc_plots/png/mqc_fastp-seq-content-gc-plot_Read_2_After_filtering.png",
                "multiqc/multiqc_plots/png/mqc_fastp-seq-content-gc-plot_Read_2_Before_filtering.png",
                "multiqc/multiqc_plots/png/mqc_fastp-seq-content-n-plot_Read_1_After_filtering.png",
                "multiqc/multiqc_plots/png/mqc_fastp-seq-content-n-plot_Read_1_Before_filtering.png",
                "multiqc/multiqc_plots/png/mqc_fastp-seq-content-n-plot_Read_2_After_filtering.png",
                "multiqc/multiqc_plots/png/mqc_fastp-seq-content-n-plot_Read_2_Before_filtering.png",
                "multiqc/multiqc_plots/png/mqc_fastp-seq-quality-plot_Read_1_After_filtering.png",
                "multiqc/multiqc_plots/png/mqc_fastp-seq-quality-plot_Read_1_Before_filtering.png",
                "multiqc/multiqc_plots/png/mqc_fastp-seq-quality-plot_Read_2_After_filtering.png",
                "multiqc/multiqc_plots/png/mqc_fastp-seq-quality-plot_Read_2_Before_filtering.png",
                "multiqc/multiqc_plots/png/mqc_fastp_filtered_reads_plot_1.png",
                "multiqc/multiqc_plots/png/mqc_fastp_filtered_reads_plot_1_pc.png",
                "multiqc/multiqc_plots/png/mqc_fastqc_adapter_content_plot_1.png",
                "multiqc/multiqc_plots/png/mqc_fastqc_per_base_n_content_plot-2_1.png",
                "multiqc/multiqc_plots/png/mqc_fastqc_per_base_n_content_plot_1.png",
                "multiqc/multiqc_plots/png/mqc_fastqc_per_base_sequence_quality_plot-2_1.png",
                "multiqc/multiqc_plots/png/mqc_fastqc_per_base_sequence_quality_plot_1.png",
                "multiqc/multiqc_plots/png/mqc_fastqc_per_sequence_gc_content_plot-2_Counts.png",
                "multiqc/multiqc_plots/png/mqc_fastqc_per_sequence_gc_content_plot-2_Percentages.png",
                "multiqc/multiqc_plots/png/mqc_fastqc_per_sequence_gc_content_plot_Counts.png",
                "multiqc/multiqc_plots/png/mqc_fastqc_per_sequence_gc_content_plot_Percentages.png",
                "multiqc/multiqc_plots/png/mqc_fastqc_per_sequence_quality_scores_plot-2_1.png",
                "multiqc/multiqc_plots/png/mqc_fastqc_per_sequence_quality_scores_plot_1.png",
                "multiqc/multiqc_plots/png/mqc_fastqc_sequence_counts_plot-2_1.png",
                "multiqc/multiqc_plots/png/mqc_fastqc_sequence_counts_plot-2_1_pc.png",
                "multiqc/multiqc_plots/png/mqc_fastqc_sequence_counts_plot_1.png",
                "multiqc/multiqc_plots/png/mqc_fastqc_sequence_counts_plot_1_pc.png",
                "multiqc/multiqc_plots/png/mqc_fastqc_sequence_duplication_levels_plot-2_1.png",
                "multiqc/multiqc_plots/png/mqc_fastqc_sequence_duplication_levels_plot_1.png",
                "multiqc/multiqc_plots/png/mqc_fastqc_sequence_length_distribution_plot_1.png",
                "multiqc/multiqc_plots/png/mqc_prokka_plot_1.png",
                "multiqc/multiqc_plots/png/mqc_prokka_plot_1_pc.png",
                "multiqc/multiqc_plots/png/mqc_quast_num_contigs_1.png",
                "multiqc/multiqc_plots/png/mqc_quast_num_contigs_1_pc.png",
                "multiqc/multiqc_plots/svg",
                "multiqc/multiqc_plots/svg/mqc_busco_plot_bacteria_odb10_1.svg",
                "multiqc/multiqc_plots/svg/mqc_busco_plot_bacteria_odb10_1_pc.svg",
                "multiqc/multiqc_plots/svg/mqc_fastp-insert-size-plot_1.svg",
                "multiqc/multiqc_plots/svg/mqc_fastp-seq-content-gc-plot_Read_1_After_filtering.svg",
                "multiqc/multiqc_plots/svg/mqc_fastp-seq-content-gc-plot_Read_1_Before_filtering.svg",
                "multiqc/multiqc_plots/svg/mqc_fastp-seq-content-gc-plot_Read_2_After_filtering.svg",
                "multiqc/multiqc_plots/svg/mqc_fastp-seq-content-gc-plot_Read_2_Before_filtering.svg",
                "multiqc/multiqc_plots/svg/mqc_fastp-seq-content-n-plot_Read_1_After_filtering.svg",
                "multiqc/multiqc_plots/svg/mqc_fastp-seq-content-n-plot_Read_1_Before_filtering.svg",
                "multiqc/multiqc_plots/svg/mqc_fastp-seq-content-n-plot_Read_2_After_filtering.svg",
                "multiqc/multiqc_plots/svg/mqc_fastp-seq-content-n-plot_Read_2_Before_filtering.svg",
                "multiqc/multiqc_plots/svg/mqc_fastp-seq-quality-plot_Read_1_After_filtering.svg",
                "multiqc/multiqc_plots/svg/mqc_fastp-seq-quality-plot_Read_1_Before_filtering.svg",
                "multiqc/multiqc_plots/svg/mqc_fastp-seq-quality-plot_Read_2_After_filtering.svg",
                "multiqc/multiqc_plots/svg/mqc_fastp-seq-quality-plot_Read_2_Before_filtering.svg",
                "multiqc/multiqc_plots/svg/mqc_fastp_filtered_reads_plot_1.svg",
                "multiqc/multiqc_plots/svg/mqc_fastp_filtered_reads_plot_1_pc.svg",
                "multiqc/multiqc_plots/svg/mqc_fastqc_adapter_content_plot_1.svg",
                "multiqc/multiqc_plots/svg/mqc_fastqc_per_base_n_content_plot-2_1.svg",
                "multiqc/multiqc_plots/svg/mqc_fastqc_per_base_n_content_plot_1.svg",
                "multiqc/multiqc_plots/svg/mqc_fastqc_per_base_sequence_quality_plot-2_1.svg",
                "multiqc/multiqc_plots/svg/mqc_fastqc_per_base_sequence_quality_plot_1.svg",
                "multiqc/multiqc_plots/svg/mqc_fastqc_per_sequence_gc_content_plot-2_Counts.svg",
                "multiqc/multiqc_plots/svg/mqc_fastqc_per_sequence_gc_content_plot-2_Percentages.svg",
                "multiqc/multiqc_plots/svg/mqc_fastqc_per_sequence_gc_content_plot_Counts.svg",
                "multiqc/multiqc_plots/svg/mqc_fastqc_per_sequence_gc_content_plot_Percentages.svg",
                "multiqc/multiqc_plots/svg/mqc_fastqc_per_sequence_quality_scores_plot-2_1.svg",
                "multiqc/multiqc_plots/svg/mqc_fastqc_per_sequence_quality_scores_plot_1.svg",
                "multiqc/multiqc_plots/svg/mqc_fastqc_sequence_counts_plot-2_1.svg",
                "multiqc/multiqc_plots/svg/mqc_fastqc_sequence_counts_plot-2_1_pc.svg",
                "multiqc/multiqc_plots/svg/mqc_fastqc_sequence_counts_plot_1.svg",
                "multiqc/multiqc_plots/svg/mqc_fastqc_sequence_counts_plot_1_pc.svg",
                "multiqc/multiqc_plots/svg/mqc_fastqc_sequence_duplication_levels_plot-2_1.svg",
                "multiqc/multiqc_plots/svg/mqc_fastqc_sequence_duplication_levels_plot_1.svg",
                "multiqc/multiqc_plots/svg/mqc_fastqc_sequence_length_distribution_plot_1.svg",
                "multiqc/multiqc_plots/svg/mqc_prokka_plot_1.svg",
                "multiqc/multiqc_plots/svg/mqc_prokka_plot_1_pc.svg",
                "multiqc/multiqc_plots/svg/mqc_quast_num_contigs_1.svg",
                "multiqc/multiqc_plots/svg/mqc_quast_num_contigs_1_pc.svg",
                "multiqc/multiqc_report.html",
                "pipeline_info",
                "pipeline_info/nf_core_bacass_software_mqc_versions.yml",
                "trimming",
                "trimming/shortreads",
                "trimming/shortreads/json_html",
                "trimming/shortreads/json_html/ERR044595.fastp.html",
                "trimming/shortreads/json_html/ERR044595.fastp.json",
                "trimming/shortreads/json_html/ERR064912.fastp.html",
                "trimming/shortreads/json_html/ERR064912.fastp.json",
                "trimming/shortreads/log",
                "trimming/shortreads/log/ERR044595.fastp.log",
                "trimming/shortreads/log/ERR064912.fastp.log"
            ],
            [
                "ERR044595.faa:md5,a2b12e3a32731f2f3480341a58f729b2",
                "ERR044595.ffn:md5,f97bb7af9292268f1002804e37daee02",
                "ERR044595.fna:md5,1f71b03a60830a7f0fb9bac89c0076f0",
                "ERR044595.fsa:md5,4295493558344f3115b7f2f0fd925142",
                "ERR044595.gff:md5,1247f301c0ca996c96c6a4b908105d06",
                "ERR044595.tbl:md5,1547575de8ecbdb0a8a8475507a3d948",
                "ERR044595.tsv:md5,0bc2ddba28214d15015b587e2ca2ca76",
                "ERR044595.txt:md5,938cbf90f6f42b97359af02ba57a435a",
                "ERR064912.faa:md5,ad90a51f3c2e923c1e97283cb0611911",
                "ERR064912.ffn:md5,ff8266f5841588c9cc6e23bb6a152b61",
                "ERR064912.fna:md5,c537dece23f9d04122f343857d28a610",
                "ERR064912.fsa:md5,63d00f92372a99f8ed8a683296bd1aae",
                "ERR064912.gff:md5,3577b17be12e35d3def290bc7c6d7567",
                "ERR064912.tbl:md5,14bf0e23fe460fe5442dc2573aa3235f",
                "ERR064912.tsv:md5,dbe280cbd3eb39ffa38aae76962ffe0e",
                "ERR064912.txt:md5,b11d4f0e519879fe6c1e73405369fcbb",
                "ERR044595.assembly.gfa.gz:md5,91e0535ae5de4613ef56eb5360bafabe",
                "ERR044595.scaffolds.fa.gz:md5,347f2de2f160832fb7a63fe9e7730e66",
                "ERR064912.assembly.gfa.gz:md5,d3ad512273883e85aab9ae52e07eb0b8",
                "ERR064912.scaffolds.fa.gz:md5,067f5be263d706a08b8d578e89d724d8",
                "mqc_busco_plot_bacteria_odb10_1.yaml:md5,2e1c897d672181a4ee893911dc23b679",
                "mqc_fastp-insert-size-plot_1.yaml:md5,1da35415f0542ec3d3f6d6d7d250ae32",
                "mqc_fastp-seq-content-gc-plot_Read_1_After_filtering.yaml:md5,23ace34b503b638ef667647f7de2020a",
                "mqc_fastp-seq-content-gc-plot_Read_1_Before_filtering.yaml:md5,397256e935c62fe43ff1fbdc6c99a3d9",
                "mqc_fastp-seq-content-gc-plot_Read_2_After_filtering.yaml:md5,f1f18181a140f5d9d37f185911dedc8b",
                "mqc_fastp-seq-content-gc-plot_Read_2_Before_filtering.yaml:md5,23c70c1a95fc624ca603fb28b0f75a4f",
                "mqc_fastp-seq-content-n-plot_Read_1_After_filtering.yaml:md5,b27f89000f7261f72e9234c880272c1a",
                "mqc_fastp-seq-content-n-plot_Read_1_Before_filtering.yaml:md5,01571bdfddf3ec5766c6c9f8022f3fa3",
                "mqc_fastp-seq-content-n-plot_Read_2_After_filtering.yaml:md5,522d80631fd226fad5ace0206a4d8099",
                "mqc_fastp-seq-content-n-plot_Read_2_Before_filtering.yaml:md5,1d38f6e67fe0bc1f828902f3fd8c9125",
                "mqc_fastp-seq-quality-plot_Read_1_After_filtering.yaml:md5,dadd6e6222ebe8397149f6b67e816301",
                "mqc_fastp-seq-quality-plot_Read_1_Before_filtering.yaml:md5,7f49b187a76f05d6e9cd29d65dec94aa",
                "mqc_fastp-seq-quality-plot_Read_2_After_filtering.yaml:md5,898f09e352c1221528b7dc8a49442266",
                "mqc_fastp-seq-quality-plot_Read_2_Before_filtering.yaml:md5,d06187e7aaf132da0c10debef76590d9",
                "mqc_fastp_filtered_reads_plot_1.yaml:md5,dca5af217991a009f0c9d2ea7a2546bd",
                "mqc_fastqc_adapter_content_plot_1.yaml:md5,31c8df6ffe8db39875d10b8ddd4d9c81",
                "mqc_fastqc_per_base_n_content_plot-2_1.yaml:md5,c048133b5d76ed4d05acbe86ab6d8e82",
                "mqc_fastqc_per_base_n_content_plot_1.yaml:md5,6bca7a78df02a120de35219e49d382f3",
                "mqc_fastqc_per_base_sequence_quality_plot-2_1.yaml:md5,b6f887ce1660ae0db3bdf0ba642a39ee",
                "mqc_fastqc_per_base_sequence_quality_plot_1.yaml:md5,93039aed0e956101dc0ac08a4f82de25",
                "mqc_fastqc_per_sequence_gc_content_plot-2_Counts.yaml:md5,8ec882fee1f31515da0bbb5b6fbbd12f",
                "mqc_fastqc_per_sequence_gc_content_plot-2_Percentages.yaml:md5,1198d077f2b00a703af31ed98d0a6d5d",
                "mqc_fastqc_per_sequence_gc_content_plot_Counts.yaml:md5,1e52b806ab5fc0553a5d5d7a61922e32",
                "mqc_fastqc_per_sequence_gc_content_plot_Percentages.yaml:md5,c4c08d3134279276162daa8cec498bef",
                "mqc_fastqc_per_sequence_quality_scores_plot-2_1.yaml:md5,81df630cf076000411ce0af0ea71bce3",
                "mqc_fastqc_per_sequence_quality_scores_plot_1.yaml:md5,c604d7aaa11845e232586d29be3772a4",
                "mqc_fastqc_sequence_counts_plot-2_1.yaml:md5,f69df4f923113001939565b46593ffc7",
                "mqc_fastqc_sequence_counts_plot_1.yaml:md5,b4cbe3a0cd4b309fb03d944617bd9816",
                "mqc_fastqc_sequence_duplication_levels_plot-2_1.yaml:md5,976809542688e7298f3aad6a179eab48",
                "mqc_fastqc_sequence_duplication_levels_plot_1.yaml:md5,0d7cae663635dc332ea80514ffc7d3d2",
                "mqc_fastqc_sequence_length_distribution_plot_1.yaml:md5,f10ae65942541fa331f9e3f840da2478",
                "multiqc_busco.yaml:md5,929d2dcdb46aaba007a75fd3a58ab6dd",
                "multiqc_citations.yaml:md5,0842be95dd6c2081198f682f370c7f0a",
                "multiqc_fastp.yaml:md5,76a57b9c81dd4125a92ad036ae9daf49",
                "multiqc_fastqc.yaml:md5,4c4e1b713139eef4b82e3aa9e6dbaca2",
                "multiqc_fastqc_1.yaml:md5,1136cc6159989b6675b324746d67c3f1",
                "ERR044595.fastp.json:md5,75fdd7a9ef72dfd289e5dc18618949b7",
                "ERR064912.fastp.json:md5,b79afd61a88a0637d49b78537c2938e8"
            ]
        ],
        "meta": {
            "nf-test": "0.9.2",
            "nextflow": "25.04.4"
        },
        "timestamp": "2025-07-15T10:45:40.312244821"
    }
}