{
    "-profile test": {
        "content": [
            17,
            {
                "BUSCO_BUSCO": {
                    "busco": "5.8.3"
                },
                "CAT_FASTQ_SHORT": {
                    "cat": 9.5
                },
                "FASTP": {
                    "fastp": "1.0.1"
                },
                "FASTQC_RAW": {
                    "fastqc": "0.12.1"
                },
                "FASTQC_TRIM": {
                    "fastqc": "0.12.1"
                },
                "GUNZIP": {
                    "gunzip": 1.13
                },
                "PROKKA": {
                    "prokka": "1.14.6"
                },
                "QUAST": {
                    "quast": "5.3.0"
                },
                "UNICYCLER": {
                    "unicycler": "0.5.1"
                },
                "Workflow": {
                    "nf-core/bacass": "v2.7.0dev"
                }
            },
            [
                "annotation",
                "annotation/prokka",
                "annotation/prokka/ERR044595-unicycler",
                "annotation/prokka/ERR044595-unicycler/ERR044595-unicycler.err",
                "annotation/prokka/ERR044595-unicycler/ERR044595-unicycler.faa",
                "annotation/prokka/ERR044595-unicycler/ERR044595-unicycler.ffn",
                "annotation/prokka/ERR044595-unicycler/ERR044595-unicycler.fna",
                "annotation/prokka/ERR044595-unicycler/ERR044595-unicycler.fsa",
                "annotation/prokka/ERR044595-unicycler/ERR044595-unicycler.gbk",
                "annotation/prokka/ERR044595-unicycler/ERR044595-unicycler.gff",
                "annotation/prokka/ERR044595-unicycler/ERR044595-unicycler.log",
                "annotation/prokka/ERR044595-unicycler/ERR044595-unicycler.sqn",
                "annotation/prokka/ERR044595-unicycler/ERR044595-unicycler.tbl",
                "annotation/prokka/ERR044595-unicycler/ERR044595-unicycler.tsv",
                "annotation/prokka/ERR044595-unicycler/ERR044595-unicycler.txt",
                "annotation/prokka/ERR064912-unicycler",
                "annotation/prokka/ERR064912-unicycler/ERR064912-unicycler.err",
                "annotation/prokka/ERR064912-unicycler/ERR064912-unicycler.faa",
                "annotation/prokka/ERR064912-unicycler/ERR064912-unicycler.ffn",
                "annotation/prokka/ERR064912-unicycler/ERR064912-unicycler.fna",
                "annotation/prokka/ERR064912-unicycler/ERR064912-unicycler.fsa",
                "annotation/prokka/ERR064912-unicycler/ERR064912-unicycler.gbk",
                "annotation/prokka/ERR064912-unicycler/ERR064912-unicycler.gff",
                "annotation/prokka/ERR064912-unicycler/ERR064912-unicycler.log",
                "annotation/prokka/ERR064912-unicycler/ERR064912-unicycler.sqn",
                "annotation/prokka/ERR064912-unicycler/ERR064912-unicycler.tbl",
                "annotation/prokka/ERR064912-unicycler/ERR064912-unicycler.tsv",
                "annotation/prokka/ERR064912-unicycler/ERR064912-unicycler.txt",
                "assembly",
                "assembly/unicycler",
                "assembly/unicycler/ERR044595-unicycler.assembly.gfa.gz",
                "assembly/unicycler/ERR044595-unicycler.scaffolds.fa.gz",
                "assembly/unicycler/ERR044595-unicycler.unicycler.log",
                "assembly/unicycler/ERR064912-unicycler.assembly.gfa.gz",
                "assembly/unicycler/ERR064912-unicycler.scaffolds.fa.gz",
                "assembly/unicycler/ERR064912-unicycler.unicycler.log",
                "assembly_qc",
                "assembly_qc/busco",
                "assembly_qc/busco/ERR044595-unicycler-bacteria_odb10-busco.batch_summary.txt",
                "assembly_qc/busco/ERR044595-unicycler-bacteria_odb10-busco.log",
                "assembly_qc/busco/ERR064912-unicycler-bacteria_odb10-busco.batch_summary.txt",
                "assembly_qc/busco/ERR064912-unicycler-bacteria_odb10-busco.log",
                "assembly_qc/busco/short_summary.specific.bacteria_odb10.ERR044595-unicycler.scaffolds.fa.json",
                "assembly_qc/busco/short_summary.specific.bacteria_odb10.ERR044595-unicycler.scaffolds.fa.txt",
                "assembly_qc/busco/short_summary.specific.bacteria_odb10.ERR064912-unicycler.scaffolds.fa.json",
                "assembly_qc/busco/short_summary.specific.bacteria_odb10.ERR064912-unicycler.scaffolds.fa.txt",
                "assembly_qc/quast",
                "assembly_qc/quast/overall",
                "assembly_qc/quast/overall/report",
                "assembly_qc/quast/overall/report/basic_stats",
                "assembly_qc/quast/overall/report/basic_stats/ERR044595-unicycler.scaffolds_GC_content_plot.pdf",
                "assembly_qc/quast/overall/report/basic_stats/ERR064912-unicycler.scaffolds_GC_content_plot.pdf",
                "assembly_qc/quast/overall/report/basic_stats/GC_content_plot.pdf",
                "assembly_qc/quast/overall/report/basic_stats/Nx_plot.pdf",
                "assembly_qc/quast/overall/report/basic_stats/cumulative_plot.pdf",
                "assembly_qc/quast/overall/report/icarus.html",
                "assembly_qc/quast/overall/report/icarus_viewers",
                "assembly_qc/quast/overall/report/icarus_viewers/contig_size_viewer.html",
                "assembly_qc/quast/overall/report/quast.log",
                "assembly_qc/quast/overall/report/report.html",
                "assembly_qc/quast/overall/report/report.pdf",
                "assembly_qc/quast/overall/report/report.tex",
                "assembly_qc/quast/overall/report/report.tsv",
                "assembly_qc/quast/overall/report/report.txt",
                "assembly_qc/quast/overall/report/transposed_report.tex",
                "assembly_qc/quast/overall/report/transposed_report.tsv",
                "assembly_qc/quast/overall/report/transposed_report.txt",
                "multiqc",
                "multiqc/multiqc_data",
                "multiqc/multiqc_data/mqc_busco_plot_bacteria_odb10_1.yaml",
                "multiqc/multiqc_data/mqc_fastp-insert-size-plot_1.yaml",
                "multiqc/multiqc_data/mqc_fastp-seq-content-gc-plot_Read_1_After_filtering.yaml",
                "multiqc/multiqc_data/mqc_fastp-seq-content-gc-plot_Read_1_Before_filtering.yaml",
                "multiqc/multiqc_data/mqc_fastp-seq-content-gc-plot_Read_2_After_filtering.yaml",
                "multiqc/multiqc_data/mqc_fastp-seq-content-gc-plot_Read_2_Before_filtering.yaml",
                "multiqc/multiqc_data/mqc_fastp-seq-content-n-plot_Read_1_After_filtering.yaml",
                "multiqc/multiqc_data/mqc_fastp-seq-content-n-plot_Read_1_Before_filtering.yaml",
                "multiqc/multiqc_data/mqc_fastp-seq-content-n-plot_Read_2_After_filtering.yaml",
                "multiqc/multiqc_data/mqc_fastp-seq-content-n-plot_Read_2_Before_filtering.yaml",
                "multiqc/multiqc_data/mqc_fastp-seq-quality-plot_Read_1_After_filtering.yaml",
                "multiqc/multiqc_data/mqc_fastp-seq-quality-plot_Read_1_Before_filtering.yaml",
                "multiqc/multiqc_data/mqc_fastp-seq-quality-plot_Read_2_After_filtering.yaml",
                "multiqc/multiqc_data/mqc_fastp-seq-quality-plot_Read_2_Before_filtering.yaml",
                "multiqc/multiqc_data/mqc_fastp_filtered_reads_plot_1.yaml",
                "multiqc/multiqc_data/mqc_fastqc_adapter_content_plot_1.yaml",
                "multiqc/multiqc_data/mqc_fastqc_per_base_n_content_plot-2_1.yaml",
                "multiqc/multiqc_data/mqc_fastqc_per_base_n_content_plot_1.yaml",
                "multiqc/multiqc_data/mqc_fastqc_per_base_sequence_quality_plot-2_1.yaml",
                "multiqc/multiqc_data/mqc_fastqc_per_base_sequence_quality_plot_1.yaml",
                "multiqc/multiqc_data/mqc_fastqc_per_sequence_gc_content_plot-2_Counts.yaml",
                "multiqc/multiqc_data/mqc_fastqc_per_sequence_gc_content_plot-2_Percentages.yaml",
                "multiqc/multiqc_data/mqc_fastqc_per_sequence_gc_content_plot_Counts.yaml",
                "multiqc/multiqc_data/mqc_fastqc_per_sequence_gc_content_plot_Percentages.yaml",
                "multiqc/multiqc_data/mqc_fastqc_per_sequence_quality_scores_plot-2_1.yaml",
                "multiqc/multiqc_data/mqc_fastqc_per_sequence_quality_scores_plot_1.yaml",
                "multiqc/multiqc_data/mqc_fastqc_sequence_counts_plot-2_1.yaml",
                "multiqc/multiqc_data/mqc_fastqc_sequence_counts_plot_1.yaml",
                "multiqc/multiqc_data/mqc_fastqc_sequence_duplication_levels_plot-2_1.yaml",
                "multiqc/multiqc_data/mqc_fastqc_sequence_duplication_levels_plot_1.yaml",
                "multiqc/multiqc_data/mqc_fastqc_sequence_length_distribution_plot_1.yaml",
                "multiqc/multiqc_data/mqc_prokka_plot_1.yaml",
                "multiqc/multiqc_data/mqc_quast_num_contigs_1.yaml",
                "multiqc/multiqc_data/multiqc.log",
                "multiqc/multiqc_data/multiqc_busco.yaml",
                "multiqc/multiqc_data/multiqc_citations.yaml",
                "multiqc/multiqc_data/multiqc_data.json",
                "multiqc/multiqc_data/multiqc_fastp.yaml",
                "multiqc/multiqc_data/multiqc_fastqc.yaml",
                "multiqc/multiqc_data/multiqc_fastqc_1.yaml",
                "multiqc/multiqc_data/multiqc_general_stats.yaml",
                "multiqc/multiqc_data/multiqc_prokka.yaml",
                "multiqc/multiqc_data/multiqc_quast.yaml",
                "multiqc/multiqc_data/multiqc_software_versions.yaml",
                "multiqc/multiqc_data/multiqc_sources.yaml",
                "multiqc/multiqc_plots",
                "multiqc/multiqc_plots/pdf",
                "multiqc/multiqc_plots/pdf/mqc_busco_plot_bacteria_odb10_1.pdf",
                "multiqc/multiqc_plots/pdf/mqc_busco_plot_bacteria_odb10_1_pc.pdf",
                "multiqc/multiqc_plots/pdf/mqc_fastp-insert-size-plot_1.pdf",
                "multiqc/multiqc_plots/pdf/mqc_fastp-seq-content-gc-plot_Read_1_After_filtering.pdf",
                "multiqc/multiqc_plots/pdf/mqc_fastp-seq-content-gc-plot_Read_1_Before_filtering.pdf",
                "multiqc/multiqc_plots/pdf/mqc_fastp-seq-content-gc-plot_Read_2_After_filtering.pdf",
                "multiqc/multiqc_plots/pdf/mqc_fastp-seq-content-gc-plot_Read_2_Before_filtering.pdf",
                "multiqc/multiqc_plots/pdf/mqc_fastp-seq-content-n-plot_Read_1_After_filtering.pdf",
                "multiqc/multiqc_plots/pdf/mqc_fastp-seq-content-n-plot_Read_1_Before_filtering.pdf",
                "multiqc/multiqc_plots/pdf/mqc_fastp-seq-content-n-plot_Read_2_After_filtering.pdf",
                "multiqc/multiqc_plots/pdf/mqc_fastp-seq-content-n-plot_Read_2_Before_filtering.pdf",
                "multiqc/multiqc_plots/pdf/mqc_fastp-seq-quality-plot_Read_1_After_filtering.pdf",
                "multiqc/multiqc_plots/pdf/mqc_fastp-seq-quality-plot_Read_1_Before_filtering.pdf",
                "multiqc/multiqc_plots/pdf/mqc_fastp-seq-quality-plot_Read_2_After_filtering.pdf",
                "multiqc/multiqc_plots/pdf/mqc_fastp-seq-quality-plot_Read_2_Before_filtering.pdf",
                "multiqc/multiqc_plots/pdf/mqc_fastp_filtered_reads_plot_1.pdf",
                "multiqc/multiqc_plots/pdf/mqc_fastp_filtered_reads_plot_1_pc.pdf",
                "multiqc/multiqc_plots/pdf/mqc_fastqc_adapter_content_plot_1.pdf",
                "multiqc/multiqc_plots/pdf/mqc_fastqc_per_base_n_content_plot-2_1.pdf",
                "multiqc/multiqc_plots/pdf/mqc_fastqc_per_base_n_content_plot_1.pdf",
                "multiqc/multiqc_plots/pdf/mqc_fastqc_per_base_sequence_quality_plot-2_1.pdf",
                "multiqc/multiqc_plots/pdf/mqc_fastqc_per_base_sequence_quality_plot_1.pdf",
                "multiqc/multiqc_plots/pdf/mqc_fastqc_per_sequence_gc_content_plot-2_Counts.pdf",
                "multiqc/multiqc_plots/pdf/mqc_fastqc_per_sequence_gc_content_plot-2_Percentages.pdf",
                "multiqc/multiqc_plots/pdf/mqc_fastqc_per_sequence_gc_content_plot_Counts.pdf",
                "multiqc/multiqc_plots/pdf/mqc_fastqc_per_sequence_gc_content_plot_Percentages.pdf",
                "multiqc/multiqc_plots/pdf/mqc_fastqc_per_sequence_quality_scores_plot-2_1.pdf",
                "multiqc/multiqc_plots/pdf/mqc_fastqc_per_sequence_quality_scores_plot_1.pdf",
                "multiqc/multiqc_plots/pdf/mqc_fastqc_sequence_counts_plot-2_1.pdf",
                "multiqc/multiqc_plots/pdf/mqc_fastqc_sequence_counts_plot-2_1_pc.pdf",
                "multiqc/multiqc_plots/pdf/mqc_fastqc_sequence_counts_plot_1.pdf",
                "multiqc/multiqc_plots/pdf/mqc_fastqc_sequence_counts_plot_1_pc.pdf",
                "multiqc/multiqc_plots/pdf/mqc_fastqc_sequence_duplication_levels_plot-2_1.pdf",
                "multiqc/multiqc_plots/pdf/mqc_fastqc_sequence_duplication_levels_plot_1.pdf",
                "multiqc/multiqc_plots/pdf/mqc_fastqc_sequence_length_distribution_plot_1.pdf",
                "multiqc/multiqc_plots/pdf/mqc_prokka_plot_1.pdf",
                "multiqc/multiqc_plots/pdf/mqc_prokka_plot_1_pc.pdf",
                "multiqc/multiqc_plots/pdf/mqc_quast_num_contigs_1.pdf",
                "multiqc/multiqc_plots/pdf/mqc_quast_num_contigs_1_pc.pdf",
                "multiqc/multiqc_plots/png",
                "multiqc/multiqc_plots/png/mqc_busco_plot_bacteria_odb10_1.png",
                "multiqc/multiqc_plots/png/mqc_busco_plot_bacteria_odb10_1_pc.png",
                "multiqc/multiqc_plots/png/mqc_fastp-insert-size-plot_1.png",
                "multiqc/multiqc_plots/png/mqc_fastp-seq-content-gc-plot_Read_1_After_filtering.png",
                "multiqc/multiqc_plots/png/mqc_fastp-seq-content-gc-plot_Read_1_Before_filtering.png",
                "multiqc/multiqc_plots/png/mqc_fastp-seq-content-gc-plot_Read_2_After_filtering.png",
                "multiqc/multiqc_plots/png/mqc_fastp-seq-content-gc-plot_Read_2_Before_filtering.png",
                "multiqc/multiqc_plots/png/mqc_fastp-seq-content-n-plot_Read_1_After_filtering.png",
                "multiqc/multiqc_plots/png/mqc_fastp-seq-content-n-plot_Read_1_Before_filtering.png",
                "multiqc/multiqc_plots/png/mqc_fastp-seq-content-n-plot_Read_2_After_filtering.png",
                "multiqc/multiqc_plots/png/mqc_fastp-seq-content-n-plot_Read_2_Before_filtering.png",
                "multiqc/multiqc_plots/png/mqc_fastp-seq-quality-plot_Read_1_After_filtering.png",
                "multiqc/multiqc_plots/png/mqc_fastp-seq-quality-plot_Read_1_Before_filtering.png",
                "multiqc/multiqc_plots/png/mqc_fastp-seq-quality-plot_Read_2_After_filtering.png",
                "multiqc/multiqc_plots/png/mqc_fastp-seq-quality-plot_Read_2_Before_filtering.png",
                "multiqc/multiqc_plots/png/mqc_fastp_filtered_reads_plot_1.png",
                "multiqc/multiqc_plots/png/mqc_fastp_filtered_reads_plot_1_pc.png",
                "multiqc/multiqc_plots/png/mqc_fastqc_adapter_content_plot_1.png",
                "multiqc/multiqc_plots/png/mqc_fastqc_per_base_n_content_plot-2_1.png",
                "multiqc/multiqc_plots/png/mqc_fastqc_per_base_n_content_plot_1.png",
                "multiqc/multiqc_plots/png/mqc_fastqc_per_base_sequence_quality_plot-2_1.png",
                "multiqc/multiqc_plots/png/mqc_fastqc_per_base_sequence_quality_plot_1.png",
                "multiqc/multiqc_plots/png/mqc_fastqc_per_sequence_gc_content_plot-2_Counts.png",
                "multiqc/multiqc_plots/png/mqc_fastqc_per_sequence_gc_content_plot-2_Percentages.png",
                "multiqc/multiqc_plots/png/mqc_fastqc_per_sequence_gc_content_plot_Counts.png",
                "multiqc/multiqc_plots/png/mqc_fastqc_per_sequence_gc_content_plot_Percentages.png",
                "multiqc/multiqc_plots/png/mqc_fastqc_per_sequence_quality_scores_plot-2_1.png",
                "multiqc/multiqc_plots/png/mqc_fastqc_per_sequence_quality_scores_plot_1.png",
                "multiqc/multiqc_plots/png/mqc_fastqc_sequence_counts_plot-2_1.png",
                "multiqc/multiqc_plots/png/mqc_fastqc_sequence_counts_plot-2_1_pc.png",
                "multiqc/multiqc_plots/png/mqc_fastqc_sequence_counts_plot_1.png",
                "multiqc/multiqc_plots/png/mqc_fastqc_sequence_counts_plot_1_pc.png",
                "multiqc/multiqc_plots/png/mqc_fastqc_sequence_duplication_levels_plot-2_1.png",
                "multiqc/multiqc_plots/png/mqc_fastqc_sequence_duplication_levels_plot_1.png",
                "multiqc/multiqc_plots/png/mqc_fastqc_sequence_length_distribution_plot_1.png",
                "multiqc/multiqc_plots/png/mqc_prokka_plot_1.png",
                "multiqc/multiqc_plots/png/mqc_prokka_plot_1_pc.png",
                "multiqc/multiqc_plots/png/mqc_quast_num_contigs_1.png",
                "multiqc/multiqc_plots/png/mqc_quast_num_contigs_1_pc.png",
                "multiqc/multiqc_plots/svg",
                "multiqc/multiqc_plots/svg/mqc_busco_plot_bacteria_odb10_1.svg",
                "multiqc/multiqc_plots/svg/mqc_busco_plot_bacteria_odb10_1_pc.svg",
                "multiqc/multiqc_plots/svg/mqc_fastp-insert-size-plot_1.svg",
                "multiqc/multiqc_plots/svg/mqc_fastp-seq-content-gc-plot_Read_1_After_filtering.svg",
                "multiqc/multiqc_plots/svg/mqc_fastp-seq-content-gc-plot_Read_1_Before_filtering.svg",
                "multiqc/multiqc_plots/svg/mqc_fastp-seq-content-gc-plot_Read_2_After_filtering.svg",
                "multiqc/multiqc_plots/svg/mqc_fastp-seq-content-gc-plot_Read_2_Before_filtering.svg",
                "multiqc/multiqc_plots/svg/mqc_fastp-seq-content-n-plot_Read_1_After_filtering.svg",
                "multiqc/multiqc_plots/svg/mqc_fastp-seq-content-n-plot_Read_1_Before_filtering.svg",
                "multiqc/multiqc_plots/svg/mqc_fastp-seq-content-n-plot_Read_2_After_filtering.svg",
                "multiqc/multiqc_plots/svg/mqc_fastp-seq-content-n-plot_Read_2_Before_filtering.svg",
                "multiqc/multiqc_plots/svg/mqc_fastp-seq-quality-plot_Read_1_After_filtering.svg",
                "multiqc/multiqc_plots/svg/mqc_fastp-seq-quality-plot_Read_1_Before_filtering.svg",
                "multiqc/multiqc_plots/svg/mqc_fastp-seq-quality-plot_Read_2_After_filtering.svg",
                "multiqc/multiqc_plots/svg/mqc_fastp-seq-quality-plot_Read_2_Before_filtering.svg",
                "multiqc/multiqc_plots/svg/mqc_fastp_filtered_reads_plot_1.svg",
                "multiqc/multiqc_plots/svg/mqc_fastp_filtered_reads_plot_1_pc.svg",
                "multiqc/multiqc_plots/svg/mqc_fastqc_adapter_content_plot_1.svg",
                "multiqc/multiqc_plots/svg/mqc_fastqc_per_base_n_content_plot-2_1.svg",
                "multiqc/multiqc_plots/svg/mqc_fastqc_per_base_n_content_plot_1.svg",
                "multiqc/multiqc_plots/svg/mqc_fastqc_per_base_sequence_quality_plot-2_1.svg",
                "multiqc/multiqc_plots/svg/mqc_fastqc_per_base_sequence_quality_plot_1.svg",
                "multiqc/multiqc_plots/svg/mqc_fastqc_per_sequence_gc_content_plot-2_Counts.svg",
                "multiqc/multiqc_plots/svg/mqc_fastqc_per_sequence_gc_content_plot-2_Percentages.svg",
                "multiqc/multiqc_plots/svg/mqc_fastqc_per_sequence_gc_content_plot_Counts.svg",
                "multiqc/multiqc_plots/svg/mqc_fastqc_per_sequence_gc_content_plot_Percentages.svg",
                "multiqc/multiqc_plots/svg/mqc_fastqc_per_sequence_quality_scores_plot-2_1.svg",
                "multiqc/multiqc_plots/svg/mqc_fastqc_per_sequence_quality_scores_plot_1.svg",
                "multiqc/multiqc_plots/svg/mqc_fastqc_sequence_counts_plot-2_1.svg",
                "multiqc/multiqc_plots/svg/mqc_fastqc_sequence_counts_plot-2_1_pc.svg",
                "multiqc/multiqc_plots/svg/mqc_fastqc_sequence_counts_plot_1.svg",
                "multiqc/multiqc_plots/svg/mqc_fastqc_sequence_counts_plot_1_pc.svg",
                "multiqc/multiqc_plots/svg/mqc_fastqc_sequence_duplication_levels_plot-2_1.svg",
                "multiqc/multiqc_plots/svg/mqc_fastqc_sequence_duplication_levels_plot_1.svg",
                "multiqc/multiqc_plots/svg/mqc_fastqc_sequence_length_distribution_plot_1.svg",
                "multiqc/multiqc_plots/svg/mqc_prokka_plot_1.svg",
                "multiqc/multiqc_plots/svg/mqc_prokka_plot_1_pc.svg",
                "multiqc/multiqc_plots/svg/mqc_quast_num_contigs_1.svg",
                "multiqc/multiqc_plots/svg/mqc_quast_num_contigs_1_pc.svg",
                "multiqc/multiqc_report.html",
                "pipeline_info",
                "pipeline_info/nf_core_bacass_software_mqc_versions.yml",
                "reads_qc",
                "reads_qc/shortreads",
                "reads_qc/shortreads/fastp",
                "reads_qc/shortreads/fastp/logs",
                "reads_qc/shortreads/fastp/logs/ERR044595.fastp.log",
                "reads_qc/shortreads/fastp/logs/ERR064912.fastp.log",
                "reads_qc/shortreads/fastp/reports",
                "reads_qc/shortreads/fastp/reports/ERR044595.fastp.html",
                "reads_qc/shortreads/fastp/reports/ERR044595.fastp.json",
                "reads_qc/shortreads/fastp/reports/ERR064912.fastp.html",
                "reads_qc/shortreads/fastp/reports/ERR064912.fastp.json",
                "reads_qc/shortreads/fastqc",
                "reads_qc/shortreads/fastqc/raw",
                "reads_qc/shortreads/fastqc/raw/ERR044595_1_fastqc.html",
                "reads_qc/shortreads/fastqc/raw/ERR044595_1_fastqc.zip",
                "reads_qc/shortreads/fastqc/raw/ERR044595_2_fastqc.html",
                "reads_qc/shortreads/fastqc/raw/ERR044595_2_fastqc.zip",
                "reads_qc/shortreads/fastqc/raw/ERR064912_1_fastqc.html",
                "reads_qc/shortreads/fastqc/raw/ERR064912_1_fastqc.zip",
                "reads_qc/shortreads/fastqc/raw/ERR064912_2_fastqc.html",
                "reads_qc/shortreads/fastqc/raw/ERR064912_2_fastqc.zip",
                "reads_qc/shortreads/fastqc/trimmed",
                "reads_qc/shortreads/fastqc/trimmed/ERR044595_1_fastqc.html",
                "reads_qc/shortreads/fastqc/trimmed/ERR044595_2_fastqc.html",
                "reads_qc/shortreads/fastqc/trimmed/ERR064912_1_fastqc.html",
                "reads_qc/shortreads/fastqc/trimmed/ERR064912_2_fastqc.html"
            ],
            [
                "ERR044595-unicycler.err:md5,4803a757f90aae36e86b89fedd80d5fa",
                "ERR044595-unicycler.faa:md5,8e1f1a6584527f0f1ee8874d618f6ffd",
                "ERR044595-unicycler.ffn:md5,5c9b517e9d3b79719392a9189140a933",
                "ERR044595-unicycler.fna:md5,3658ed98cda8d9c3f44611c23eafc103",
                "ERR044595-unicycler.fsa:md5,62548c6ed48ad8604498cdea704cd459",
                "ERR044595-unicycler.gbk:md5,6e0a6e7aff4476423c7f6b017a423d16",
                "ERR044595-unicycler.gff:md5,407c25e2164f75a8805c9a978318732a",
                "ERR044595-unicycler.log:md5,285756712627b3af851ff16325ddb565",
                "ERR044595-unicycler.sqn:md5,c28be7bf2e96c67c7b437ee9ec7fd564",
                "ERR044595-unicycler.tbl:md5,b669858d3ae0e4be849cb5fc2f3cc8c8",
                "ERR044595-unicycler.tsv:md5,40a5ea432daf933f215bb13ec85bf065",
                "ERR044595-unicycler.txt:md5,a8131269f8ce5f89493dcf7988b95b96",
                "ERR064912-unicycler.err:md5,7ebc4109ea668044bd42a7bac7ff29c7",
                "ERR064912-unicycler.faa:md5,9645e30578a18ae636721d093c2f0201",
                "ERR064912-unicycler.ffn:md5,14000c165fc5042d0de19b28d83dd155",
                "ERR064912-unicycler.fna:md5,d92d528d30458f33d3102311a77bb715",
                "ERR064912-unicycler.fsa:md5,cb83ba06350fd4bc5fe91987132c9ff2",
                "ERR064912-unicycler.gbk:md5,07ebf47200ad1e16cb6c17a57708a634",
                "ERR064912-unicycler.gff:md5,b6e4d17d286525b59d5e7a4e83a399e1",
                "ERR064912-unicycler.log:md5,68ad6ce39dca5ece9c5b00dcbaee076c",
                "ERR064912-unicycler.sqn:md5,83870599c01af53b7e985518bb538e80",
                "ERR064912-unicycler.tbl:md5,b3d345fdf5ebff2b23f5a841b94b6b26",
                "ERR064912-unicycler.tsv:md5,bb72bb179d1f8c30277dcff00757b421",
                "ERR064912-unicycler.txt:md5,4860593e74a2ed3f38d33b9187288279",
                "ERR044595-unicycler.assembly.gfa.gz:md5,1390bbde5d9cfae6127d10960c6b65bc",
                "ERR044595-unicycler.scaffolds.fa.gz:md5,3c81208e9d26de4aa1b2a7fcda7e7c1f",
                "ERR044595-unicycler.unicycler.log:md5,aafcffa207dcf67df9bc9bd18bf4521b",
                "ERR064912-unicycler.assembly.gfa.gz:md5,01faaeca29910ae15e49dd355dda556a",
                "ERR064912-unicycler.scaffolds.fa.gz:md5,0965953c184cd27da1550b757d7911c7",
                "ERR064912-unicycler.unicycler.log:md5,3f1dc7bcfec67dd255b69b2a7156cc01",
                "ERR044595-unicycler-bacteria_odb10-busco.batch_summary.txt:md5,5c946f53c406597d6e8843eccf98b46f",
                "ERR044595-unicycler-bacteria_odb10-busco.log:md5,73f7ef5b6a15ade98d423c7d0d59726e",
                "ERR064912-unicycler-bacteria_odb10-busco.batch_summary.txt:md5,c5cc70b8c3098f8c0f07be65a7dbc5cb",
                "ERR064912-unicycler-bacteria_odb10-busco.log:md5,1ff0a3134a244d997db9d90a5353b4e9",
                "short_summary.specific.bacteria_odb10.ERR044595-unicycler.scaffolds.fa.json:md5,14a25fcd96d83590455fd4fea86ec30c",
                "short_summary.specific.bacteria_odb10.ERR044595-unicycler.scaffolds.fa.txt:md5,ea93ea4439a6d4886fbf74622cdddf46",
                "short_summary.specific.bacteria_odb10.ERR064912-unicycler.scaffolds.fa.json:md5,93164a17362c8ea1d61fbfdf18c2a20e",
                "short_summary.specific.bacteria_odb10.ERR064912-unicycler.scaffolds.fa.txt:md5,1686d5c496f4e26de716c1a40436f295",
                "ERR044595-unicycler.scaffolds_GC_content_plot.pdf:md5,f8a08adfbd06c5834c07fbfd852c4bc8",
                "ERR064912-unicycler.scaffolds_GC_content_plot.pdf:md5,9483606e25b49820814bff528016fa8f",
                "GC_content_plot.pdf:md5,7e60a396ae55b6ad1b7726d0464d91de",
                "Nx_plot.pdf:md5,7b5929bfbff7f482eef579142203bdd1",
                "cumulative_plot.pdf:md5,f01b7db8aac887da41e7f5cb38ea0600",
                "icarus.html:md5,3a2c1d46fd5bc867c5331e2e1c778cb6",
                "contig_size_viewer.html:md5,5b3050e046bd43c3def2a9c1ea21c8fd",
                "quast.log:md5,3d4c1a351a4a131e625380780e596125",
                "report.html:md5,b307ae3b67535e116405889d1aa1f1cf",
                "report.pdf:md5,db861c3da871a4f13892f8fed1b33377",
                "report.tex:md5,4f81383d67a341bb80264ce0f589e478",
                "report.tsv:md5,3d501a93dbdc51a7113bd15e4a65a595",
                "report.txt:md5,6897d76e31e4947a356f0a670bf050d1",
                "transposed_report.tex:md5,e74a32ea827ead20c6335895b15aef3c",
                "transposed_report.tsv:md5,ad51b5dc8acb61981231984dccbfcd1b",
                "transposed_report.txt:md5,89a18ded759b8f447efe78b4ad2101fa",
                "mqc_busco_plot_bacteria_odb10_1.yaml:md5,7146b9e6b6a1266fd6d8477ef35694c5",
                "mqc_fastp-insert-size-plot_1.yaml:md5,ae5c1aba2a5c093bac867c08f3538de1",
                "mqc_fastp-seq-content-gc-plot_Read_1_After_filtering.yaml:md5,cd86aa098d14b4ad56d2d31599ab0d8e",
                "mqc_fastp-seq-content-gc-plot_Read_1_Before_filtering.yaml:md5,397256e935c62fe43ff1fbdc6c99a3d9",
                "mqc_fastp-seq-content-gc-plot_Read_2_After_filtering.yaml:md5,6dedcc7e38b446b26951578ba690b638",
                "mqc_fastp-seq-content-gc-plot_Read_2_Before_filtering.yaml:md5,23c70c1a95fc624ca603fb28b0f75a4f",
                "mqc_fastp-seq-content-n-plot_Read_1_After_filtering.yaml:md5,925790379999942043a353f3190e7477",
                "mqc_fastp-seq-content-n-plot_Read_1_Before_filtering.yaml:md5,01571bdfddf3ec5766c6c9f8022f3fa3",
                "mqc_fastp-seq-content-n-plot_Read_2_After_filtering.yaml:md5,ec8b933c76e94e83c0b9b67b412aef84",
                "mqc_fastp-seq-content-n-plot_Read_2_Before_filtering.yaml:md5,1d38f6e67fe0bc1f828902f3fd8c9125",
                "mqc_fastp-seq-quality-plot_Read_1_After_filtering.yaml:md5,d1cea3adf0b30d010984d54d2e6c7c90",
                "mqc_fastp-seq-quality-plot_Read_1_Before_filtering.yaml:md5,7f49b187a76f05d6e9cd29d65dec94aa",
                "mqc_fastp-seq-quality-plot_Read_2_After_filtering.yaml:md5,5971e86199b34f9af4c36d53c48f6af0",
                "mqc_fastp-seq-quality-plot_Read_2_Before_filtering.yaml:md5,d06187e7aaf132da0c10debef76590d9",
                "mqc_fastp_filtered_reads_plot_1.yaml:md5,84a8fe42de245870a6cca5d611ec163e",
                "mqc_fastqc_adapter_content_plot_1.yaml:md5,31c8df6ffe8db39875d10b8ddd4d9c81",
                "mqc_fastqc_per_base_n_content_plot-2_1.yaml:md5,b60cc74c58e67d68d3905dfb83ad1712",
                "mqc_fastqc_per_base_n_content_plot_1.yaml:md5,6bca7a78df02a120de35219e49d382f3",
                "mqc_fastqc_per_base_sequence_quality_plot-2_1.yaml:md5,fce8a54128202c921660fd3f03d78714",
                "mqc_fastqc_per_base_sequence_quality_plot_1.yaml:md5,93039aed0e956101dc0ac08a4f82de25",
                "mqc_fastqc_per_sequence_gc_content_plot-2_Counts.yaml:md5,aaf5a8d91017f56063f921beffa67dc7",
                "mqc_fastqc_per_sequence_gc_content_plot-2_Percentages.yaml:md5,b2085135aad001243b7cd7289b76b8ab",
                "mqc_fastqc_per_sequence_gc_content_plot_Counts.yaml:md5,1e52b806ab5fc0553a5d5d7a61922e32",
                "mqc_fastqc_per_sequence_gc_content_plot_Percentages.yaml:md5,c4c08d3134279276162daa8cec498bef",
                "mqc_fastqc_per_sequence_quality_scores_plot-2_1.yaml:md5,f1910e945e0f44a16dd40b834ca24e4e",
                "mqc_fastqc_per_sequence_quality_scores_plot_1.yaml:md5,c604d7aaa11845e232586d29be3772a4",
                "mqc_fastqc_sequence_counts_plot-2_1.yaml:md5,4586a1fd61ff3e80f764542825007a38",
                "mqc_fastqc_sequence_counts_plot_1.yaml:md5,b4cbe3a0cd4b309fb03d944617bd9816",
                "mqc_fastqc_sequence_duplication_levels_plot-2_1.yaml:md5,79c3839e434542012bf0b53a74853c81",
                "mqc_fastqc_sequence_duplication_levels_plot_1.yaml:md5,0d7cae663635dc332ea80514ffc7d3d2",
                "mqc_fastqc_sequence_length_distribution_plot_1.yaml:md5,d16e95add43c6734c4f07dcfddd80ea4",
                "multiqc_busco.yaml:md5,8b163b7bf3862fced714140230bb3fd7",
                "multiqc_citations.yaml:md5,0842be95dd6c2081198f682f370c7f0a",
                "multiqc_fastp.yaml:md5,ef4f026525505fddac570e8065546b33",
                "multiqc_fastqc.yaml:md5,4c4e1b713139eef4b82e3aa9e6dbaca2",
                "multiqc_fastqc_1.yaml:md5,c49034e44bd4443a60839d4b2c17aa2b",
                "ERR044595.fastp.log:md5,84147f0e2f5c493dc88c97e7e7808545",
                "ERR064912.fastp.log:md5,c4172833abe0b04cd4643354afd7afc5",
                "ERR044595.fastp.html:md5,b692280d678b5bd6df6505dd7835993b",
                "ERR044595.fastp.json:md5,3ec0f7d22fa8768b25f831ef2724995b",
                "ERR064912.fastp.html:md5,fb8a97eb3fc7d508d3b0695db9096415",
                "ERR064912.fastp.json:md5,7bca416c54de357e3032d7a0469a0b94",
                "ERR044595_1_fastqc.html:md5,4a26c82c1b96a47b6939a2601b40bdd3",
                "ERR044595_1_fastqc.zip:md5,f47840785ebfcddf5ac5f30b8dc1238e",
                "ERR044595_2_fastqc.html:md5,daa424db6fb0bd1ebab843bbc8c221ae",
                "ERR044595_2_fastqc.zip:md5,6d3ce25495268195668d6ebbc99104da",
                "ERR064912_1_fastqc.html:md5,e3fe216bf9fb0cb01ffb39430bc5f1b1",
                "ERR064912_1_fastqc.zip:md5,a347079ee5ba1c06380679e6ddf14fba",
                "ERR064912_2_fastqc.html:md5,312f94f0a44a579f001bb68cdc6ad451",
                "ERR064912_2_fastqc.zip:md5,be046f40735b2f28be05ec5458e41ae1",
                "ERR044595_1_fastqc.html:md5,4d60bf4e3b77d0ae9d7dc987622c1a7a",
                "ERR044595_2_fastqc.html:md5,55a2648410b27089fa04f398fe545b44",
                "ERR064912_1_fastqc.html:md5,4d5a530a654e516ee8c3ef7b575720cf",
                "ERR064912_2_fastqc.html:md5,20aab97e99b4831eb743f8162bb26d78"
            ]
        ],
        "timestamp": "2026-07-27T10:55:27.19499988",
        "meta": {
            "nf-test": "0.9.5",
            "nextflow": "26.04.6"
        }
    }
}