{
    "-profile test_hybrid": {
        "content": [
            12,
            {
                "BUSCO_BUSCO": {
                    "busco": "5.8.3"
                },
                "FASTP": {
                    "fastp": "1.0.1"
                },
                "FASTQC_RAW": {
                    "fastqc": "0.12.1"
                },
                "FASTQC_TRIM": {
                    "fastqc": "0.12.1"
                },
                "GUNZIP": {
                    "gunzip": 1.13
                },
                "NANOPLOT": {
                    "nanoplot": "1.46.1"
                },
                "PORECHOP_PORECHOP": {
                    "porechop": "0.2.4"
                },
                "PROKKA": {
                    "prokka": "1.14.6"
                },
                "QUAST": {
                    "quast": "5.3.0"
                },
                "TOULLIGQC": {
                    "toulligqc": "2.8.4"
                },
                "UNICYCLER": {
                    "unicycler": "0.5.1"
                },
                "Workflow": {
                    "nf-core/bacass": "v2.7.0dev"
                }
            },
            [
                "annotation",
                "annotation/prokka",
                "annotation/prokka/hybrid-ERR044595-unicycler",
                "assembly",
                "assembly/unicycler",
                "assembly/unicycler/hybrid-ERR044595-unicycler.assembly.gfa.gz",
                "assembly/unicycler/hybrid-ERR044595-unicycler.scaffolds.fa.gz",
                "assembly/unicycler/hybrid-ERR044595-unicycler.unicycler.log",
                "assembly_qc",
                "assembly_qc/busco",
                "assembly_qc/busco/hybrid-ERR044595-unicycler-bacteria_odb10-busco.batch_summary.txt",
                "assembly_qc/busco/hybrid-ERR044595-unicycler-bacteria_odb10-busco.log",
                "assembly_qc/busco/short_summary.specific.bacteria_odb10.hybrid-ERR044595-unicycler.scaffolds.fa.json",
                "assembly_qc/busco/short_summary.specific.bacteria_odb10.hybrid-ERR044595-unicycler.scaffolds.fa.txt",
                "assembly_qc/quast",
                "assembly_qc/quast/overall",
                "assembly_qc/quast/overall/report",
                "assembly_qc/quast/overall/report/basic_stats",
                "assembly_qc/quast/overall/report/basic_stats/GC_content_plot.pdf",
                "assembly_qc/quast/overall/report/basic_stats/Nx_plot.pdf",
                "assembly_qc/quast/overall/report/basic_stats/cumulative_plot.pdf",
                "assembly_qc/quast/overall/report/basic_stats/hybrid-ERR044595-unicycler.scaffolds_GC_content_plot.pdf",
                "assembly_qc/quast/overall/report/icarus.html",
                "assembly_qc/quast/overall/report/icarus_viewers",
                "assembly_qc/quast/overall/report/icarus_viewers/contig_size_viewer.html",
                "assembly_qc/quast/overall/report/quast.log",
                "assembly_qc/quast/overall/report/report.html",
                "assembly_qc/quast/overall/report/report.pdf",
                "assembly_qc/quast/overall/report/report.tex",
                "assembly_qc/quast/overall/report/report.tsv",
                "assembly_qc/quast/overall/report/report.txt",
                "assembly_qc/quast/overall/report/transposed_report.tex",
                "assembly_qc/quast/overall/report/transposed_report.tsv",
                "assembly_qc/quast/overall/report/transposed_report.txt",
                "multiqc",
                "multiqc/multiqc_data",
                "multiqc/multiqc_data/mqc_busco_plot_bacteria_odb10_1.yaml",
                "multiqc/multiqc_data/mqc_fastp-insert-size-plot_1.yaml",
                "multiqc/multiqc_data/mqc_fastp-seq-content-gc-plot_Read_1_After_filtering.yaml",
                "multiqc/multiqc_data/mqc_fastp-seq-content-gc-plot_Read_1_Before_filtering.yaml",
                "multiqc/multiqc_data/mqc_fastp-seq-content-gc-plot_Read_2_After_filtering.yaml",
                "multiqc/multiqc_data/mqc_fastp-seq-content-gc-plot_Read_2_Before_filtering.yaml",
                "multiqc/multiqc_data/mqc_fastp-seq-content-n-plot_Read_1_After_filtering.yaml",
                "multiqc/multiqc_data/mqc_fastp-seq-content-n-plot_Read_1_Before_filtering.yaml",
                "multiqc/multiqc_data/mqc_fastp-seq-content-n-plot_Read_2_After_filtering.yaml",
                "multiqc/multiqc_data/mqc_fastp-seq-content-n-plot_Read_2_Before_filtering.yaml",
                "multiqc/multiqc_data/mqc_fastp-seq-quality-plot_Read_1_After_filtering.yaml",
                "multiqc/multiqc_data/mqc_fastp-seq-quality-plot_Read_1_Before_filtering.yaml",
                "multiqc/multiqc_data/mqc_fastp-seq-quality-plot_Read_2_After_filtering.yaml",
                "multiqc/multiqc_data/mqc_fastp-seq-quality-plot_Read_2_Before_filtering.yaml",
                "multiqc/multiqc_data/mqc_fastp_filtered_reads_plot_1.yaml",
                "multiqc/multiqc_data/mqc_fastqc_adapter_content_plot_1.yaml",
                "multiqc/multiqc_data/mqc_fastqc_per_base_n_content_plot-2_1.yaml",
                "multiqc/multiqc_data/mqc_fastqc_per_base_n_content_plot_1.yaml",
                "multiqc/multiqc_data/mqc_fastqc_per_base_sequence_quality_plot-2_1.yaml",
                "multiqc/multiqc_data/mqc_fastqc_per_base_sequence_quality_plot_1.yaml",
                "multiqc/multiqc_data/mqc_fastqc_per_sequence_gc_content_plot-2_Counts.yaml",
                "multiqc/multiqc_data/mqc_fastqc_per_sequence_gc_content_plot-2_Percentages.yaml",
                "multiqc/multiqc_data/mqc_fastqc_per_sequence_gc_content_plot_Counts.yaml",
                "multiqc/multiqc_data/mqc_fastqc_per_sequence_gc_content_plot_Percentages.yaml",
                "multiqc/multiqc_data/mqc_fastqc_per_sequence_quality_scores_plot-2_1.yaml",
                "multiqc/multiqc_data/mqc_fastqc_per_sequence_quality_scores_plot_1.yaml",
                "multiqc/multiqc_data/mqc_fastqc_sequence_counts_plot-2_1.yaml",
                "multiqc/multiqc_data/mqc_fastqc_sequence_counts_plot_1.yaml",
                "multiqc/multiqc_data/mqc_fastqc_sequence_duplication_levels_plot-2_1.yaml",
                "multiqc/multiqc_data/mqc_fastqc_sequence_duplication_levels_plot_1.yaml",
                "multiqc/multiqc_data/mqc_fastqc_sequence_length_distribution_plot_1.yaml",
                "multiqc/multiqc_data/mqc_porechop-endtrim-barplot_1.yaml",
                "multiqc/multiqc_data/mqc_porechop-middlesplit-barplot_1.yaml",
                "multiqc/multiqc_data/mqc_porechop-starttrim-barplot_1.yaml",
                "multiqc/multiqc_data/mqc_prokka_plot_1.yaml",
                "multiqc/multiqc_data/mqc_quast_num_contigs_1.yaml",
                "multiqc/multiqc_data/multiqc.log",
                "multiqc/multiqc_data/multiqc_assembly_comparison_metrics-plot.yaml",
                "multiqc/multiqc_data/multiqc_busco.yaml",
                "multiqc/multiqc_data/multiqc_citations.yaml",
                "multiqc/multiqc_data/multiqc_data.json",
                "multiqc/multiqc_data/multiqc_fastp.yaml",
                "multiqc/multiqc_data/multiqc_fastqc.yaml",
                "multiqc/multiqc_data/multiqc_fastqc_1.yaml",
                "multiqc/multiqc_data/multiqc_nanostat.yaml",
                "multiqc/multiqc_data/multiqc_prokka.yaml",
                "multiqc/multiqc_data/multiqc_quast.yaml",
                "multiqc/multiqc_data/multiqc_sample_summary_assembly_metrics-plot.yaml",
                "multiqc/multiqc_data/multiqc_software_versions.yaml",
                "multiqc/multiqc_data/multiqc_sources.yaml",
                "multiqc/multiqc_data/porechop.yaml",
                "multiqc/multiqc_plots",
                "multiqc/multiqc_plots/pdf",
                "multiqc/multiqc_plots/pdf/mqc_busco_plot_bacteria_odb10_1.pdf",
                "multiqc/multiqc_plots/pdf/mqc_busco_plot_bacteria_odb10_1_pc.pdf",
                "multiqc/multiqc_plots/pdf/mqc_fastp-insert-size-plot_1.pdf",
                "multiqc/multiqc_plots/pdf/mqc_fastp-seq-content-gc-plot_Read_1_After_filtering.pdf",
                "multiqc/multiqc_plots/pdf/mqc_fastp-seq-content-gc-plot_Read_1_Before_filtering.pdf",
                "multiqc/multiqc_plots/pdf/mqc_fastp-seq-content-gc-plot_Read_2_After_filtering.pdf",
                "multiqc/multiqc_plots/pdf/mqc_fastp-seq-content-gc-plot_Read_2_Before_filtering.pdf",
                "multiqc/multiqc_plots/pdf/mqc_fastp-seq-content-n-plot_Read_1_After_filtering.pdf",
                "multiqc/multiqc_plots/pdf/mqc_fastp-seq-content-n-plot_Read_1_Before_filtering.pdf",
                "multiqc/multiqc_plots/pdf/mqc_fastp-seq-content-n-plot_Read_2_After_filtering.pdf",
                "multiqc/multiqc_plots/pdf/mqc_fastp-seq-content-n-plot_Read_2_Before_filtering.pdf",
                "multiqc/multiqc_plots/pdf/mqc_fastp-seq-quality-plot_Read_1_After_filtering.pdf",
                "multiqc/multiqc_plots/pdf/mqc_fastp-seq-quality-plot_Read_1_Before_filtering.pdf",
                "multiqc/multiqc_plots/pdf/mqc_fastp-seq-quality-plot_Read_2_After_filtering.pdf",
                "multiqc/multiqc_plots/pdf/mqc_fastp-seq-quality-plot_Read_2_Before_filtering.pdf",
                "multiqc/multiqc_plots/pdf/mqc_fastp_filtered_reads_plot_1.pdf",
                "multiqc/multiqc_plots/pdf/mqc_fastp_filtered_reads_plot_1_pc.pdf",
                "multiqc/multiqc_plots/pdf/mqc_fastqc_adapter_content_plot_1.pdf",
                "multiqc/multiqc_plots/pdf/mqc_fastqc_per_base_n_content_plot-2_1.pdf",
                "multiqc/multiqc_plots/pdf/mqc_fastqc_per_base_n_content_plot_1.pdf",
                "multiqc/multiqc_plots/pdf/mqc_fastqc_per_base_sequence_quality_plot-2_1.pdf",
                "multiqc/multiqc_plots/pdf/mqc_fastqc_per_base_sequence_quality_plot_1.pdf",
                "multiqc/multiqc_plots/pdf/mqc_fastqc_per_sequence_gc_content_plot-2_Counts.pdf",
                "multiqc/multiqc_plots/pdf/mqc_fastqc_per_sequence_gc_content_plot-2_Percentages.pdf",
                "multiqc/multiqc_plots/pdf/mqc_fastqc_per_sequence_gc_content_plot_Counts.pdf",
                "multiqc/multiqc_plots/pdf/mqc_fastqc_per_sequence_gc_content_plot_Percentages.pdf",
                "multiqc/multiqc_plots/pdf/mqc_fastqc_per_sequence_quality_scores_plot-2_1.pdf",
                "multiqc/multiqc_plots/pdf/mqc_fastqc_per_sequence_quality_scores_plot_1.pdf",
                "multiqc/multiqc_plots/pdf/mqc_fastqc_sequence_counts_plot-2_1.pdf",
                "multiqc/multiqc_plots/pdf/mqc_fastqc_sequence_counts_plot-2_1_pc.pdf",
                "multiqc/multiqc_plots/pdf/mqc_fastqc_sequence_counts_plot_1.pdf",
                "multiqc/multiqc_plots/pdf/mqc_fastqc_sequence_counts_plot_1_pc.pdf",
                "multiqc/multiqc_plots/pdf/mqc_fastqc_sequence_duplication_levels_plot-2_1.pdf",
                "multiqc/multiqc_plots/pdf/mqc_fastqc_sequence_duplication_levels_plot_1.pdf",
                "multiqc/multiqc_plots/pdf/mqc_fastqc_sequence_length_distribution_plot_1.pdf",
                "multiqc/multiqc_plots/pdf/mqc_porechop-endtrim-barplot_1.pdf",
                "multiqc/multiqc_plots/pdf/mqc_porechop-endtrim-barplot_1_pc.pdf",
                "multiqc/multiqc_plots/pdf/mqc_porechop-middlesplit-barplot_1.pdf",
                "multiqc/multiqc_plots/pdf/mqc_porechop-middlesplit-barplot_1_pc.pdf",
                "multiqc/multiqc_plots/pdf/mqc_porechop-starttrim-barplot_1.pdf",
                "multiqc/multiqc_plots/pdf/mqc_porechop-starttrim-barplot_1_pc.pdf",
                "multiqc/multiqc_plots/pdf/mqc_prokka_plot_1.pdf",
                "multiqc/multiqc_plots/pdf/mqc_prokka_plot_1_pc.pdf",
                "multiqc/multiqc_plots/pdf/mqc_quast_num_contigs_1.pdf",
                "multiqc/multiqc_plots/pdf/mqc_quast_num_contigs_1_pc.pdf",
                "multiqc/multiqc_plots/png",
                "multiqc/multiqc_plots/png/mqc_busco_plot_bacteria_odb10_1.png",
                "multiqc/multiqc_plots/png/mqc_busco_plot_bacteria_odb10_1_pc.png",
                "multiqc/multiqc_plots/png/mqc_fastp-insert-size-plot_1.png",
                "multiqc/multiqc_plots/png/mqc_fastp-seq-content-gc-plot_Read_1_After_filtering.png",
                "multiqc/multiqc_plots/png/mqc_fastp-seq-content-gc-plot_Read_1_Before_filtering.png",
                "multiqc/multiqc_plots/png/mqc_fastp-seq-content-gc-plot_Read_2_After_filtering.png",
                "multiqc/multiqc_plots/png/mqc_fastp-seq-content-gc-plot_Read_2_Before_filtering.png",
                "multiqc/multiqc_plots/png/mqc_fastp-seq-content-n-plot_Read_1_After_filtering.png",
                "multiqc/multiqc_plots/png/mqc_fastp-seq-content-n-plot_Read_1_Before_filtering.png",
                "multiqc/multiqc_plots/png/mqc_fastp-seq-content-n-plot_Read_2_After_filtering.png",
                "multiqc/multiqc_plots/png/mqc_fastp-seq-content-n-plot_Read_2_Before_filtering.png",
                "multiqc/multiqc_plots/png/mqc_fastp-seq-quality-plot_Read_1_After_filtering.png",
                "multiqc/multiqc_plots/png/mqc_fastp-seq-quality-plot_Read_1_Before_filtering.png",
                "multiqc/multiqc_plots/png/mqc_fastp-seq-quality-plot_Read_2_After_filtering.png",
                "multiqc/multiqc_plots/png/mqc_fastp-seq-quality-plot_Read_2_Before_filtering.png",
                "multiqc/multiqc_plots/png/mqc_fastp_filtered_reads_plot_1.png",
                "multiqc/multiqc_plots/png/mqc_fastp_filtered_reads_plot_1_pc.png",
                "multiqc/multiqc_plots/png/mqc_fastqc_adapter_content_plot_1.png",
                "multiqc/multiqc_plots/png/mqc_fastqc_per_base_n_content_plot-2_1.png",
                "multiqc/multiqc_plots/png/mqc_fastqc_per_base_n_content_plot_1.png",
                "multiqc/multiqc_plots/png/mqc_fastqc_per_base_sequence_quality_plot-2_1.png",
                "multiqc/multiqc_plots/png/mqc_fastqc_per_base_sequence_quality_plot_1.png",
                "multiqc/multiqc_plots/png/mqc_fastqc_per_sequence_gc_content_plot-2_Counts.png",
                "multiqc/multiqc_plots/png/mqc_fastqc_per_sequence_gc_content_plot-2_Percentages.png",
                "multiqc/multiqc_plots/png/mqc_fastqc_per_sequence_gc_content_plot_Counts.png",
                "multiqc/multiqc_plots/png/mqc_fastqc_per_sequence_gc_content_plot_Percentages.png",
                "multiqc/multiqc_plots/png/mqc_fastqc_per_sequence_quality_scores_plot-2_1.png",
                "multiqc/multiqc_plots/png/mqc_fastqc_per_sequence_quality_scores_plot_1.png",
                "multiqc/multiqc_plots/png/mqc_fastqc_sequence_counts_plot-2_1.png",
                "multiqc/multiqc_plots/png/mqc_fastqc_sequence_counts_plot-2_1_pc.png",
                "multiqc/multiqc_plots/png/mqc_fastqc_sequence_counts_plot_1.png",
                "multiqc/multiqc_plots/png/mqc_fastqc_sequence_counts_plot_1_pc.png",
                "multiqc/multiqc_plots/png/mqc_fastqc_sequence_duplication_levels_plot-2_1.png",
                "multiqc/multiqc_plots/png/mqc_fastqc_sequence_duplication_levels_plot_1.png",
                "multiqc/multiqc_plots/png/mqc_fastqc_sequence_length_distribution_plot_1.png",
                "multiqc/multiqc_plots/png/mqc_porechop-endtrim-barplot_1.png",
                "multiqc/multiqc_plots/png/mqc_porechop-endtrim-barplot_1_pc.png",
                "multiqc/multiqc_plots/png/mqc_porechop-middlesplit-barplot_1.png",
                "multiqc/multiqc_plots/png/mqc_porechop-middlesplit-barplot_1_pc.png",
                "multiqc/multiqc_plots/png/mqc_porechop-starttrim-barplot_1.png",
                "multiqc/multiqc_plots/png/mqc_porechop-starttrim-barplot_1_pc.png",
                "multiqc/multiqc_plots/png/mqc_prokka_plot_1.png",
                "multiqc/multiqc_plots/png/mqc_prokka_plot_1_pc.png",
                "multiqc/multiqc_plots/png/mqc_quast_num_contigs_1.png",
                "multiqc/multiqc_plots/png/mqc_quast_num_contigs_1_pc.png",
                "multiqc/multiqc_plots/svg",
                "multiqc/multiqc_plots/svg/mqc_busco_plot_bacteria_odb10_1.svg",
                "multiqc/multiqc_plots/svg/mqc_busco_plot_bacteria_odb10_1_pc.svg",
                "multiqc/multiqc_plots/svg/mqc_fastp-insert-size-plot_1.svg",
                "multiqc/multiqc_plots/svg/mqc_fastp-seq-content-gc-plot_Read_1_After_filtering.svg",
                "multiqc/multiqc_plots/svg/mqc_fastp-seq-content-gc-plot_Read_1_Before_filtering.svg",
                "multiqc/multiqc_plots/svg/mqc_fastp-seq-content-gc-plot_Read_2_After_filtering.svg",
                "multiqc/multiqc_plots/svg/mqc_fastp-seq-content-gc-plot_Read_2_Before_filtering.svg",
                "multiqc/multiqc_plots/svg/mqc_fastp-seq-content-n-plot_Read_1_After_filtering.svg",
                "multiqc/multiqc_plots/svg/mqc_fastp-seq-content-n-plot_Read_1_Before_filtering.svg",
                "multiqc/multiqc_plots/svg/mqc_fastp-seq-content-n-plot_Read_2_After_filtering.svg",
                "multiqc/multiqc_plots/svg/mqc_fastp-seq-content-n-plot_Read_2_Before_filtering.svg",
                "multiqc/multiqc_plots/svg/mqc_fastp-seq-quality-plot_Read_1_After_filtering.svg",
                "multiqc/multiqc_plots/svg/mqc_fastp-seq-quality-plot_Read_1_Before_filtering.svg",
                "multiqc/multiqc_plots/svg/mqc_fastp-seq-quality-plot_Read_2_After_filtering.svg",
                "multiqc/multiqc_plots/svg/mqc_fastp-seq-quality-plot_Read_2_Before_filtering.svg",
                "multiqc/multiqc_plots/svg/mqc_fastp_filtered_reads_plot_1.svg",
                "multiqc/multiqc_plots/svg/mqc_fastp_filtered_reads_plot_1_pc.svg",
                "multiqc/multiqc_plots/svg/mqc_fastqc_adapter_content_plot_1.svg",
                "multiqc/multiqc_plots/svg/mqc_fastqc_per_base_n_content_plot-2_1.svg",
                "multiqc/multiqc_plots/svg/mqc_fastqc_per_base_n_content_plot_1.svg",
                "multiqc/multiqc_plots/svg/mqc_fastqc_per_base_sequence_quality_plot-2_1.svg",
                "multiqc/multiqc_plots/svg/mqc_fastqc_per_base_sequence_quality_plot_1.svg",
                "multiqc/multiqc_plots/svg/mqc_fastqc_per_sequence_gc_content_plot-2_Counts.svg",
                "multiqc/multiqc_plots/svg/mqc_fastqc_per_sequence_gc_content_plot-2_Percentages.svg",
                "multiqc/multiqc_plots/svg/mqc_fastqc_per_sequence_gc_content_plot_Counts.svg",
                "multiqc/multiqc_plots/svg/mqc_fastqc_per_sequence_gc_content_plot_Percentages.svg",
                "multiqc/multiqc_plots/svg/mqc_fastqc_per_sequence_quality_scores_plot-2_1.svg",
                "multiqc/multiqc_plots/svg/mqc_fastqc_per_sequence_quality_scores_plot_1.svg",
                "multiqc/multiqc_plots/svg/mqc_fastqc_sequence_counts_plot-2_1.svg",
                "multiqc/multiqc_plots/svg/mqc_fastqc_sequence_counts_plot-2_1_pc.svg",
                "multiqc/multiqc_plots/svg/mqc_fastqc_sequence_counts_plot_1.svg",
                "multiqc/multiqc_plots/svg/mqc_fastqc_sequence_counts_plot_1_pc.svg",
                "multiqc/multiqc_plots/svg/mqc_fastqc_sequence_duplication_levels_plot-2_1.svg",
                "multiqc/multiqc_plots/svg/mqc_fastqc_sequence_duplication_levels_plot_1.svg",
                "multiqc/multiqc_plots/svg/mqc_fastqc_sequence_length_distribution_plot_1.svg",
                "multiqc/multiqc_plots/svg/mqc_porechop-endtrim-barplot_1.svg",
                "multiqc/multiqc_plots/svg/mqc_porechop-endtrim-barplot_1_pc.svg",
                "multiqc/multiqc_plots/svg/mqc_porechop-middlesplit-barplot_1.svg",
                "multiqc/multiqc_plots/svg/mqc_porechop-middlesplit-barplot_1_pc.svg",
                "multiqc/multiqc_plots/svg/mqc_porechop-starttrim-barplot_1.svg",
                "multiqc/multiqc_plots/svg/mqc_porechop-starttrim-barplot_1_pc.svg",
                "multiqc/multiqc_plots/svg/mqc_prokka_plot_1.svg",
                "multiqc/multiqc_plots/svg/mqc_prokka_plot_1_pc.svg",
                "multiqc/multiqc_plots/svg/mqc_quast_num_contigs_1.svg",
                "multiqc/multiqc_plots/svg/mqc_quast_num_contigs_1_pc.svg",
                "multiqc/multiqc_report.html",
                "multiqc/summary_comparison_assembly_metrics.csv",
                "multiqc/summary_sample_assembly_metrics.csv",
                "pipeline_info",
                "pipeline_info/nf_core_bacass_software_mqc_versions.yml",
                "reads_qc",
                "reads_qc/longreads",
                "reads_qc/longreads/nanoplot",
                "reads_qc/longreads/porechop",
                "reads_qc/longreads/porechop/hybrid-ERR044595.porechop.log",
                "reads_qc/longreads/toulligqc",
                "reads_qc/shortreads",
                "reads_qc/shortreads/fastp",
                "reads_qc/shortreads/fastp/logs",
                "reads_qc/shortreads/fastp/logs/hybrid-ERR044595.fastp.log",
                "reads_qc/shortreads/fastp/reports",
                "reads_qc/shortreads/fastp/reports/hybrid-ERR044595.fastp.html",
                "reads_qc/shortreads/fastp/reports/hybrid-ERR044595.fastp.json",
                "reads_qc/shortreads/fastqc",
                "reads_qc/shortreads/fastqc/raw",
                "reads_qc/shortreads/fastqc/raw/hybrid-ERR044595_1_fastqc.html",
                "reads_qc/shortreads/fastqc/raw/hybrid-ERR044595_1_fastqc.zip",
                "reads_qc/shortreads/fastqc/raw/hybrid-ERR044595_2_fastqc.html",
                "reads_qc/shortreads/fastqc/raw/hybrid-ERR044595_2_fastqc.zip",
                "reads_qc/shortreads/fastqc/trimmed",
                "reads_qc/shortreads/fastqc/trimmed/hybrid-ERR044595_1_fastqc.html",
                "reads_qc/shortreads/fastqc/trimmed/hybrid-ERR044595_2_fastqc.html"
            ],
            [
                "hybrid-ERR044595-unicycler.assembly.gfa.gz:md5,3558ea16e8397970aa6dff03ebea7886",
                "hybrid-ERR044595-unicycler.scaffolds.fa.gz:md5,7854e8c8e26f21d7acfeaca4a872f7ea",
                "mqc_porechop-endtrim-barplot_1.yaml:md5,29573e9fc6174bb91352b0b9f248335f",
                "mqc_porechop-middlesplit-barplot_1.yaml:md5,844b018c7434ca59c893901eef530de8",
                "mqc_porechop-starttrim-barplot_1.yaml:md5,e6cced8fc844dabd795ba0dfa6ec0e64",
                "multiqc_busco.yaml:md5,cde4cbc5eefefcf5251122bb83d11b53",
                "multiqc_citations.yaml:md5,c1962a840fe1cf1698fbdeb8953601ed",
                "multiqc_fastqc.yaml:md5,6426381984018f0bd78075c8a15fb0a0",
                "multiqc_fastqc_1.yaml:md5,62a78334fafb59e924139522b49721d3",
                "multiqc_nanostat.yaml:md5,b3f0b69626b623ed337e0a99688d99b8"
            ]
        ],
        "timestamp": "2026-07-31T09:57:48.096623243",
        "meta": {
            "nf-test": "0.9.5",
            "nextflow": "26.04.6"
        }
    }
}