{
    "-profile test_hybrid_dragonflye": {
        "content": [
            12,
            {
                "BUSCO_BUSCO": {
                    "busco": "5.8.3"
                },
                "DRAGONFLYE": {
                    "dragonflye": "1.1.2"
                },
                "FASTP": {
                    "fastp": "0.23.4"
                },
                "FASTQC_RAW": {
                    "fastqc": "0.12.1"
                },
                "FASTQC_TRIM": {
                    "fastqc": "0.12.1"
                },
                "MEDAKA": {
                    "medaka": "1.4.3"
                },
                "NANOPLOT": {
                    "nanoplot": "1.41.6"
                },
                "PORECHOP_PORECHOP": {
                    "porechop": "0.2.4"
                },
                "PROKKA": {
                    "prokka": "1.14.6"
                },
                "QUAST": {
                    "quast": "5.2.0"
                },
                "TOULLIGQC": {
                    "toulligqc": "2.5.6"
                },
                "Workflow": {
                    "nf-core/bacass": "v2.5.0dev"
                }
            },
            [
                "Dragonflye",
                "Dragonflye/A1403KPN.dragonflye.log",
                "Dragonflye/A1403KPN.fa",
                "FastQC",
                "FastQC/raw",
                "FastQC/raw/A1403KPN_1_fastqc.html",
                "FastQC/raw/A1403KPN_1_fastqc.zip",
                "FastQC/raw/A1403KPN_2_fastqc.html",
                "FastQC/raw/A1403KPN_2_fastqc.zip",
                "FastQC/trim",
                "FastQC/trim/A1403KPN_1_fastqc.html",
                "FastQC/trim/A1403KPN_2_fastqc.html",
                "Medaka",
                "Medaka/A1403KPN_polished_genome.fa",
                "Prokka",
                "Prokka/A1403KPN",
                "Prokka/A1403KPN/A1403KPN.err",
                "Prokka/A1403KPN/A1403KPN.faa",
                "Prokka/A1403KPN/A1403KPN.ffn",
                "Prokka/A1403KPN/A1403KPN.fna",
                "Prokka/A1403KPN/A1403KPN.fsa",
                "Prokka/A1403KPN/A1403KPN.gbk",
                "Prokka/A1403KPN/A1403KPN.gff",
                "Prokka/A1403KPN/A1403KPN.log",
                "Prokka/A1403KPN/A1403KPN.sqn",
                "Prokka/A1403KPN/A1403KPN.tbl",
                "Prokka/A1403KPN/A1403KPN.tsv",
                "Prokka/A1403KPN/A1403KPN.txt",
                "QC_longreads",
                "QC_longreads/NanoPlot",
                "QC_longreads/NanoPlot/A1403KPN.txt",
                "QC_longreads/NanoPlot/LengthvsQualityScatterPlot_dot.html",
                "QC_longreads/NanoPlot/LengthvsQualityScatterPlot_dot.png",
                "QC_longreads/NanoPlot/LengthvsQualityScatterPlot_kde.html",
                "QC_longreads/NanoPlot/LengthvsQualityScatterPlot_kde.png",
                "QC_longreads/NanoPlot/NanoPlot-report.html",
                "QC_longreads/NanoPlot/Non_weightedHistogramReadlength.html",
                "QC_longreads/NanoPlot/Non_weightedHistogramReadlength.png",
                "QC_longreads/NanoPlot/Non_weightedLogTransformed_HistogramReadlength.html",
                "QC_longreads/NanoPlot/Non_weightedLogTransformed_HistogramReadlength.png",
                "QC_longreads/NanoPlot/WeightedHistogramReadlength.html",
                "QC_longreads/NanoPlot/WeightedHistogramReadlength.png",
                "QC_longreads/NanoPlot/WeightedLogTransformed_HistogramReadlength.html",
                "QC_longreads/NanoPlot/WeightedLogTransformed_HistogramReadlength.png",
                "QC_longreads/NanoPlot/Yield_By_Length.html",
                "QC_longreads/NanoPlot/Yield_By_Length.png",
                "QC_longreads/ToulligQC",
                "QUAST",
                "QUAST/report",
                "QUAST/report/basic_stats",
                "QUAST/report/basic_stats/A1403KPN_polished_genome_GC_content_plot.pdf",
                "QUAST/report/basic_stats/GC_content_plot.pdf",
                "QUAST/report/basic_stats/Nx_plot.pdf",
                "QUAST/report/basic_stats/cumulative_plot.pdf",
                "QUAST/report/icarus.html",
                "QUAST/report/icarus_viewers",
                "QUAST/report/icarus_viewers/contig_size_viewer.html",
                "QUAST/report/quast.log",
                "QUAST/report/report.html",
                "QUAST/report/report.pdf",
                "QUAST/report/report.tex",
                "QUAST/report/report.tsv",
                "QUAST/report/report.txt",
                "QUAST/report/transposed_report.tex",
                "QUAST/report/transposed_report.tsv",
                "QUAST/report/transposed_report.txt",
                "busco",
                "busco/A1403KPN-bacteria_odb10-busco",
                "busco/A1403KPN-bacteria_odb10-busco.batch_summary.txt",
                "busco/A1403KPN-bacteria_odb10-busco.log",
                "busco/A1403KPN-bacteria_odb10-busco/A1403KPN_polished_genome.fa",
                "busco/A1403KPN-bacteria_odb10-busco/A1403KPN_polished_genome.fa/logs",
                "busco/A1403KPN-bacteria_odb10-busco/A1403KPN_polished_genome.fa/logs/bbtools_err.log",
                "busco/A1403KPN-bacteria_odb10-busco/A1403KPN_polished_genome.fa/logs/bbtools_out.log",
                "busco/A1403KPN-bacteria_odb10-busco/A1403KPN_polished_genome.fa/logs/hmmsearch_err.log",
                "busco/A1403KPN-bacteria_odb10-busco/A1403KPN_polished_genome.fa/logs/hmmsearch_out.log",
                "busco/A1403KPN-bacteria_odb10-busco/A1403KPN_polished_genome.fa/logs/prodigal_err.log",
                "busco/A1403KPN-bacteria_odb10-busco/A1403KPN_polished_genome.fa/logs/prodigal_out.log",
                "busco/A1403KPN-bacteria_odb10-busco/A1403KPN_polished_genome.fa/prodigal_output",
                "busco/A1403KPN-bacteria_odb10-busco/A1403KPN_polished_genome.fa/prodigal_output/.checkpoint",
                "busco/A1403KPN-bacteria_odb10-busco/A1403KPN_polished_genome.fa/prodigal_output/predicted_genes",
                "busco/A1403KPN-bacteria_odb10-busco/A1403KPN_polished_genome.fa/prodigal_output/predicted_genes/predicted.faa",
                "busco/A1403KPN-bacteria_odb10-busco/A1403KPN_polished_genome.fa/prodigal_output/predicted_genes/predicted.fna",
                "busco/A1403KPN-bacteria_odb10-busco/A1403KPN_polished_genome.fa/prodigal_output/predicted_genes/tmp",
                "busco/A1403KPN-bacteria_odb10-busco/A1403KPN_polished_genome.fa/prodigal_output/predicted_genes/tmp/prodigal_mode_single_code_11.faa",
                "busco/A1403KPN-bacteria_odb10-busco/A1403KPN_polished_genome.fa/prodigal_output/predicted_genes/tmp/prodigal_mode_single_code_11.fna",
                "busco/A1403KPN-bacteria_odb10-busco/A1403KPN_polished_genome.fa/prodigal_output/predicted_genes/tmp/prodigal_mode_single_code_11_err.log",
                "busco/A1403KPN-bacteria_odb10-busco/A1403KPN_polished_genome.fa/prodigal_output/predicted_genes/tmp/prodigal_mode_single_code_11_out.log",
                "busco/A1403KPN-bacteria_odb10-busco/A1403KPN_polished_genome.fa/run_bacteria_odb10",
                "busco/A1403KPN-bacteria_odb10-busco/A1403KPN_polished_genome.fa/run_bacteria_odb10/.bbtools_output",
                "busco/A1403KPN-bacteria_odb10-busco/A1403KPN_polished_genome.fa/run_bacteria_odb10/.bbtools_output/.checkpoint",
                "busco/A1403KPN-bacteria_odb10-busco/A1403KPN_polished_genome.fa/run_bacteria_odb10/busco_sequences",
                "busco/A1403KPN-bacteria_odb10-busco/A1403KPN_polished_genome.fa/run_bacteria_odb10/full_table.tsv",
                "busco/A1403KPN-bacteria_odb10-busco/A1403KPN_polished_genome.fa/run_bacteria_odb10/hmmer_output",
                "busco/A1403KPN-bacteria_odb10-busco/A1403KPN_polished_genome.fa/run_bacteria_odb10/missing_busco_list.tsv",
                "busco/A1403KPN-bacteria_odb10-busco/A1403KPN_polished_genome.fa/run_bacteria_odb10/short_summary.json",
                "busco/A1403KPN-bacteria_odb10-busco/A1403KPN_polished_genome.fa/run_bacteria_odb10/short_summary.txt",
                "busco/A1403KPN-bacteria_odb10-busco/logs",
                "busco/busco_downloads",
                "busco/short_summary.specific.bacteria_odb10.A1403KPN_polished_genome.fa.json",
                "busco/short_summary.specific.bacteria_odb10.A1403KPN_polished_genome.fa.txt",
                "multiqc",
                "multiqc/multiqc_data",
                "multiqc/multiqc_data/mqc_busco_plot_bacteria_odb10_1.yaml",
                "multiqc/multiqc_data/mqc_fastp-insert-size-plot_1.yaml",
                "multiqc/multiqc_data/mqc_fastp-seq-content-gc-plot_Read_1_After_filtering.yaml",
                "multiqc/multiqc_data/mqc_fastp-seq-content-gc-plot_Read_1_Before_filtering.yaml",
                "multiqc/multiqc_data/mqc_fastp-seq-content-gc-plot_Read_2_After_filtering.yaml",
                "multiqc/multiqc_data/mqc_fastp-seq-content-gc-plot_Read_2_Before_filtering.yaml",
                "multiqc/multiqc_data/mqc_fastp-seq-content-n-plot_Read_1_After_filtering.yaml",
                "multiqc/multiqc_data/mqc_fastp-seq-content-n-plot_Read_1_Before_filtering.yaml",
                "multiqc/multiqc_data/mqc_fastp-seq-content-n-plot_Read_2_After_filtering.yaml",
                "multiqc/multiqc_data/mqc_fastp-seq-content-n-plot_Read_2_Before_filtering.yaml",
                "multiqc/multiqc_data/mqc_fastp-seq-quality-plot_Read_1_After_filtering.yaml",
                "multiqc/multiqc_data/mqc_fastp-seq-quality-plot_Read_1_Before_filtering.yaml",
                "multiqc/multiqc_data/mqc_fastp-seq-quality-plot_Read_2_After_filtering.yaml",
                "multiqc/multiqc_data/mqc_fastp-seq-quality-plot_Read_2_Before_filtering.yaml",
                "multiqc/multiqc_data/mqc_fastp_filtered_reads_plot_1.yaml",
                "multiqc/multiqc_data/mqc_fastqc_per_base_n_content_plot-2_1.yaml",
                "multiqc/multiqc_data/mqc_fastqc_per_base_n_content_plot_1.yaml",
                "multiqc/multiqc_data/mqc_fastqc_per_base_sequence_quality_plot-2_1.yaml",
                "multiqc/multiqc_data/mqc_fastqc_per_base_sequence_quality_plot_1.yaml",
                "multiqc/multiqc_data/mqc_fastqc_per_sequence_gc_content_plot-2_Counts.yaml",
                "multiqc/multiqc_data/mqc_fastqc_per_sequence_gc_content_plot-2_Percentages.yaml",
                "multiqc/multiqc_data/mqc_fastqc_per_sequence_gc_content_plot_Counts.yaml",
                "multiqc/multiqc_data/mqc_fastqc_per_sequence_gc_content_plot_Percentages.yaml",
                "multiqc/multiqc_data/mqc_fastqc_per_sequence_quality_scores_plot-2_1.yaml",
                "multiqc/multiqc_data/mqc_fastqc_per_sequence_quality_scores_plot_1.yaml",
                "multiqc/multiqc_data/mqc_fastqc_sequence_counts_plot-2_1.yaml",
                "multiqc/multiqc_data/mqc_fastqc_sequence_counts_plot_1.yaml",
                "multiqc/multiqc_data/mqc_fastqc_sequence_duplication_levels_plot-2_1.yaml",
                "multiqc/multiqc_data/mqc_fastqc_sequence_duplication_levels_plot_1.yaml",
                "multiqc/multiqc_data/mqc_fastqc_sequence_length_distribution_plot-2_1.yaml",
                "multiqc/multiqc_data/mqc_fastqc_sequence_length_distribution_plot_1.yaml",
                "multiqc/multiqc_data/mqc_nanostat_quality_dist_1.yaml",
                "multiqc/multiqc_data/mqc_porechop-endtrim-barplot_1.yaml",
                "multiqc/multiqc_data/mqc_porechop-middlesplit-barplot_1.yaml",
                "multiqc/multiqc_data/mqc_porechop-starttrim-barplot_1.yaml",
                "multiqc/multiqc_data/mqc_prokka_plot_1.yaml",
                "multiqc/multiqc_data/mqc_quast_num_contigs_1.yaml",
                "multiqc/multiqc_data/multiqc.log",
                "multiqc/multiqc_data/multiqc_busco.yaml",
                "multiqc/multiqc_data/multiqc_citations.yaml",
                "multiqc/multiqc_data/multiqc_data.json",
                "multiqc/multiqc_data/multiqc_fastp.yaml",
                "multiqc/multiqc_data/multiqc_fastqc.yaml",
                "multiqc/multiqc_data/multiqc_fastqc_1.yaml",
                "multiqc/multiqc_data/multiqc_general_stats.yaml",
                "multiqc/multiqc_data/multiqc_nanostat.yaml",
                "multiqc/multiqc_data/multiqc_prokka.yaml",
                "multiqc/multiqc_data/multiqc_quast.yaml",
                "multiqc/multiqc_data/multiqc_software_versions.yaml",
                "multiqc/multiqc_data/multiqc_sources.yaml",
                "multiqc/multiqc_data/porechop.yaml",
                "multiqc/multiqc_plots",
                "multiqc/multiqc_plots/pdf",
                "multiqc/multiqc_plots/pdf/mqc_busco_plot_bacteria_odb10_1.pdf",
                "multiqc/multiqc_plots/pdf/mqc_busco_plot_bacteria_odb10_1_pc.pdf",
                "multiqc/multiqc_plots/pdf/mqc_fastp-insert-size-plot_1.pdf",
                "multiqc/multiqc_plots/pdf/mqc_fastp-seq-content-gc-plot_Read_1_After_filtering.pdf",
                "multiqc/multiqc_plots/pdf/mqc_fastp-seq-content-gc-plot_Read_1_Before_filtering.pdf",
                "multiqc/multiqc_plots/pdf/mqc_fastp-seq-content-gc-plot_Read_2_After_filtering.pdf",
                "multiqc/multiqc_plots/pdf/mqc_fastp-seq-content-gc-plot_Read_2_Before_filtering.pdf",
                "multiqc/multiqc_plots/pdf/mqc_fastp-seq-content-n-plot_Read_1_After_filtering.pdf",
                "multiqc/multiqc_plots/pdf/mqc_fastp-seq-content-n-plot_Read_1_Before_filtering.pdf",
                "multiqc/multiqc_plots/pdf/mqc_fastp-seq-content-n-plot_Read_2_After_filtering.pdf",
                "multiqc/multiqc_plots/pdf/mqc_fastp-seq-content-n-plot_Read_2_Before_filtering.pdf",
                "multiqc/multiqc_plots/pdf/mqc_fastp-seq-quality-plot_Read_1_After_filtering.pdf",
                "multiqc/multiqc_plots/pdf/mqc_fastp-seq-quality-plot_Read_1_Before_filtering.pdf",
                "multiqc/multiqc_plots/pdf/mqc_fastp-seq-quality-plot_Read_2_After_filtering.pdf",
                "multiqc/multiqc_plots/pdf/mqc_fastp-seq-quality-plot_Read_2_Before_filtering.pdf",
                "multiqc/multiqc_plots/pdf/mqc_fastp_filtered_reads_plot_1.pdf",
                "multiqc/multiqc_plots/pdf/mqc_fastp_filtered_reads_plot_1_pc.pdf",
                "multiqc/multiqc_plots/pdf/mqc_fastqc_per_base_n_content_plot-2_1.pdf",
                "multiqc/multiqc_plots/pdf/mqc_fastqc_per_base_n_content_plot_1.pdf",
                "multiqc/multiqc_plots/pdf/mqc_fastqc_per_base_sequence_quality_plot-2_1.pdf",
                "multiqc/multiqc_plots/pdf/mqc_fastqc_per_base_sequence_quality_plot_1.pdf",
                "multiqc/multiqc_plots/pdf/mqc_fastqc_per_sequence_gc_content_plot-2_Counts.pdf",
                "multiqc/multiqc_plots/pdf/mqc_fastqc_per_sequence_gc_content_plot-2_Percentages.pdf",
                "multiqc/multiqc_plots/pdf/mqc_fastqc_per_sequence_gc_content_plot_Counts.pdf",
                "multiqc/multiqc_plots/pdf/mqc_fastqc_per_sequence_gc_content_plot_Percentages.pdf",
                "multiqc/multiqc_plots/pdf/mqc_fastqc_per_sequence_quality_scores_plot-2_1.pdf",
                "multiqc/multiqc_plots/pdf/mqc_fastqc_per_sequence_quality_scores_plot_1.pdf",
                "multiqc/multiqc_plots/pdf/mqc_fastqc_sequence_counts_plot-2_1.pdf",
                "multiqc/multiqc_plots/pdf/mqc_fastqc_sequence_counts_plot-2_1_pc.pdf",
                "multiqc/multiqc_plots/pdf/mqc_fastqc_sequence_counts_plot_1.pdf",
                "multiqc/multiqc_plots/pdf/mqc_fastqc_sequence_counts_plot_1_pc.pdf",
                "multiqc/multiqc_plots/pdf/mqc_fastqc_sequence_duplication_levels_plot-2_1.pdf",
                "multiqc/multiqc_plots/pdf/mqc_fastqc_sequence_duplication_levels_plot_1.pdf",
                "multiqc/multiqc_plots/pdf/mqc_fastqc_sequence_length_distribution_plot-2_1.pdf",
                "multiqc/multiqc_plots/pdf/mqc_fastqc_sequence_length_distribution_plot_1.pdf",
                "multiqc/multiqc_plots/pdf/mqc_nanostat_quality_dist_1.pdf",
                "multiqc/multiqc_plots/pdf/mqc_nanostat_quality_dist_1_pc.pdf",
                "multiqc/multiqc_plots/pdf/mqc_porechop-endtrim-barplot_1.pdf",
                "multiqc/multiqc_plots/pdf/mqc_porechop-endtrim-barplot_1_pc.pdf",
                "multiqc/multiqc_plots/pdf/mqc_porechop-middlesplit-barplot_1.pdf",
                "multiqc/multiqc_plots/pdf/mqc_porechop-middlesplit-barplot_1_pc.pdf",
                "multiqc/multiqc_plots/pdf/mqc_porechop-starttrim-barplot_1.pdf",
                "multiqc/multiqc_plots/pdf/mqc_porechop-starttrim-barplot_1_pc.pdf",
                "multiqc/multiqc_plots/pdf/mqc_prokka_plot_1.pdf",
                "multiqc/multiqc_plots/pdf/mqc_prokka_plot_1_pc.pdf",
                "multiqc/multiqc_plots/pdf/mqc_quast_num_contigs_1.pdf",
                "multiqc/multiqc_plots/pdf/mqc_quast_num_contigs_1_pc.pdf",
                "multiqc/multiqc_plots/png",
                "multiqc/multiqc_plots/png/mqc_busco_plot_bacteria_odb10_1.png",
                "multiqc/multiqc_plots/png/mqc_busco_plot_bacteria_odb10_1_pc.png",
                "multiqc/multiqc_plots/png/mqc_fastp-insert-size-plot_1.png",
                "multiqc/multiqc_plots/png/mqc_fastp-seq-content-gc-plot_Read_1_After_filtering.png",
                "multiqc/multiqc_plots/png/mqc_fastp-seq-content-gc-plot_Read_1_Before_filtering.png",
                "multiqc/multiqc_plots/png/mqc_fastp-seq-content-gc-plot_Read_2_After_filtering.png",
                "multiqc/multiqc_plots/png/mqc_fastp-seq-content-gc-plot_Read_2_Before_filtering.png",
                "multiqc/multiqc_plots/png/mqc_fastp-seq-content-n-plot_Read_1_After_filtering.png",
                "multiqc/multiqc_plots/png/mqc_fastp-seq-content-n-plot_Read_1_Before_filtering.png",
                "multiqc/multiqc_plots/png/mqc_fastp-seq-content-n-plot_Read_2_After_filtering.png",
                "multiqc/multiqc_plots/png/mqc_fastp-seq-content-n-plot_Read_2_Before_filtering.png",
                "multiqc/multiqc_plots/png/mqc_fastp-seq-quality-plot_Read_1_After_filtering.png",
                "multiqc/multiqc_plots/png/mqc_fastp-seq-quality-plot_Read_1_Before_filtering.png",
                "multiqc/multiqc_plots/png/mqc_fastp-seq-quality-plot_Read_2_After_filtering.png",
                "multiqc/multiqc_plots/png/mqc_fastp-seq-quality-plot_Read_2_Before_filtering.png",
                "multiqc/multiqc_plots/png/mqc_fastp_filtered_reads_plot_1.png",
                "multiqc/multiqc_plots/png/mqc_fastp_filtered_reads_plot_1_pc.png",
                "multiqc/multiqc_plots/png/mqc_fastqc_per_base_n_content_plot-2_1.png",
                "multiqc/multiqc_plots/png/mqc_fastqc_per_base_n_content_plot_1.png",
                "multiqc/multiqc_plots/png/mqc_fastqc_per_base_sequence_quality_plot-2_1.png",
                "multiqc/multiqc_plots/png/mqc_fastqc_per_base_sequence_quality_plot_1.png",
                "multiqc/multiqc_plots/png/mqc_fastqc_per_sequence_gc_content_plot-2_Counts.png",
                "multiqc/multiqc_plots/png/mqc_fastqc_per_sequence_gc_content_plot-2_Percentages.png",
                "multiqc/multiqc_plots/png/mqc_fastqc_per_sequence_gc_content_plot_Counts.png",
                "multiqc/multiqc_plots/png/mqc_fastqc_per_sequence_gc_content_plot_Percentages.png",
                "multiqc/multiqc_plots/png/mqc_fastqc_per_sequence_quality_scores_plot-2_1.png",
                "multiqc/multiqc_plots/png/mqc_fastqc_per_sequence_quality_scores_plot_1.png",
                "multiqc/multiqc_plots/png/mqc_fastqc_sequence_counts_plot-2_1.png",
                "multiqc/multiqc_plots/png/mqc_fastqc_sequence_counts_plot-2_1_pc.png",
                "multiqc/multiqc_plots/png/mqc_fastqc_sequence_counts_plot_1.png",
                "multiqc/multiqc_plots/png/mqc_fastqc_sequence_counts_plot_1_pc.png",
                "multiqc/multiqc_plots/png/mqc_fastqc_sequence_duplication_levels_plot-2_1.png",
                "multiqc/multiqc_plots/png/mqc_fastqc_sequence_duplication_levels_plot_1.png",
                "multiqc/multiqc_plots/png/mqc_fastqc_sequence_length_distribution_plot-2_1.png",
                "multiqc/multiqc_plots/png/mqc_fastqc_sequence_length_distribution_plot_1.png",
                "multiqc/multiqc_plots/png/mqc_nanostat_quality_dist_1.png",
                "multiqc/multiqc_plots/png/mqc_nanostat_quality_dist_1_pc.png",
                "multiqc/multiqc_plots/png/mqc_porechop-endtrim-barplot_1.png",
                "multiqc/multiqc_plots/png/mqc_porechop-endtrim-barplot_1_pc.png",
                "multiqc/multiqc_plots/png/mqc_porechop-middlesplit-barplot_1.png",
                "multiqc/multiqc_plots/png/mqc_porechop-middlesplit-barplot_1_pc.png",
                "multiqc/multiqc_plots/png/mqc_porechop-starttrim-barplot_1.png",
                "multiqc/multiqc_plots/png/mqc_porechop-starttrim-barplot_1_pc.png",
                "multiqc/multiqc_plots/png/mqc_prokka_plot_1.png",
                "multiqc/multiqc_plots/png/mqc_prokka_plot_1_pc.png",
                "multiqc/multiqc_plots/png/mqc_quast_num_contigs_1.png",
                "multiqc/multiqc_plots/png/mqc_quast_num_contigs_1_pc.png",
                "multiqc/multiqc_plots/svg",
                "multiqc/multiqc_plots/svg/mqc_busco_plot_bacteria_odb10_1.svg",
                "multiqc/multiqc_plots/svg/mqc_busco_plot_bacteria_odb10_1_pc.svg",
                "multiqc/multiqc_plots/svg/mqc_fastp-insert-size-plot_1.svg",
                "multiqc/multiqc_plots/svg/mqc_fastp-seq-content-gc-plot_Read_1_After_filtering.svg",
                "multiqc/multiqc_plots/svg/mqc_fastp-seq-content-gc-plot_Read_1_Before_filtering.svg",
                "multiqc/multiqc_plots/svg/mqc_fastp-seq-content-gc-plot_Read_2_After_filtering.svg",
                "multiqc/multiqc_plots/svg/mqc_fastp-seq-content-gc-plot_Read_2_Before_filtering.svg",
                "multiqc/multiqc_plots/svg/mqc_fastp-seq-content-n-plot_Read_1_After_filtering.svg",
                "multiqc/multiqc_plots/svg/mqc_fastp-seq-content-n-plot_Read_1_Before_filtering.svg",
                "multiqc/multiqc_plots/svg/mqc_fastp-seq-content-n-plot_Read_2_After_filtering.svg",
                "multiqc/multiqc_plots/svg/mqc_fastp-seq-content-n-plot_Read_2_Before_filtering.svg",
                "multiqc/multiqc_plots/svg/mqc_fastp-seq-quality-plot_Read_1_After_filtering.svg",
                "multiqc/multiqc_plots/svg/mqc_fastp-seq-quality-plot_Read_1_Before_filtering.svg",
                "multiqc/multiqc_plots/svg/mqc_fastp-seq-quality-plot_Read_2_After_filtering.svg",
                "multiqc/multiqc_plots/svg/mqc_fastp-seq-quality-plot_Read_2_Before_filtering.svg",
                "multiqc/multiqc_plots/svg/mqc_fastp_filtered_reads_plot_1.svg",
                "multiqc/multiqc_plots/svg/mqc_fastp_filtered_reads_plot_1_pc.svg",
                "multiqc/multiqc_plots/svg/mqc_fastqc_per_base_n_content_plot-2_1.svg",
                "multiqc/multiqc_plots/svg/mqc_fastqc_per_base_n_content_plot_1.svg",
                "multiqc/multiqc_plots/svg/mqc_fastqc_per_base_sequence_quality_plot-2_1.svg",
                "multiqc/multiqc_plots/svg/mqc_fastqc_per_base_sequence_quality_plot_1.svg",
                "multiqc/multiqc_plots/svg/mqc_fastqc_per_sequence_gc_content_plot-2_Counts.svg",
                "multiqc/multiqc_plots/svg/mqc_fastqc_per_sequence_gc_content_plot-2_Percentages.svg",
                "multiqc/multiqc_plots/svg/mqc_fastqc_per_sequence_gc_content_plot_Counts.svg",
                "multiqc/multiqc_plots/svg/mqc_fastqc_per_sequence_gc_content_plot_Percentages.svg",
                "multiqc/multiqc_plots/svg/mqc_fastqc_per_sequence_quality_scores_plot-2_1.svg",
                "multiqc/multiqc_plots/svg/mqc_fastqc_per_sequence_quality_scores_plot_1.svg",
                "multiqc/multiqc_plots/svg/mqc_fastqc_sequence_counts_plot-2_1.svg",
                "multiqc/multiqc_plots/svg/mqc_fastqc_sequence_counts_plot-2_1_pc.svg",
                "multiqc/multiqc_plots/svg/mqc_fastqc_sequence_counts_plot_1.svg",
                "multiqc/multiqc_plots/svg/mqc_fastqc_sequence_counts_plot_1_pc.svg",
                "multiqc/multiqc_plots/svg/mqc_fastqc_sequence_duplication_levels_plot-2_1.svg",
                "multiqc/multiqc_plots/svg/mqc_fastqc_sequence_duplication_levels_plot_1.svg",
                "multiqc/multiqc_plots/svg/mqc_fastqc_sequence_length_distribution_plot-2_1.svg",
                "multiqc/multiqc_plots/svg/mqc_fastqc_sequence_length_distribution_plot_1.svg",
                "multiqc/multiqc_plots/svg/mqc_nanostat_quality_dist_1.svg",
                "multiqc/multiqc_plots/svg/mqc_nanostat_quality_dist_1_pc.svg",
                "multiqc/multiqc_plots/svg/mqc_porechop-endtrim-barplot_1.svg",
                "multiqc/multiqc_plots/svg/mqc_porechop-endtrim-barplot_1_pc.svg",
                "multiqc/multiqc_plots/svg/mqc_porechop-middlesplit-barplot_1.svg",
                "multiqc/multiqc_plots/svg/mqc_porechop-middlesplit-barplot_1_pc.svg",
                "multiqc/multiqc_plots/svg/mqc_porechop-starttrim-barplot_1.svg",
                "multiqc/multiqc_plots/svg/mqc_porechop-starttrim-barplot_1_pc.svg",
                "multiqc/multiqc_plots/svg/mqc_prokka_plot_1.svg",
                "multiqc/multiqc_plots/svg/mqc_prokka_plot_1_pc.svg",
                "multiqc/multiqc_plots/svg/mqc_quast_num_contigs_1.svg",
                "multiqc/multiqc_plots/svg/mqc_quast_num_contigs_1_pc.svg",
                "multiqc/multiqc_report.html",
                "pipeline_info",
                "pipeline_info/nf_core_bacass_software_mqc_versions.yml",
                "trimming",
                "trimming/longreads",
                "trimming/longreads/porechop",
                "trimming/longreads/porechop/A1403KPN.porechop.log",
                "trimming/shortreads",
                "trimming/shortreads/json_html",
                "trimming/shortreads/json_html/A1403KPN.fastp.html",
                "trimming/shortreads/json_html/A1403KPN.fastp.json",
                "trimming/shortreads/log",
                "trimming/shortreads/log/A1403KPN.fastp.log"
            ],
            [
                "mqc_fastp-insert-size-plot_1.yaml:md5,57eb8863c4b8db578660ab66c341ab07",
                "mqc_fastp-seq-content-gc-plot_Read_1_After_filtering.yaml:md5,b44852244e0643016e4b83c6bd507ac3",
                "mqc_fastp-seq-content-gc-plot_Read_1_Before_filtering.yaml:md5,f1a231f0f1df726c86132da8866be0a8",
                "mqc_fastp-seq-content-gc-plot_Read_2_After_filtering.yaml:md5,2c7ca4a5b5dba818d6dec811a2a2a4e0",
                "mqc_fastp-seq-content-gc-plot_Read_2_Before_filtering.yaml:md5,23491c415f3f9674658dd7bf45236f9f",
                "mqc_fastp-seq-content-n-plot_Read_1_After_filtering.yaml:md5,05644ca02191fbdcef1588dc0e4ab5be",
                "mqc_fastp-seq-content-n-plot_Read_1_Before_filtering.yaml:md5,326b097b8d967d8e4cce3b5bc9a33063",
                "mqc_fastp-seq-content-n-plot_Read_2_After_filtering.yaml:md5,cf46c6166c4d35f1e9d0b7525d4a494c",
                "mqc_fastp-seq-content-n-plot_Read_2_Before_filtering.yaml:md5,8361c1d5ce56d557b435ea1b9381ea14",
                "mqc_fastp-seq-quality-plot_Read_1_After_filtering.yaml:md5,94a4c80f4cb7e78b8bb5729e9b83b63a",
                "mqc_fastp-seq-quality-plot_Read_1_Before_filtering.yaml:md5,f305e1d0fc6b0f88a8eeaa118ccd3966",
                "mqc_fastp-seq-quality-plot_Read_2_After_filtering.yaml:md5,4fbca88c15e9f26372a7cb34f4472b46",
                "mqc_fastp-seq-quality-plot_Read_2_Before_filtering.yaml:md5,0ee39630f139ff67aecb1fcfe65031ea",
                "mqc_fastp_filtered_reads_plot_1.yaml:md5,a21a5aa277a3899f2f32f2f2ec8a441d",
                "mqc_fastqc_per_base_n_content_plot-2_1.yaml:md5,40a0f24481e4916b4bb9bbcbee1fc3d9",
                "mqc_fastqc_per_base_n_content_plot_1.yaml:md5,58e25858251be700167d277c356de29f",
                "mqc_fastqc_per_base_sequence_quality_plot-2_1.yaml:md5,92c672625e8cc282f043b406574fdee7",
                "mqc_fastqc_per_base_sequence_quality_plot_1.yaml:md5,a4bdafea78e4a1049e4e6ce2b1a7e816",
                "mqc_fastqc_per_sequence_gc_content_plot-2_Counts.yaml:md5,bc9cc5b8db8da387bab8e46fe29ec9f0",
                "mqc_fastqc_per_sequence_gc_content_plot-2_Percentages.yaml:md5,7b9461bb648346514d1dde264cab0ce9",
                "mqc_fastqc_per_sequence_gc_content_plot_Counts.yaml:md5,51925369c6520f704450148fd9547fc7",
                "mqc_fastqc_per_sequence_gc_content_plot_Percentages.yaml:md5,3c573781c5d682cdc8680e5d092e4745",
                "mqc_fastqc_per_sequence_quality_scores_plot-2_1.yaml:md5,a7e42c87513455a805052fecde398534",
                "mqc_fastqc_per_sequence_quality_scores_plot_1.yaml:md5,f74d59e6e31ce5a08526df2478e89e82",
                "mqc_fastqc_sequence_counts_plot-2_1.yaml:md5,048f6e23e07442e79aed309bd8209cd7",
                "mqc_fastqc_sequence_counts_plot_1.yaml:md5,92ddea214b555d616986db63a27c2fd8",
                "mqc_fastqc_sequence_duplication_levels_plot-2_1.yaml:md5,5a54bfac7a3c5f58437aea95367ea1a9",
                "mqc_fastqc_sequence_duplication_levels_plot_1.yaml:md5,48bcfc30b81a4a77fca5ff31b97a1b94",
                "mqc_fastqc_sequence_length_distribution_plot-2_1.yaml:md5,d13a473647db97788ee55c40278e8884",
                "mqc_fastqc_sequence_length_distribution_plot_1.yaml:md5,b61ee98db5dbee6c5e74e7e77567f9c2",
                "mqc_nanostat_quality_dist_1.yaml:md5,e9b3d36de04919a03bde805a3e2df7a1",
                "mqc_porechop-endtrim-barplot_1.yaml:md5,a6396edf17f4e4ed9954cda933af2b7b",
                "mqc_porechop-middlesplit-barplot_1.yaml:md5,5e89ca1f45fb6876b58ddbb20b86ea77",
                "mqc_porechop-starttrim-barplot_1.yaml:md5,34e8d91183bd582532ac654e8e287945",
                "multiqc_citations.yaml:md5,c1962a840fe1cf1698fbdeb8953601ed",
                "multiqc_fastp.yaml:md5,ed975e259ac4db3e9c2ba4dcd618fc18",
                "multiqc_fastqc.yaml:md5,a0b5fd24bb745bb77511c1962086fcf0",
                "multiqc_fastqc_1.yaml:md5,daf5f34bdacbbc207f86fc95768ce9a2",
                "multiqc_nanostat.yaml:md5,c9346968eeb2741d12322c9a5bb0c6c2",
                "A1403KPN.fastp.json:md5,be3cb43a0cfe3d2bd4990953318262d2"
            ]
        ],
        "meta": {
            "nf-test": "0.9.2",
            "nextflow": "25.04.2"
        },
        "timestamp": "2025-07-08T10:12:45.188352097"
    }
}