{
    "-profile test_hybrid": {
        "content": [
            12,
            {
                "BUSCO_BUSCO": {
                    "busco": "5.8.3"
                },
                "FASTP": {
                    "fastp": "0.23.4"
                },
                "FASTQC_RAW": {
                    "fastqc": "0.12.1"
                },
                "FASTQC_TRIM": {
                    "fastqc": "0.12.1"
                },
                "MEDAKA": {
                    "medaka": "1.4.3"
                },
                "NANOPLOT": {
                    "nanoplot": "1.41.6"
                },
                "PORECHOP_PORECHOP": {
                    "porechop": "0.2.4"
                },
                "PROKKA": {
                    "prokka": "1.14.6"
                },
                "QUAST": {
                    "quast": "5.2.0"
                },
                "TOULLIGQC": {
                    "toulligqc": "2.5.6"
                },
                "UNICYCLER": {
                    "unicycler": "0.5.0"
                },
                "Workflow": {
                    "nf-core/bacass": "v2.5.0dev"
                }
            },
            [
                "FastQC",
                "FastQC/raw",
                "FastQC/raw/ERR044595_1_fastqc.html",
                "FastQC/raw/ERR044595_1_fastqc.zip",
                "FastQC/raw/ERR044595_2_fastqc.html",
                "FastQC/raw/ERR044595_2_fastqc.zip",
                "FastQC/trim",
                "FastQC/trim/ERR044595_1_fastqc.html",
                "FastQC/trim/ERR044595_2_fastqc.html",
                "Medaka",
                "Medaka/ERR044595_polished_genome.fa",
                "Prokka",
                "Prokka/ERR044595",
                "Prokka/ERR044595/ERR044595.err",
                "Prokka/ERR044595/ERR044595.faa",
                "Prokka/ERR044595/ERR044595.ffn",
                "Prokka/ERR044595/ERR044595.fna",
                "Prokka/ERR044595/ERR044595.fsa",
                "Prokka/ERR044595/ERR044595.gbk",
                "Prokka/ERR044595/ERR044595.gff",
                "Prokka/ERR044595/ERR044595.log",
                "Prokka/ERR044595/ERR044595.sqn",
                "Prokka/ERR044595/ERR044595.tbl",
                "Prokka/ERR044595/ERR044595.tsv",
                "Prokka/ERR044595/ERR044595.txt",
                "QC_longreads",
                "QC_longreads/NanoPlot",
                "QC_longreads/NanoPlot/ERR044595.txt",
                "QC_longreads/NanoPlot/LengthvsQualityScatterPlot_dot.html",
                "QC_longreads/NanoPlot/LengthvsQualityScatterPlot_dot.png",
                "QC_longreads/NanoPlot/LengthvsQualityScatterPlot_kde.html",
                "QC_longreads/NanoPlot/LengthvsQualityScatterPlot_kde.png",
                "QC_longreads/NanoPlot/NanoPlot-report.html",
                "QC_longreads/NanoPlot/Non_weightedHistogramReadlength.html",
                "QC_longreads/NanoPlot/Non_weightedHistogramReadlength.png",
                "QC_longreads/NanoPlot/Non_weightedLogTransformed_HistogramReadlength.html",
                "QC_longreads/NanoPlot/Non_weightedLogTransformed_HistogramReadlength.png",
                "QC_longreads/NanoPlot/WeightedHistogramReadlength.html",
                "QC_longreads/NanoPlot/WeightedHistogramReadlength.png",
                "QC_longreads/NanoPlot/WeightedLogTransformed_HistogramReadlength.html",
                "QC_longreads/NanoPlot/WeightedLogTransformed_HistogramReadlength.png",
                "QC_longreads/NanoPlot/Yield_By_Length.html",
                "QC_longreads/NanoPlot/Yield_By_Length.png",
                "QC_longreads/ToulligQC",
                "QUAST",
                "QUAST/report",
                "QUAST/report/basic_stats",
                "QUAST/report/basic_stats/ERR044595_polished_genome_GC_content_plot.pdf",
                "QUAST/report/basic_stats/GC_content_plot.pdf",
                "QUAST/report/basic_stats/Nx_plot.pdf",
                "QUAST/report/basic_stats/cumulative_plot.pdf",
                "QUAST/report/icarus.html",
                "QUAST/report/icarus_viewers",
                "QUAST/report/icarus_viewers/contig_size_viewer.html",
                "QUAST/report/quast.log",
                "QUAST/report/report.html",
                "QUAST/report/report.pdf",
                "QUAST/report/report.tex",
                "QUAST/report/report.tsv",
                "QUAST/report/report.txt",
                "QUAST/report/transposed_report.tex",
                "QUAST/report/transposed_report.tsv",
                "QUAST/report/transposed_report.txt",
                "Unicycler",
                "Unicycler/ERR044595.assembly.gfa.gz",
                "Unicycler/ERR044595.scaffolds.fa.gz",
                "Unicycler/ERR044595.unicycler.log",
                "busco",
                "busco/ERR044595-bacteria_odb10-busco",
                "busco/ERR044595-bacteria_odb10-busco.batch_summary.txt",
                "busco/ERR044595-bacteria_odb10-busco.log",
                "busco/ERR044595-bacteria_odb10-busco/ERR044595_polished_genome.fa",
                "busco/ERR044595-bacteria_odb10-busco/ERR044595_polished_genome.fa/logs",
                "busco/ERR044595-bacteria_odb10-busco/ERR044595_polished_genome.fa/logs/bbtools_err.log",
                "busco/ERR044595-bacteria_odb10-busco/ERR044595_polished_genome.fa/logs/bbtools_out.log",
                "busco/ERR044595-bacteria_odb10-busco/ERR044595_polished_genome.fa/logs/hmmsearch_err.log",
                "busco/ERR044595-bacteria_odb10-busco/ERR044595_polished_genome.fa/logs/hmmsearch_out.log",
                "busco/ERR044595-bacteria_odb10-busco/ERR044595_polished_genome.fa/logs/prodigal_err.log",
                "busco/ERR044595-bacteria_odb10-busco/ERR044595_polished_genome.fa/logs/prodigal_out.log",
                "busco/ERR044595-bacteria_odb10-busco/ERR044595_polished_genome.fa/prodigal_output",
                "busco/ERR044595-bacteria_odb10-busco/ERR044595_polished_genome.fa/prodigal_output/.checkpoint",
                "busco/ERR044595-bacteria_odb10-busco/ERR044595_polished_genome.fa/prodigal_output/predicted_genes",
                "busco/ERR044595-bacteria_odb10-busco/ERR044595_polished_genome.fa/prodigal_output/predicted_genes/predicted.faa",
                "busco/ERR044595-bacteria_odb10-busco/ERR044595_polished_genome.fa/prodigal_output/predicted_genes/predicted.fna",
                "busco/ERR044595-bacteria_odb10-busco/ERR044595_polished_genome.fa/prodigal_output/predicted_genes/tmp",
                "busco/ERR044595-bacteria_odb10-busco/ERR044595_polished_genome.fa/prodigal_output/predicted_genes/tmp/prodigal_mode_single_code_11.faa",
                "busco/ERR044595-bacteria_odb10-busco/ERR044595_polished_genome.fa/prodigal_output/predicted_genes/tmp/prodigal_mode_single_code_11.fna",
                "busco/ERR044595-bacteria_odb10-busco/ERR044595_polished_genome.fa/prodigal_output/predicted_genes/tmp/prodigal_mode_single_code_11_err.log",
                "busco/ERR044595-bacteria_odb10-busco/ERR044595_polished_genome.fa/prodigal_output/predicted_genes/tmp/prodigal_mode_single_code_11_out.log",
                "busco/ERR044595-bacteria_odb10-busco/ERR044595_polished_genome.fa/run_bacteria_odb10",
                "busco/ERR044595-bacteria_odb10-busco/ERR044595_polished_genome.fa/run_bacteria_odb10/.bbtools_output",
                "busco/ERR044595-bacteria_odb10-busco/ERR044595_polished_genome.fa/run_bacteria_odb10/.bbtools_output/.checkpoint",
                "busco/ERR044595-bacteria_odb10-busco/ERR044595_polished_genome.fa/run_bacteria_odb10/busco_sequences",
                "busco/ERR044595-bacteria_odb10-busco/ERR044595_polished_genome.fa/run_bacteria_odb10/full_table.tsv",
                "busco/ERR044595-bacteria_odb10-busco/ERR044595_polished_genome.fa/run_bacteria_odb10/hmmer_output",
                "busco/ERR044595-bacteria_odb10-busco/ERR044595_polished_genome.fa/run_bacteria_odb10/missing_busco_list.tsv",
                "busco/ERR044595-bacteria_odb10-busco/ERR044595_polished_genome.fa/run_bacteria_odb10/short_summary.json",
                "busco/ERR044595-bacteria_odb10-busco/ERR044595_polished_genome.fa/run_bacteria_odb10/short_summary.txt",
                "busco/ERR044595-bacteria_odb10-busco/logs",
                "busco/busco_downloads",
                "busco/short_summary.specific.bacteria_odb10.ERR044595_polished_genome.fa.json",
                "busco/short_summary.specific.bacteria_odb10.ERR044595_polished_genome.fa.txt",
                "multiqc",
                "multiqc/multiqc_data",
                "multiqc/multiqc_data/mqc_busco_plot_bacteria_odb10_1.yaml",
                "multiqc/multiqc_data/mqc_fastp-insert-size-plot_1.yaml",
                "multiqc/multiqc_data/mqc_fastp-seq-content-gc-plot_Read_1_After_filtering.yaml",
                "multiqc/multiqc_data/mqc_fastp-seq-content-gc-plot_Read_1_Before_filtering.yaml",
                "multiqc/multiqc_data/mqc_fastp-seq-content-gc-plot_Read_2_After_filtering.yaml",
                "multiqc/multiqc_data/mqc_fastp-seq-content-gc-plot_Read_2_Before_filtering.yaml",
                "multiqc/multiqc_data/mqc_fastp-seq-content-n-plot_Read_1_After_filtering.yaml",
                "multiqc/multiqc_data/mqc_fastp-seq-content-n-plot_Read_1_Before_filtering.yaml",
                "multiqc/multiqc_data/mqc_fastp-seq-content-n-plot_Read_2_After_filtering.yaml",
                "multiqc/multiqc_data/mqc_fastp-seq-content-n-plot_Read_2_Before_filtering.yaml",
                "multiqc/multiqc_data/mqc_fastp-seq-quality-plot_Read_1_After_filtering.yaml",
                "multiqc/multiqc_data/mqc_fastp-seq-quality-plot_Read_1_Before_filtering.yaml",
                "multiqc/multiqc_data/mqc_fastp-seq-quality-plot_Read_2_After_filtering.yaml",
                "multiqc/multiqc_data/mqc_fastp-seq-quality-plot_Read_2_Before_filtering.yaml",
                "multiqc/multiqc_data/mqc_fastp_filtered_reads_plot_1.yaml",
                "multiqc/multiqc_data/mqc_fastqc_adapter_content_plot_1.yaml",
                "multiqc/multiqc_data/mqc_fastqc_per_base_n_content_plot-2_1.yaml",
                "multiqc/multiqc_data/mqc_fastqc_per_base_n_content_plot_1.yaml",
                "multiqc/multiqc_data/mqc_fastqc_per_base_sequence_quality_plot-2_1.yaml",
                "multiqc/multiqc_data/mqc_fastqc_per_base_sequence_quality_plot_1.yaml",
                "multiqc/multiqc_data/mqc_fastqc_per_sequence_gc_content_plot-2_Counts.yaml",
                "multiqc/multiqc_data/mqc_fastqc_per_sequence_gc_content_plot-2_Percentages.yaml",
                "multiqc/multiqc_data/mqc_fastqc_per_sequence_gc_content_plot_Counts.yaml",
                "multiqc/multiqc_data/mqc_fastqc_per_sequence_gc_content_plot_Percentages.yaml",
                "multiqc/multiqc_data/mqc_fastqc_per_sequence_quality_scores_plot-2_1.yaml",
                "multiqc/multiqc_data/mqc_fastqc_per_sequence_quality_scores_plot_1.yaml",
                "multiqc/multiqc_data/mqc_fastqc_sequence_counts_plot-2_1.yaml",
                "multiqc/multiqc_data/mqc_fastqc_sequence_counts_plot_1.yaml",
                "multiqc/multiqc_data/mqc_fastqc_sequence_duplication_levels_plot-2_1.yaml",
                "multiqc/multiqc_data/mqc_fastqc_sequence_duplication_levels_plot_1.yaml",
                "multiqc/multiqc_data/mqc_fastqc_sequence_length_distribution_plot_1.yaml",
                "multiqc/multiqc_data/mqc_nanostat_quality_dist_1.yaml",
                "multiqc/multiqc_data/mqc_porechop-endtrim-barplot_1.yaml",
                "multiqc/multiqc_data/mqc_porechop-middlesplit-barplot_1.yaml",
                "multiqc/multiqc_data/mqc_porechop-starttrim-barplot_1.yaml",
                "multiqc/multiqc_data/mqc_prokka_plot_1.yaml",
                "multiqc/multiqc_data/mqc_quast_num_contigs_1.yaml",
                "multiqc/multiqc_data/multiqc.log",
                "multiqc/multiqc_data/multiqc_busco.yaml",
                "multiqc/multiqc_data/multiqc_citations.yaml",
                "multiqc/multiqc_data/multiqc_data.json",
                "multiqc/multiqc_data/multiqc_fastp.yaml",
                "multiqc/multiqc_data/multiqc_fastqc.yaml",
                "multiqc/multiqc_data/multiqc_fastqc_1.yaml",
                "multiqc/multiqc_data/multiqc_general_stats.yaml",
                "multiqc/multiqc_data/multiqc_nanostat.yaml",
                "multiqc/multiqc_data/multiqc_prokka.yaml",
                "multiqc/multiqc_data/multiqc_quast.yaml",
                "multiqc/multiqc_data/multiqc_software_versions.yaml",
                "multiqc/multiqc_data/multiqc_sources.yaml",
                "multiqc/multiqc_data/porechop.yaml",
                "multiqc/multiqc_plots",
                "multiqc/multiqc_plots/pdf",
                "multiqc/multiqc_plots/pdf/mqc_busco_plot_bacteria_odb10_1.pdf",
                "multiqc/multiqc_plots/pdf/mqc_busco_plot_bacteria_odb10_1_pc.pdf",
                "multiqc/multiqc_plots/pdf/mqc_fastp-insert-size-plot_1.pdf",
                "multiqc/multiqc_plots/pdf/mqc_fastp-seq-content-gc-plot_Read_1_After_filtering.pdf",
                "multiqc/multiqc_plots/pdf/mqc_fastp-seq-content-gc-plot_Read_1_Before_filtering.pdf",
                "multiqc/multiqc_plots/pdf/mqc_fastp-seq-content-gc-plot_Read_2_After_filtering.pdf",
                "multiqc/multiqc_plots/pdf/mqc_fastp-seq-content-gc-plot_Read_2_Before_filtering.pdf",
                "multiqc/multiqc_plots/pdf/mqc_fastp-seq-content-n-plot_Read_1_After_filtering.pdf",
                "multiqc/multiqc_plots/pdf/mqc_fastp-seq-content-n-plot_Read_1_Before_filtering.pdf",
                "multiqc/multiqc_plots/pdf/mqc_fastp-seq-content-n-plot_Read_2_After_filtering.pdf",
                "multiqc/multiqc_plots/pdf/mqc_fastp-seq-content-n-plot_Read_2_Before_filtering.pdf",
                "multiqc/multiqc_plots/pdf/mqc_fastp-seq-quality-plot_Read_1_After_filtering.pdf",
                "multiqc/multiqc_plots/pdf/mqc_fastp-seq-quality-plot_Read_1_Before_filtering.pdf",
                "multiqc/multiqc_plots/pdf/mqc_fastp-seq-quality-plot_Read_2_After_filtering.pdf",
                "multiqc/multiqc_plots/pdf/mqc_fastp-seq-quality-plot_Read_2_Before_filtering.pdf",
                "multiqc/multiqc_plots/pdf/mqc_fastp_filtered_reads_plot_1.pdf",
                "multiqc/multiqc_plots/pdf/mqc_fastp_filtered_reads_plot_1_pc.pdf",
                "multiqc/multiqc_plots/pdf/mqc_fastqc_adapter_content_plot_1.pdf",
                "multiqc/multiqc_plots/pdf/mqc_fastqc_per_base_n_content_plot-2_1.pdf",
                "multiqc/multiqc_plots/pdf/mqc_fastqc_per_base_n_content_plot_1.pdf",
                "multiqc/multiqc_plots/pdf/mqc_fastqc_per_base_sequence_quality_plot-2_1.pdf",
                "multiqc/multiqc_plots/pdf/mqc_fastqc_per_base_sequence_quality_plot_1.pdf",
                "multiqc/multiqc_plots/pdf/mqc_fastqc_per_sequence_gc_content_plot-2_Counts.pdf",
                "multiqc/multiqc_plots/pdf/mqc_fastqc_per_sequence_gc_content_plot-2_Percentages.pdf",
                "multiqc/multiqc_plots/pdf/mqc_fastqc_per_sequence_gc_content_plot_Counts.pdf",
                "multiqc/multiqc_plots/pdf/mqc_fastqc_per_sequence_gc_content_plot_Percentages.pdf",
                "multiqc/multiqc_plots/pdf/mqc_fastqc_per_sequence_quality_scores_plot-2_1.pdf",
                "multiqc/multiqc_plots/pdf/mqc_fastqc_per_sequence_quality_scores_plot_1.pdf",
                "multiqc/multiqc_plots/pdf/mqc_fastqc_sequence_counts_plot-2_1.pdf",
                "multiqc/multiqc_plots/pdf/mqc_fastqc_sequence_counts_plot-2_1_pc.pdf",
                "multiqc/multiqc_plots/pdf/mqc_fastqc_sequence_counts_plot_1.pdf",
                "multiqc/multiqc_plots/pdf/mqc_fastqc_sequence_counts_plot_1_pc.pdf",
                "multiqc/multiqc_plots/pdf/mqc_fastqc_sequence_duplication_levels_plot-2_1.pdf",
                "multiqc/multiqc_plots/pdf/mqc_fastqc_sequence_duplication_levels_plot_1.pdf",
                "multiqc/multiqc_plots/pdf/mqc_fastqc_sequence_length_distribution_plot_1.pdf",
                "multiqc/multiqc_plots/pdf/mqc_nanostat_quality_dist_1.pdf",
                "multiqc/multiqc_plots/pdf/mqc_nanostat_quality_dist_1_pc.pdf",
                "multiqc/multiqc_plots/pdf/mqc_porechop-endtrim-barplot_1.pdf",
                "multiqc/multiqc_plots/pdf/mqc_porechop-endtrim-barplot_1_pc.pdf",
                "multiqc/multiqc_plots/pdf/mqc_porechop-middlesplit-barplot_1.pdf",
                "multiqc/multiqc_plots/pdf/mqc_porechop-middlesplit-barplot_1_pc.pdf",
                "multiqc/multiqc_plots/pdf/mqc_porechop-starttrim-barplot_1.pdf",
                "multiqc/multiqc_plots/pdf/mqc_porechop-starttrim-barplot_1_pc.pdf",
                "multiqc/multiqc_plots/pdf/mqc_prokka_plot_1.pdf",
                "multiqc/multiqc_plots/pdf/mqc_prokka_plot_1_pc.pdf",
                "multiqc/multiqc_plots/pdf/mqc_quast_num_contigs_1.pdf",
                "multiqc/multiqc_plots/pdf/mqc_quast_num_contigs_1_pc.pdf",
                "multiqc/multiqc_plots/png",
                "multiqc/multiqc_plots/png/mqc_busco_plot_bacteria_odb10_1.png",
                "multiqc/multiqc_plots/png/mqc_busco_plot_bacteria_odb10_1_pc.png",
                "multiqc/multiqc_plots/png/mqc_fastp-insert-size-plot_1.png",
                "multiqc/multiqc_plots/png/mqc_fastp-seq-content-gc-plot_Read_1_After_filtering.png",
                "multiqc/multiqc_plots/png/mqc_fastp-seq-content-gc-plot_Read_1_Before_filtering.png",
                "multiqc/multiqc_plots/png/mqc_fastp-seq-content-gc-plot_Read_2_After_filtering.png",
                "multiqc/multiqc_plots/png/mqc_fastp-seq-content-gc-plot_Read_2_Before_filtering.png",
                "multiqc/multiqc_plots/png/mqc_fastp-seq-content-n-plot_Read_1_After_filtering.png",
                "multiqc/multiqc_plots/png/mqc_fastp-seq-content-n-plot_Read_1_Before_filtering.png",
                "multiqc/multiqc_plots/png/mqc_fastp-seq-content-n-plot_Read_2_After_filtering.png",
                "multiqc/multiqc_plots/png/mqc_fastp-seq-content-n-plot_Read_2_Before_filtering.png",
                "multiqc/multiqc_plots/png/mqc_fastp-seq-quality-plot_Read_1_After_filtering.png",
                "multiqc/multiqc_plots/png/mqc_fastp-seq-quality-plot_Read_1_Before_filtering.png",
                "multiqc/multiqc_plots/png/mqc_fastp-seq-quality-plot_Read_2_After_filtering.png",
                "multiqc/multiqc_plots/png/mqc_fastp-seq-quality-plot_Read_2_Before_filtering.png",
                "multiqc/multiqc_plots/png/mqc_fastp_filtered_reads_plot_1.png",
                "multiqc/multiqc_plots/png/mqc_fastp_filtered_reads_plot_1_pc.png",
                "multiqc/multiqc_plots/png/mqc_fastqc_adapter_content_plot_1.png",
                "multiqc/multiqc_plots/png/mqc_fastqc_per_base_n_content_plot-2_1.png",
                "multiqc/multiqc_plots/png/mqc_fastqc_per_base_n_content_plot_1.png",
                "multiqc/multiqc_plots/png/mqc_fastqc_per_base_sequence_quality_plot-2_1.png",
                "multiqc/multiqc_plots/png/mqc_fastqc_per_base_sequence_quality_plot_1.png",
                "multiqc/multiqc_plots/png/mqc_fastqc_per_sequence_gc_content_plot-2_Counts.png",
                "multiqc/multiqc_plots/png/mqc_fastqc_per_sequence_gc_content_plot-2_Percentages.png",
                "multiqc/multiqc_plots/png/mqc_fastqc_per_sequence_gc_content_plot_Counts.png",
                "multiqc/multiqc_plots/png/mqc_fastqc_per_sequence_gc_content_plot_Percentages.png",
                "multiqc/multiqc_plots/png/mqc_fastqc_per_sequence_quality_scores_plot-2_1.png",
                "multiqc/multiqc_plots/png/mqc_fastqc_per_sequence_quality_scores_plot_1.png",
                "multiqc/multiqc_plots/png/mqc_fastqc_sequence_counts_plot-2_1.png",
                "multiqc/multiqc_plots/png/mqc_fastqc_sequence_counts_plot-2_1_pc.png",
                "multiqc/multiqc_plots/png/mqc_fastqc_sequence_counts_plot_1.png",
                "multiqc/multiqc_plots/png/mqc_fastqc_sequence_counts_plot_1_pc.png",
                "multiqc/multiqc_plots/png/mqc_fastqc_sequence_duplication_levels_plot-2_1.png",
                "multiqc/multiqc_plots/png/mqc_fastqc_sequence_duplication_levels_plot_1.png",
                "multiqc/multiqc_plots/png/mqc_fastqc_sequence_length_distribution_plot_1.png",
                "multiqc/multiqc_plots/png/mqc_nanostat_quality_dist_1.png",
                "multiqc/multiqc_plots/png/mqc_nanostat_quality_dist_1_pc.png",
                "multiqc/multiqc_plots/png/mqc_porechop-endtrim-barplot_1.png",
                "multiqc/multiqc_plots/png/mqc_porechop-endtrim-barplot_1_pc.png",
                "multiqc/multiqc_plots/png/mqc_porechop-middlesplit-barplot_1.png",
                "multiqc/multiqc_plots/png/mqc_porechop-middlesplit-barplot_1_pc.png",
                "multiqc/multiqc_plots/png/mqc_porechop-starttrim-barplot_1.png",
                "multiqc/multiqc_plots/png/mqc_porechop-starttrim-barplot_1_pc.png",
                "multiqc/multiqc_plots/png/mqc_prokka_plot_1.png",
                "multiqc/multiqc_plots/png/mqc_prokka_plot_1_pc.png",
                "multiqc/multiqc_plots/png/mqc_quast_num_contigs_1.png",
                "multiqc/multiqc_plots/png/mqc_quast_num_contigs_1_pc.png",
                "multiqc/multiqc_plots/svg",
                "multiqc/multiqc_plots/svg/mqc_busco_plot_bacteria_odb10_1.svg",
                "multiqc/multiqc_plots/svg/mqc_busco_plot_bacteria_odb10_1_pc.svg",
                "multiqc/multiqc_plots/svg/mqc_fastp-insert-size-plot_1.svg",
                "multiqc/multiqc_plots/svg/mqc_fastp-seq-content-gc-plot_Read_1_After_filtering.svg",
                "multiqc/multiqc_plots/svg/mqc_fastp-seq-content-gc-plot_Read_1_Before_filtering.svg",
                "multiqc/multiqc_plots/svg/mqc_fastp-seq-content-gc-plot_Read_2_After_filtering.svg",
                "multiqc/multiqc_plots/svg/mqc_fastp-seq-content-gc-plot_Read_2_Before_filtering.svg",
                "multiqc/multiqc_plots/svg/mqc_fastp-seq-content-n-plot_Read_1_After_filtering.svg",
                "multiqc/multiqc_plots/svg/mqc_fastp-seq-content-n-plot_Read_1_Before_filtering.svg",
                "multiqc/multiqc_plots/svg/mqc_fastp-seq-content-n-plot_Read_2_After_filtering.svg",
                "multiqc/multiqc_plots/svg/mqc_fastp-seq-content-n-plot_Read_2_Before_filtering.svg",
                "multiqc/multiqc_plots/svg/mqc_fastp-seq-quality-plot_Read_1_After_filtering.svg",
                "multiqc/multiqc_plots/svg/mqc_fastp-seq-quality-plot_Read_1_Before_filtering.svg",
                "multiqc/multiqc_plots/svg/mqc_fastp-seq-quality-plot_Read_2_After_filtering.svg",
                "multiqc/multiqc_plots/svg/mqc_fastp-seq-quality-plot_Read_2_Before_filtering.svg",
                "multiqc/multiqc_plots/svg/mqc_fastp_filtered_reads_plot_1.svg",
                "multiqc/multiqc_plots/svg/mqc_fastp_filtered_reads_plot_1_pc.svg",
                "multiqc/multiqc_plots/svg/mqc_fastqc_adapter_content_plot_1.svg",
                "multiqc/multiqc_plots/svg/mqc_fastqc_per_base_n_content_plot-2_1.svg",
                "multiqc/multiqc_plots/svg/mqc_fastqc_per_base_n_content_plot_1.svg",
                "multiqc/multiqc_plots/svg/mqc_fastqc_per_base_sequence_quality_plot-2_1.svg",
                "multiqc/multiqc_plots/svg/mqc_fastqc_per_base_sequence_quality_plot_1.svg",
                "multiqc/multiqc_plots/svg/mqc_fastqc_per_sequence_gc_content_plot-2_Counts.svg",
                "multiqc/multiqc_plots/svg/mqc_fastqc_per_sequence_gc_content_plot-2_Percentages.svg",
                "multiqc/multiqc_plots/svg/mqc_fastqc_per_sequence_gc_content_plot_Counts.svg",
                "multiqc/multiqc_plots/svg/mqc_fastqc_per_sequence_gc_content_plot_Percentages.svg",
                "multiqc/multiqc_plots/svg/mqc_fastqc_per_sequence_quality_scores_plot-2_1.svg",
                "multiqc/multiqc_plots/svg/mqc_fastqc_per_sequence_quality_scores_plot_1.svg",
                "multiqc/multiqc_plots/svg/mqc_fastqc_sequence_counts_plot-2_1.svg",
                "multiqc/multiqc_plots/svg/mqc_fastqc_sequence_counts_plot-2_1_pc.svg",
                "multiqc/multiqc_plots/svg/mqc_fastqc_sequence_counts_plot_1.svg",
                "multiqc/multiqc_plots/svg/mqc_fastqc_sequence_counts_plot_1_pc.svg",
                "multiqc/multiqc_plots/svg/mqc_fastqc_sequence_duplication_levels_plot-2_1.svg",
                "multiqc/multiqc_plots/svg/mqc_fastqc_sequence_duplication_levels_plot_1.svg",
                "multiqc/multiqc_plots/svg/mqc_fastqc_sequence_length_distribution_plot_1.svg",
                "multiqc/multiqc_plots/svg/mqc_nanostat_quality_dist_1.svg",
                "multiqc/multiqc_plots/svg/mqc_nanostat_quality_dist_1_pc.svg",
                "multiqc/multiqc_plots/svg/mqc_porechop-endtrim-barplot_1.svg",
                "multiqc/multiqc_plots/svg/mqc_porechop-endtrim-barplot_1_pc.svg",
                "multiqc/multiqc_plots/svg/mqc_porechop-middlesplit-barplot_1.svg",
                "multiqc/multiqc_plots/svg/mqc_porechop-middlesplit-barplot_1_pc.svg",
                "multiqc/multiqc_plots/svg/mqc_porechop-starttrim-barplot_1.svg",
                "multiqc/multiqc_plots/svg/mqc_porechop-starttrim-barplot_1_pc.svg",
                "multiqc/multiqc_plots/svg/mqc_prokka_plot_1.svg",
                "multiqc/multiqc_plots/svg/mqc_prokka_plot_1_pc.svg",
                "multiqc/multiqc_plots/svg/mqc_quast_num_contigs_1.svg",
                "multiqc/multiqc_plots/svg/mqc_quast_num_contigs_1_pc.svg",
                "multiqc/multiqc_report.html",
                "pipeline_info",
                "pipeline_info/nf_core_bacass_software_mqc_versions.yml",
                "trimming",
                "trimming/longreads",
                "trimming/longreads/porechop",
                "trimming/longreads/porechop/ERR044595.porechop.log",
                "trimming/shortreads",
                "trimming/shortreads/json_html",
                "trimming/shortreads/json_html/ERR044595.fastp.html",
                "trimming/shortreads/json_html/ERR044595.fastp.json",
                "trimming/shortreads/log",
                "trimming/shortreads/log/ERR044595.fastp.log"
            ],
            [
                "ERR044595.assembly.gfa.gz:md5,bc898821edeaf84029c214d9870df9c1",
                "ERR044595.scaffolds.fa.gz:md5,5607023f2e453ce5da9f0a36780bba60",
                "mqc_busco_plot_bacteria_odb10_1.yaml:md5,4226198a9300d1c31243aa23b32bf0fe",
                "mqc_fastp-insert-size-plot_1.yaml:md5,b361f3cadd080fbb7d4eaf3255ca8587",
                "mqc_fastp-seq-content-gc-plot_Read_1_After_filtering.yaml:md5,77982458bba1ca892c41c2917f11517e",
                "mqc_fastp-seq-content-gc-plot_Read_1_Before_filtering.yaml:md5,5626ca743bfabb3807408bd4b3624c92",
                "mqc_fastp-seq-content-gc-plot_Read_2_After_filtering.yaml:md5,6ac2cfdc7bc1f2c61d701a2391e2eba4",
                "mqc_fastp-seq-content-gc-plot_Read_2_Before_filtering.yaml:md5,39aa6f78dc280426a3c01659cd589143",
                "mqc_fastp-seq-content-n-plot_Read_1_After_filtering.yaml:md5,a06936ab3d4c80174d85959b4648c22c",
                "mqc_fastp-seq-content-n-plot_Read_1_Before_filtering.yaml:md5,2b99ce30c960478ade87ab1f98202c1d",
                "mqc_fastp-seq-content-n-plot_Read_2_After_filtering.yaml:md5,c5d86e555026f79a7e0e05dca8111b26",
                "mqc_fastp-seq-content-n-plot_Read_2_Before_filtering.yaml:md5,ffc87ede16b9d8cd57543df1ca86bb72",
                "mqc_fastp-seq-quality-plot_Read_1_After_filtering.yaml:md5,58cf668364c2aab05e07a1785dea939c",
                "mqc_fastp-seq-quality-plot_Read_1_Before_filtering.yaml:md5,e3d925429148fcc0280a02261af1d543",
                "mqc_fastp-seq-quality-plot_Read_2_After_filtering.yaml:md5,e6da8bf9301331964277c5c6579ea70b",
                "mqc_fastp-seq-quality-plot_Read_2_Before_filtering.yaml:md5,292ff2eadc363a743e927cb6e833ac28",
                "mqc_fastp_filtered_reads_plot_1.yaml:md5,cec5b85db936cd8320e50b9d2c2fb164",
                "mqc_fastqc_adapter_content_plot_1.yaml:md5,03765b759de8ca659af65aa226a0c91b",
                "mqc_fastqc_per_base_n_content_plot-2_1.yaml:md5,52d0d2c26559ce6f02a874ffdd5ff563",
                "mqc_fastqc_per_base_n_content_plot_1.yaml:md5,487a503d88d3f528efbd4b31370be212",
                "mqc_fastqc_per_base_sequence_quality_plot-2_1.yaml:md5,d64472aafb8e6ab2adcf9081c1f40bf5",
                "mqc_fastqc_per_base_sequence_quality_plot_1.yaml:md5,998d5867246dc727d4b2ff0f6114976a",
                "mqc_fastqc_per_sequence_gc_content_plot-2_Counts.yaml:md5,929297caab6aaab9391f1f04134e34ac",
                "mqc_fastqc_per_sequence_gc_content_plot-2_Percentages.yaml:md5,d344d907c13477bf254257ed575aea4e",
                "mqc_fastqc_per_sequence_gc_content_plot_Counts.yaml:md5,629e47dd842b85da55155049f57245ed",
                "mqc_fastqc_per_sequence_gc_content_plot_Percentages.yaml:md5,ab88d368ab782e2d54700986418d8eed",
                "mqc_fastqc_per_sequence_quality_scores_plot-2_1.yaml:md5,c27ccef7d4d47bda512004aa471e7e0a",
                "mqc_fastqc_per_sequence_quality_scores_plot_1.yaml:md5,9c94c30d8c79c371a0ee23e5f7464298",
                "mqc_fastqc_sequence_counts_plot-2_1.yaml:md5,f9bf9a0442ea4597a3d921a556dad0e5",
                "mqc_fastqc_sequence_counts_plot_1.yaml:md5,2016ce12f38f1c0055896a97c239e8e8",
                "mqc_fastqc_sequence_duplication_levels_plot-2_1.yaml:md5,40b02d3d1c520ab503db1bb0e8e0caa1",
                "mqc_fastqc_sequence_duplication_levels_plot_1.yaml:md5,6d48bc221cdbc5943d4723d3f57cdd1e",
                "mqc_fastqc_sequence_length_distribution_plot_1.yaml:md5,09590048b87067b8d7d3495f44d7795d",
                "mqc_nanostat_quality_dist_1.yaml:md5,38867760d093f7b04abb5e03e748573a",
                "mqc_porechop-endtrim-barplot_1.yaml:md5,29573e9fc6174bb91352b0b9f248335f",
                "mqc_porechop-middlesplit-barplot_1.yaml:md5,844b018c7434ca59c893901eef530de8",
                "mqc_porechop-starttrim-barplot_1.yaml:md5,e6cced8fc844dabd795ba0dfa6ec0e64",
                "multiqc_busco.yaml:md5,cc14257553d13289016474578391216c",
                "multiqc_citations.yaml:md5,c1962a840fe1cf1698fbdeb8953601ed",
                "multiqc_fastp.yaml:md5,c77f208bad399ef0250ae293a9d35a4e",
                "multiqc_fastqc.yaml:md5,68dcba3602303c17700845789c5228fb",
                "multiqc_fastqc_1.yaml:md5,9e5474735bdcccbaf6f2bd6039b1a4ee",
                "multiqc_nanostat.yaml:md5,b15cabc45adc271cd6d355ec18244ddc",
                "ERR044595.fastp.json:md5,ab69a1d8f62b6e1be76c83bb1022e882"
            ]
        ],
        "meta": {
            "nf-test": "0.9.2",
            "nextflow": "25.04.2"
        },
        "timestamp": "2025-07-08T09:59:21.268867867"
    }
}