{
    "-profile test_long": {
        "content": [
            11,
            {
                "BUSCO_BUSCO": {
                    "busco": "5.8.3"
                },
                "GUNZIP": {
                    "gunzip": 1.13
                },
                "GUNZIP_MEDAKA": {
                    "gunzip": 1.13
                },
                "MEDAKA": {
                    "medaka": "2.2.2"
                },
                "NANOPLOT": {
                    "nanoplot": "1.46.1"
                },
                "PORECHOP_PORECHOP": {
                    "porechop": "0.2.4"
                },
                "PROKKA": {
                    "prokka": "1.14.6"
                },
                "QUAST": {
                    "quast": "5.3.0"
                },
                "TOULLIGQC": {
                    "toulligqc": "2.8.4"
                },
                "UNICYCLER": {
                    "unicycler": "0.5.1"
                },
                "Workflow": {
                    "nf-core/bacass": "v2.7.0dev"
                }
            },
            [
                "annotation",
                "annotation/prokka",
                "annotation/prokka/TestMe-unicycler-medaka",
                "annotation/prokka/TestMe-unicycler-medaka/TestMe-unicycler-medaka.err",
                "annotation/prokka/TestMe-unicycler-medaka/TestMe-unicycler-medaka.faa",
                "annotation/prokka/TestMe-unicycler-medaka/TestMe-unicycler-medaka.ffn",
                "annotation/prokka/TestMe-unicycler-medaka/TestMe-unicycler-medaka.fna",
                "annotation/prokka/TestMe-unicycler-medaka/TestMe-unicycler-medaka.fsa",
                "annotation/prokka/TestMe-unicycler-medaka/TestMe-unicycler-medaka.gbk",
                "annotation/prokka/TestMe-unicycler-medaka/TestMe-unicycler-medaka.gff",
                "annotation/prokka/TestMe-unicycler-medaka/TestMe-unicycler-medaka.log",
                "annotation/prokka/TestMe-unicycler-medaka/TestMe-unicycler-medaka.sqn",
                "annotation/prokka/TestMe-unicycler-medaka/TestMe-unicycler-medaka.tbl",
                "annotation/prokka/TestMe-unicycler-medaka/TestMe-unicycler-medaka.tsv",
                "annotation/prokka/TestMe-unicycler-medaka/TestMe-unicycler-medaka.txt",
                "assembly",
                "assembly/polishing",
                "assembly/polishing/medaka",
                "assembly/polishing/medaka/TestMe-unicycler-medaka_polished_genome.fa.gz",
                "assembly/unicycler",
                "assembly/unicycler/TestMe-unicycler.assembly.gfa.gz",
                "assembly/unicycler/TestMe-unicycler.scaffolds.fa.gz",
                "assembly/unicycler/TestMe-unicycler.unicycler.log",
                "assembly_qc",
                "assembly_qc/busco",
                "assembly_qc/busco/TestMe-unicycler-medaka-bacteria_odb10-busco.batch_summary.txt",
                "assembly_qc/busco/TestMe-unicycler-medaka-bacteria_odb10-busco.log",
                "assembly_qc/busco/short_summary.specific.bacteria_odb10.TestMe-unicycler-medaka_polished_genome.fa.json",
                "assembly_qc/busco/short_summary.specific.bacteria_odb10.TestMe-unicycler-medaka_polished_genome.fa.txt",
                "assembly_qc/quast",
                "assembly_qc/quast/overall",
                "assembly_qc/quast/overall/report",
                "assembly_qc/quast/overall/report/basic_stats",
                "assembly_qc/quast/overall/report/basic_stats/GC_content_plot.pdf",
                "assembly_qc/quast/overall/report/basic_stats/Nx_plot.pdf",
                "assembly_qc/quast/overall/report/basic_stats/TestMe-unicycler-medaka_polished_genome_GC_content_plot.pdf",
                "assembly_qc/quast/overall/report/basic_stats/cumulative_plot.pdf",
                "assembly_qc/quast/overall/report/icarus.html",
                "assembly_qc/quast/overall/report/icarus_viewers",
                "assembly_qc/quast/overall/report/icarus_viewers/contig_size_viewer.html",
                "assembly_qc/quast/overall/report/quast.log",
                "assembly_qc/quast/overall/report/report.html",
                "assembly_qc/quast/overall/report/report.pdf",
                "assembly_qc/quast/overall/report/report.tex",
                "assembly_qc/quast/overall/report/report.tsv",
                "assembly_qc/quast/overall/report/report.txt",
                "assembly_qc/quast/overall/report/transposed_report.tex",
                "assembly_qc/quast/overall/report/transposed_report.tsv",
                "assembly_qc/quast/overall/report/transposed_report.txt",
                "multiqc",
                "multiqc/multiqc_data",
                "multiqc/multiqc_data/mqc_busco_plot_bacteria_odb10_1.yaml",
                "multiqc/multiqc_data/mqc_porechop-endtrim-barplot_1.yaml",
                "multiqc/multiqc_data/mqc_porechop-middlesplit-barplot_1.yaml",
                "multiqc/multiqc_data/mqc_porechop-starttrim-barplot_1.yaml",
                "multiqc/multiqc_data/mqc_prokka_plot_1.yaml",
                "multiqc/multiqc_data/mqc_quast_num_contigs_1.yaml",
                "multiqc/multiqc_data/multiqc.log",
                "multiqc/multiqc_data/multiqc_busco.yaml",
                "multiqc/multiqc_data/multiqc_citations.yaml",
                "multiqc/multiqc_data/multiqc_data.json",
                "multiqc/multiqc_data/multiqc_general_stats.yaml",
                "multiqc/multiqc_data/multiqc_nanostat.yaml",
                "multiqc/multiqc_data/multiqc_prokka.yaml",
                "multiqc/multiqc_data/multiqc_quast.yaml",
                "multiqc/multiqc_data/multiqc_software_versions.yaml",
                "multiqc/multiqc_data/multiqc_sources.yaml",
                "multiqc/multiqc_data/porechop.yaml",
                "multiqc/multiqc_plots",
                "multiqc/multiqc_plots/pdf",
                "multiqc/multiqc_plots/pdf/mqc_busco_plot_bacteria_odb10_1.pdf",
                "multiqc/multiqc_plots/pdf/mqc_busco_plot_bacteria_odb10_1_pc.pdf",
                "multiqc/multiqc_plots/pdf/mqc_porechop-endtrim-barplot_1.pdf",
                "multiqc/multiqc_plots/pdf/mqc_porechop-endtrim-barplot_1_pc.pdf",
                "multiqc/multiqc_plots/pdf/mqc_porechop-middlesplit-barplot_1.pdf",
                "multiqc/multiqc_plots/pdf/mqc_porechop-middlesplit-barplot_1_pc.pdf",
                "multiqc/multiqc_plots/pdf/mqc_porechop-starttrim-barplot_1.pdf",
                "multiqc/multiqc_plots/pdf/mqc_porechop-starttrim-barplot_1_pc.pdf",
                "multiqc/multiqc_plots/pdf/mqc_prokka_plot_1.pdf",
                "multiqc/multiqc_plots/pdf/mqc_prokka_plot_1_pc.pdf",
                "multiqc/multiqc_plots/pdf/mqc_quast_num_contigs_1.pdf",
                "multiqc/multiqc_plots/pdf/mqc_quast_num_contigs_1_pc.pdf",
                "multiqc/multiqc_plots/png",
                "multiqc/multiqc_plots/png/mqc_busco_plot_bacteria_odb10_1.png",
                "multiqc/multiqc_plots/png/mqc_busco_plot_bacteria_odb10_1_pc.png",
                "multiqc/multiqc_plots/png/mqc_porechop-endtrim-barplot_1.png",
                "multiqc/multiqc_plots/png/mqc_porechop-endtrim-barplot_1_pc.png",
                "multiqc/multiqc_plots/png/mqc_porechop-middlesplit-barplot_1.png",
                "multiqc/multiqc_plots/png/mqc_porechop-middlesplit-barplot_1_pc.png",
                "multiqc/multiqc_plots/png/mqc_porechop-starttrim-barplot_1.png",
                "multiqc/multiqc_plots/png/mqc_porechop-starttrim-barplot_1_pc.png",
                "multiqc/multiqc_plots/png/mqc_prokka_plot_1.png",
                "multiqc/multiqc_plots/png/mqc_prokka_plot_1_pc.png",
                "multiqc/multiqc_plots/png/mqc_quast_num_contigs_1.png",
                "multiqc/multiqc_plots/png/mqc_quast_num_contigs_1_pc.png",
                "multiqc/multiqc_plots/svg",
                "multiqc/multiqc_plots/svg/mqc_busco_plot_bacteria_odb10_1.svg",
                "multiqc/multiqc_plots/svg/mqc_busco_plot_bacteria_odb10_1_pc.svg",
                "multiqc/multiqc_plots/svg/mqc_porechop-endtrim-barplot_1.svg",
                "multiqc/multiqc_plots/svg/mqc_porechop-endtrim-barplot_1_pc.svg",
                "multiqc/multiqc_plots/svg/mqc_porechop-middlesplit-barplot_1.svg",
                "multiqc/multiqc_plots/svg/mqc_porechop-middlesplit-barplot_1_pc.svg",
                "multiqc/multiqc_plots/svg/mqc_porechop-starttrim-barplot_1.svg",
                "multiqc/multiqc_plots/svg/mqc_porechop-starttrim-barplot_1_pc.svg",
                "multiqc/multiqc_plots/svg/mqc_prokka_plot_1.svg",
                "multiqc/multiqc_plots/svg/mqc_prokka_plot_1_pc.svg",
                "multiqc/multiqc_plots/svg/mqc_quast_num_contigs_1.svg",
                "multiqc/multiqc_plots/svg/mqc_quast_num_contigs_1_pc.svg",
                "multiqc/multiqc_report.html",
                "pipeline_info",
                "pipeline_info/nf_core_bacass_software_mqc_versions.yml",
                "reads_qc",
                "reads_qc/longreads",
                "reads_qc/longreads/nanoplot",
                "reads_qc/longreads/nanoplot/LengthvsQualityScatterPlot_dot.html",
                "reads_qc/longreads/nanoplot/LengthvsQualityScatterPlot_kde.html",
                "reads_qc/longreads/nanoplot/NanoPlot-report.html",
                "reads_qc/longreads/nanoplot/Non_weightedHistogramReadlength.html",
                "reads_qc/longreads/nanoplot/Non_weightedLogTransformed_HistogramReadlength.html",
                "reads_qc/longreads/nanoplot/TestMe.txt",
                "reads_qc/longreads/nanoplot/WeightedHistogramReadlength.html",
                "reads_qc/longreads/nanoplot/WeightedLogTransformed_HistogramReadlength.html",
                "reads_qc/longreads/nanoplot/Yield_By_Length.html",
                "reads_qc/longreads/porechop",
                "reads_qc/longreads/porechop/TestMe.porechop.log",
                "reads_qc/longreads/toulligqc",
                "reads_qc/longreads/toulligqc/TestMeToulligqc-report-2026-07-27-092837",
                "reads_qc/longreads/toulligqc/TestMeToulligqc-report-2026-07-27-092837/images",
                "reads_qc/longreads/toulligqc/TestMeToulligqc-report-2026-07-27-092837/images/Channel_occupancy_of_the_flowcell.html",
                "reads_qc/longreads/toulligqc/TestMeToulligqc-report-2026-07-27-092837/images/Correlation_between_read_length_and_PHRED_score.html",
                "reads_qc/longreads/toulligqc/TestMeToulligqc-report-2026-07-27-092837/images/Distribution_of_read_lengths.html",
                "reads_qc/longreads/toulligqc/TestMeToulligqc-report-2026-07-27-092837/images/PHRED_score_density_distribution.html",
                "reads_qc/longreads/toulligqc/TestMeToulligqc-report-2026-07-27-092837/images/PHRED_score_distribution.html",
                "reads_qc/longreads/toulligqc/TestMeToulligqc-report-2026-07-27-092837/images/PHRED_score_over_time.html",
                "reads_qc/longreads/toulligqc/TestMeToulligqc-report-2026-07-27-092837/images/Read_count_histogram.html",
                "reads_qc/longreads/toulligqc/TestMeToulligqc-report-2026-07-27-092837/images/Read_length_over_time.html",
                "reads_qc/longreads/toulligqc/TestMeToulligqc-report-2026-07-27-092837/images/Yield_plot_through_time.html",
                "reads_qc/longreads/toulligqc/TestMeToulligqc-report-2026-07-27-092837/images/plotly.min.js",
                "reads_qc/longreads/toulligqc/TestMeToulligqc-report-2026-07-27-092837/report.data",
                "reads_qc/longreads/toulligqc/TestMeToulligqc-report-2026-07-27-092837/report.html"
            ],
            [
                "TestMe-unicycler-medaka.err:md5,51c53307e0fe051290c0cad7eda1d815",
                "TestMe-unicycler-medaka.faa:md5,6102d740984c69fca64ebaabbe7cdaca",
                "TestMe-unicycler-medaka.ffn:md5,bdba3a97eb6bb5ef8062e76dd9a0e715",
                "TestMe-unicycler-medaka.fna:md5,a87a18e358d97d6c8e8365a25eb5f927",
                "TestMe-unicycler-medaka.fsa:md5,5bb2ee94621c948d22934e79d110e07c",
                "TestMe-unicycler-medaka.gbk:md5,13282b2a8d7c5c2c0973744c1aa5073e",
                "TestMe-unicycler-medaka.gff:md5,104cf6ffa01d240b91e33b1c4bbb5fc3",
                "TestMe-unicycler-medaka.log:md5,4b2e08d2d9d74dbff4c26b57ca167420",
                "TestMe-unicycler-medaka.sqn:md5,4dba42b8ab7ca95e8be3e347e127cc60",
                "TestMe-unicycler-medaka.tbl:md5,4e8ed1617c4a8aa3826c8dd0b434b914",
                "TestMe-unicycler-medaka.tsv:md5,c44ebde6a0909b3de8246636c5f12edc",
                "TestMe-unicycler-medaka.txt:md5,e7f00942fd21efe61a2ccd78b728d126",
                "TestMe-unicycler-medaka_polished_genome.fa.gz:md5,cb6412af4412051549f0b10f14728eb9",
                "TestMe-unicycler.assembly.gfa.gz:md5,23a7fcda434d9d31bc77c88db004f2f8",
                "TestMe-unicycler.scaffolds.fa.gz:md5,0f8a3007f245df1870c892ed11a60f94",
                "TestMe-unicycler.unicycler.log:md5,7e3db2c391210cc5db11c36421ebf64f",
                "TestMe-unicycler-medaka-bacteria_odb10-busco.batch_summary.txt:md5,0ed05854912bbb6e91207600e22f4bf2",
                "TestMe-unicycler-medaka-bacteria_odb10-busco.log:md5,a0b38d936fd1a1979b690682c1ec4c4c",
                "short_summary.specific.bacteria_odb10.TestMe-unicycler-medaka_polished_genome.fa.json:md5,f1d7a0671c7d7bf674d499a733afee0d",
                "short_summary.specific.bacteria_odb10.TestMe-unicycler-medaka_polished_genome.fa.txt:md5,3e7d95181a905acf55e6ea6ae65a2551",
                "GC_content_plot.pdf:md5,a33ec617d09b378778a3fa7f7ef0d476",
                "Nx_plot.pdf:md5,9279b42365d834ca19c7ec311357fc07",
                "TestMe-unicycler-medaka_polished_genome_GC_content_plot.pdf:md5,05a0800514e85ca33a2c8a92cd14a9ab",
                "cumulative_plot.pdf:md5,bb02228a977299c81f01ef49e34cb7cc",
                "icarus.html:md5,91c1b6e4d8903c3f28e8141422c3e757",
                "contig_size_viewer.html:md5,dfc3f1e36aaf6b5d858a483c4afcb8a9",
                "quast.log:md5,f1a68ffc8926a32c0c230a0a84a0469a",
                "report.html:md5,2b0f65d134acf2aeffcd00ae583322eb",
                "report.pdf:md5,0937ffb5b3bee2b4d870e9b58eccc118",
                "report.tex:md5,cea840208acbda031e241db48e5b5f1a",
                "report.tsv:md5,536401e849b13606201f3bb500659968",
                "report.txt:md5,5b8e0ec79b79797633ed240b57204347",
                "transposed_report.tex:md5,e9e4ffc6b53a146c0927a383dd923044",
                "transposed_report.tsv:md5,c46221eb70332fa416f8e56843da108f",
                "transposed_report.txt:md5,231b1b5c8fca207cb72236f60294e99e",
                "mqc_porechop-endtrim-barplot_1.yaml:md5,01be4aa5df6783634f6e8bb8208f550d",
                "mqc_porechop-middlesplit-barplot_1.yaml:md5,d7c6c6307fa5a50527bd1aa179c0dab5",
                "mqc_porechop-starttrim-barplot_1.yaml:md5,af425e12dc2f12ca3a611f24ec8cd5b7",
                "multiqc_citations.yaml:md5,80450f20190a42871cb64f62ae9bec3e",
                "multiqc_nanostat.yaml:md5,3707e05541222ccbe609d6b751f33d0d",
                "LengthvsQualityScatterPlot_dot.html:md5,a6fed0667d2034f39c66dc356e4fbd36",
                "LengthvsQualityScatterPlot_kde.html:md5,2feb0135721bd53850fe41eaa6b91c18",
                "NanoPlot-report.html:md5,ecbf1a477815e8b1f9987871f81cb642",
                "Non_weightedHistogramReadlength.html:md5,d3a2713191f6cdef34b9bd931c1636fa",
                "Non_weightedLogTransformed_HistogramReadlength.html:md5,72b5a6dbe31415d314d5ef8178919d00",
                "TestMe.txt:md5,91659c884ad53ebbfe913a02be3f7beb",
                "WeightedHistogramReadlength.html:md5,7e1b3560b4312a556129bfea43aec0fd",
                "WeightedLogTransformed_HistogramReadlength.html:md5,70cddb8c4a476efb7cba19030a758ca0",
                "Yield_By_Length.html:md5,5b5f2d37beca0b41f594be81e2beec51",
                "TestMe.porechop.log:md5,0639b239e230168905e15d1546f2c320",
                "Channel_occupancy_of_the_flowcell.html:md5,804cd64191a1244ea651dbc26ee282a2",
                "Correlation_between_read_length_and_PHRED_score.html:md5,6e9d674629ff9a401312498ba176b7ff",
                "Distribution_of_read_lengths.html:md5,51f45221b8be5852be71cfad78b8554a",
                "PHRED_score_density_distribution.html:md5,f68cbd9e4cb62ec85f14203f5b3851df",
                "PHRED_score_distribution.html:md5,ecfb526345ac4b530779c99d367bc392",
                "PHRED_score_over_time.html:md5,346fdafd5230cf8188b0f2a531640e9d",
                "Read_count_histogram.html:md5,7e5b2d88f5359da0cdb992adc649cd05",
                "Read_length_over_time.html:md5,fb4a515a2d38f3496f904262a4ed6fc0",
                "Yield_plot_through_time.html:md5,2cdc69c8fe2c06b8d39834fbb0a02bdb",
                "plotly.min.js:md5,059f6ecfa3930aa0b85b6ef4591390e4",
                "report.data:md5,37d1e0042a0125dab4b3cbb779c13fdd",
                "report.html:md5,9e2e3257ac95268eac493401b589484b"
            ]
        ],
        "timestamp": "2026-07-27T11:32:08.460247596",
        "meta": {
            "nf-test": "0.9.5",
            "nextflow": "26.04.6"
        }
    }
}