{
    "-profile test_long_miniasm": {
        "content": [
            14,
            {
                "BUSCO_BUSCO": {
                    "busco": "5.8.3"
                },
                "KRAKEN2_DB_PREPARATION": {
                    "tar": null
                },
                "KRAKEN2_LONG": {
                    "kraken2": "2.1.2",
                    "pigz": 2.6
                },
                "MEDAKA": {
                    "medaka": "1.4.3"
                },
                "MINIASM": {
                    "miniasm": "0.3-r179"
                },
                "MINIMAP2_ALIGN": {
                    "minimap2": "2.24-r1122"
                },
                "MINIMAP2_CONSENSUS": {
                    "minimap2": "2.24-r1122"
                },
                "NANOPLOT": {
                    "nanoplot": "1.41.6"
                },
                "PORECHOP_PORECHOP": {
                    "porechop": "0.2.4"
                },
                "PROKKA": {
                    "prokka": "1.14.6"
                },
                "QUAST": {
                    "quast": "5.2.0"
                },
                "RACON": {
                    "racon": "1.4.20"
                },
                "TOULLIGQC": {
                    "toulligqc": "2.5.6"
                },
                "Workflow": {
                    "nf-core/bacass": "v2.5.0dev"
                }
            },
            [
                "Medaka",
                "Medaka/TestMe_polished_genome.fa",
                "Miniasm",
                "Miniasm/TestMe.consensus.fasta.gz",
                "Miniasm/TestMe.fasta.gz",
                "Prokka",
                "Prokka/TestMe",
                "Prokka/TestMe/TestMe.err",
                "Prokka/TestMe/TestMe.faa",
                "Prokka/TestMe/TestMe.ffn",
                "Prokka/TestMe/TestMe.fna",
                "Prokka/TestMe/TestMe.fsa",
                "Prokka/TestMe/TestMe.gbk",
                "Prokka/TestMe/TestMe.gff",
                "Prokka/TestMe/TestMe.log",
                "Prokka/TestMe/TestMe.sqn",
                "Prokka/TestMe/TestMe.tbl",
                "Prokka/TestMe/TestMe.tsv",
                "Prokka/TestMe/TestMe.txt",
                "QC_longreads",
                "QC_longreads/NanoPlot",
                "QC_longreads/NanoPlot/LengthvsQualityScatterPlot_dot.html",
                "QC_longreads/NanoPlot/LengthvsQualityScatterPlot_dot.png",
                "QC_longreads/NanoPlot/LengthvsQualityScatterPlot_kde.html",
                "QC_longreads/NanoPlot/LengthvsQualityScatterPlot_kde.png",
                "QC_longreads/NanoPlot/NanoPlot-report.html",
                "QC_longreads/NanoPlot/NanoPlot_20250707_1916.log",
                "QC_longreads/NanoPlot/Non_weightedHistogramReadlength.html",
                "QC_longreads/NanoPlot/Non_weightedHistogramReadlength.png",
                "QC_longreads/NanoPlot/Non_weightedLogTransformed_HistogramReadlength.html",
                "QC_longreads/NanoPlot/Non_weightedLogTransformed_HistogramReadlength.png",
                "QC_longreads/NanoPlot/TestMe.txt",
                "QC_longreads/NanoPlot/WeightedHistogramReadlength.html",
                "QC_longreads/NanoPlot/WeightedHistogramReadlength.png",
                "QC_longreads/NanoPlot/WeightedLogTransformed_HistogramReadlength.html",
                "QC_longreads/NanoPlot/WeightedLogTransformed_HistogramReadlength.png",
                "QC_longreads/NanoPlot/Yield_By_Length.html",
                "QC_longreads/NanoPlot/Yield_By_Length.png",
                "QC_longreads/ToulligQC",
                "QC_longreads/ToulligQC/TestMeToulligqc-report-2025-07-07-191635",
                "QC_longreads/ToulligQC/TestMeToulligqc-report-2025-07-07-191635/images",
                "QC_longreads/ToulligQC/TestMeToulligqc-report-2025-07-07-191635/images/Channel_occupancy_of_the_flowcell.html",
                "QC_longreads/ToulligQC/TestMeToulligqc-report-2025-07-07-191635/images/Correlation_between_read_length_and_PHRED_score.html",
                "QC_longreads/ToulligQC/TestMeToulligqc-report-2025-07-07-191635/images/Distribution_of_read_lengths.html",
                "QC_longreads/ToulligQC/TestMeToulligqc-report-2025-07-07-191635/images/PHRED_score_density_distribution.html",
                "QC_longreads/ToulligQC/TestMeToulligqc-report-2025-07-07-191635/images/PHRED_score_distribution.html",
                "QC_longreads/ToulligQC/TestMeToulligqc-report-2025-07-07-191635/images/PHRED_score_over_time.html",
                "QC_longreads/ToulligQC/TestMeToulligqc-report-2025-07-07-191635/images/Read_count_histogram.html",
                "QC_longreads/ToulligQC/TestMeToulligqc-report-2025-07-07-191635/images/Read_length_over_time.html",
                "QC_longreads/ToulligQC/TestMeToulligqc-report-2025-07-07-191635/images/Yield_plot_through_time.html",
                "QC_longreads/ToulligQC/TestMeToulligqc-report-2025-07-07-191635/images/plotly.min.js",
                "QC_longreads/ToulligQC/TestMeToulligqc-report-2025-07-07-191635/report.data",
                "QC_longreads/ToulligQC/TestMeToulligqc-report-2025-07-07-191635/report.html",
                "QUAST",
                "QUAST/report",
                "QUAST/report/basic_stats",
                "QUAST/report/basic_stats/GC_content_plot.pdf",
                "QUAST/report/basic_stats/Nx_plot.pdf",
                "QUAST/report/basic_stats/TestMe_polished_genome_GC_content_plot.pdf",
                "QUAST/report/basic_stats/cumulative_plot.pdf",
                "QUAST/report/icarus.html",
                "QUAST/report/icarus_viewers",
                "QUAST/report/icarus_viewers/contig_size_viewer.html",
                "QUAST/report/quast.log",
                "QUAST/report/report.html",
                "QUAST/report/report.pdf",
                "QUAST/report/report.tex",
                "QUAST/report/report.tsv",
                "QUAST/report/report.txt",
                "QUAST/report/transposed_report.tex",
                "QUAST/report/transposed_report.tsv",
                "QUAST/report/transposed_report.txt",
                "busco",
                "busco/TestMe-bacteria_odb10-busco",
                "busco/TestMe-bacteria_odb10-busco.batch_summary.txt",
                "busco/TestMe-bacteria_odb10-busco.log",
                "busco/TestMe-bacteria_odb10-busco/TestMe_polished_genome.fa",
                "busco/TestMe-bacteria_odb10-busco/TestMe_polished_genome.fa/logs",
                "busco/TestMe-bacteria_odb10-busco/TestMe_polished_genome.fa/logs/bbtools_err.log",
                "busco/TestMe-bacteria_odb10-busco/TestMe_polished_genome.fa/logs/bbtools_out.log",
                "busco/TestMe-bacteria_odb10-busco/TestMe_polished_genome.fa/logs/hmmsearch_err.log",
                "busco/TestMe-bacteria_odb10-busco/TestMe_polished_genome.fa/logs/hmmsearch_out.log",
                "busco/TestMe-bacteria_odb10-busco/TestMe_polished_genome.fa/logs/prodigal_err.log",
                "busco/TestMe-bacteria_odb10-busco/TestMe_polished_genome.fa/logs/prodigal_out.log",
                "busco/TestMe-bacteria_odb10-busco/TestMe_polished_genome.fa/prodigal_output",
                "busco/TestMe-bacteria_odb10-busco/TestMe_polished_genome.fa/prodigal_output/.checkpoint",
                "busco/TestMe-bacteria_odb10-busco/TestMe_polished_genome.fa/prodigal_output/predicted_genes",
                "busco/TestMe-bacteria_odb10-busco/TestMe_polished_genome.fa/prodigal_output/predicted_genes/predicted.faa",
                "busco/TestMe-bacteria_odb10-busco/TestMe_polished_genome.fa/prodigal_output/predicted_genes/predicted.fna",
                "busco/TestMe-bacteria_odb10-busco/TestMe_polished_genome.fa/prodigal_output/predicted_genes/tmp",
                "busco/TestMe-bacteria_odb10-busco/TestMe_polished_genome.fa/prodigal_output/predicted_genes/tmp/prodigal_mode_single_code_11.faa",
                "busco/TestMe-bacteria_odb10-busco/TestMe_polished_genome.fa/prodigal_output/predicted_genes/tmp/prodigal_mode_single_code_11.fna",
                "busco/TestMe-bacteria_odb10-busco/TestMe_polished_genome.fa/prodigal_output/predicted_genes/tmp/prodigal_mode_single_code_11_err.log",
                "busco/TestMe-bacteria_odb10-busco/TestMe_polished_genome.fa/prodigal_output/predicted_genes/tmp/prodigal_mode_single_code_11_out.log",
                "busco/TestMe-bacteria_odb10-busco/TestMe_polished_genome.fa/run_bacteria_odb10",
                "busco/TestMe-bacteria_odb10-busco/TestMe_polished_genome.fa/run_bacteria_odb10/.bbtools_output",
                "busco/TestMe-bacteria_odb10-busco/TestMe_polished_genome.fa/run_bacteria_odb10/.bbtools_output/.checkpoint",
                "busco/TestMe-bacteria_odb10-busco/TestMe_polished_genome.fa/run_bacteria_odb10/busco_sequences",
                "busco/TestMe-bacteria_odb10-busco/TestMe_polished_genome.fa/run_bacteria_odb10/full_table.tsv",
                "busco/TestMe-bacteria_odb10-busco/TestMe_polished_genome.fa/run_bacteria_odb10/hmmer_output",
                "busco/TestMe-bacteria_odb10-busco/TestMe_polished_genome.fa/run_bacteria_odb10/missing_busco_list.tsv",
                "busco/TestMe-bacteria_odb10-busco/TestMe_polished_genome.fa/run_bacteria_odb10/short_summary.json",
                "busco/TestMe-bacteria_odb10-busco/TestMe_polished_genome.fa/run_bacteria_odb10/short_summary.txt",
                "busco/TestMe-bacteria_odb10-busco/logs",
                "busco/busco_downloads",
                "busco/short_summary.specific.bacteria_odb10.TestMe_polished_genome.fa.json",
                "busco/short_summary.specific.bacteria_odb10.TestMe_polished_genome.fa.txt",
                "kraken2",
                "kraken2/TestMe_longreads.txt",
                "multiqc",
                "multiqc/multiqc_data",
                "multiqc/multiqc_data/mqc_busco_plot_bacteria_odb10_1.yaml",
                "multiqc/multiqc_data/mqc_kraken-top-n-plot_Class.yaml",
                "multiqc/multiqc_data/mqc_kraken-top-n-plot_Domain.yaml",
                "multiqc/multiqc_data/mqc_kraken-top-n-plot_Family.yaml",
                "multiqc/multiqc_data/mqc_kraken-top-n-plot_Genus.yaml",
                "multiqc/multiqc_data/mqc_kraken-top-n-plot_Order.yaml",
                "multiqc/multiqc_data/mqc_kraken-top-n-plot_Phylum.yaml",
                "multiqc/multiqc_data/mqc_kraken-top-n-plot_Root.yaml",
                "multiqc/multiqc_data/mqc_kraken-top-n-plot_Species.yaml",
                "multiqc/multiqc_data/mqc_kraken-top-n-plot_Unclassified.yaml",
                "multiqc/multiqc_data/mqc_nanostat_quality_dist_1.yaml",
                "multiqc/multiqc_data/mqc_porechop-endtrim-barplot_1.yaml",
                "multiqc/multiqc_data/mqc_porechop-middlesplit-barplot_1.yaml",
                "multiqc/multiqc_data/mqc_porechop-starttrim-barplot_1.yaml",
                "multiqc/multiqc_data/mqc_prokka_plot_1.yaml",
                "multiqc/multiqc_data/mqc_quast_num_contigs_1.yaml",
                "multiqc/multiqc_data/multiqc.log",
                "multiqc/multiqc_data/multiqc_busco.yaml",
                "multiqc/multiqc_data/multiqc_citations.yaml",
                "multiqc/multiqc_data/multiqc_data.json",
                "multiqc/multiqc_data/multiqc_general_stats.yaml",
                "multiqc/multiqc_data/multiqc_kraken.yaml",
                "multiqc/multiqc_data/multiqc_nanostat.yaml",
                "multiqc/multiqc_data/multiqc_prokka.yaml",
                "multiqc/multiqc_data/multiqc_quast.yaml",
                "multiqc/multiqc_data/multiqc_software_versions.yaml",
                "multiqc/multiqc_data/multiqc_sources.yaml",
                "multiqc/multiqc_data/porechop.yaml",
                "multiqc/multiqc_plots",
                "multiqc/multiqc_plots/pdf",
                "multiqc/multiqc_plots/pdf/mqc_busco_plot_bacteria_odb10_1.pdf",
                "multiqc/multiqc_plots/pdf/mqc_busco_plot_bacteria_odb10_1_pc.pdf",
                "multiqc/multiqc_plots/pdf/mqc_kraken-top-n-plot_Class.pdf",
                "multiqc/multiqc_plots/pdf/mqc_kraken-top-n-plot_Class_pc.pdf",
                "multiqc/multiqc_plots/pdf/mqc_kraken-top-n-plot_Domain.pdf",
                "multiqc/multiqc_plots/pdf/mqc_kraken-top-n-plot_Domain_pc.pdf",
                "multiqc/multiqc_plots/pdf/mqc_kraken-top-n-plot_Family.pdf",
                "multiqc/multiqc_plots/pdf/mqc_kraken-top-n-plot_Family_pc.pdf",
                "multiqc/multiqc_plots/pdf/mqc_kraken-top-n-plot_Genus.pdf",
                "multiqc/multiqc_plots/pdf/mqc_kraken-top-n-plot_Genus_pc.pdf",
                "multiqc/multiqc_plots/pdf/mqc_kraken-top-n-plot_Order.pdf",
                "multiqc/multiqc_plots/pdf/mqc_kraken-top-n-plot_Order_pc.pdf",
                "multiqc/multiqc_plots/pdf/mqc_kraken-top-n-plot_Phylum.pdf",
                "multiqc/multiqc_plots/pdf/mqc_kraken-top-n-plot_Phylum_pc.pdf",
                "multiqc/multiqc_plots/pdf/mqc_kraken-top-n-plot_Root.pdf",
                "multiqc/multiqc_plots/pdf/mqc_kraken-top-n-plot_Root_pc.pdf",
                "multiqc/multiqc_plots/pdf/mqc_kraken-top-n-plot_Species.pdf",
                "multiqc/multiqc_plots/pdf/mqc_kraken-top-n-plot_Species_pc.pdf",
                "multiqc/multiqc_plots/pdf/mqc_kraken-top-n-plot_Unclassified.pdf",
                "multiqc/multiqc_plots/pdf/mqc_kraken-top-n-plot_Unclassified_pc.pdf",
                "multiqc/multiqc_plots/pdf/mqc_nanostat_quality_dist_1.pdf",
                "multiqc/multiqc_plots/pdf/mqc_nanostat_quality_dist_1_pc.pdf",
                "multiqc/multiqc_plots/pdf/mqc_porechop-endtrim-barplot_1.pdf",
                "multiqc/multiqc_plots/pdf/mqc_porechop-endtrim-barplot_1_pc.pdf",
                "multiqc/multiqc_plots/pdf/mqc_porechop-middlesplit-barplot_1.pdf",
                "multiqc/multiqc_plots/pdf/mqc_porechop-middlesplit-barplot_1_pc.pdf",
                "multiqc/multiqc_plots/pdf/mqc_porechop-starttrim-barplot_1.pdf",
                "multiqc/multiqc_plots/pdf/mqc_porechop-starttrim-barplot_1_pc.pdf",
                "multiqc/multiqc_plots/pdf/mqc_prokka_plot_1.pdf",
                "multiqc/multiqc_plots/pdf/mqc_prokka_plot_1_pc.pdf",
                "multiqc/multiqc_plots/pdf/mqc_quast_num_contigs_1.pdf",
                "multiqc/multiqc_plots/pdf/mqc_quast_num_contigs_1_pc.pdf",
                "multiqc/multiqc_plots/png",
                "multiqc/multiqc_plots/png/mqc_busco_plot_bacteria_odb10_1.png",
                "multiqc/multiqc_plots/png/mqc_busco_plot_bacteria_odb10_1_pc.png",
                "multiqc/multiqc_plots/png/mqc_kraken-top-n-plot_Class.png",
                "multiqc/multiqc_plots/png/mqc_kraken-top-n-plot_Class_pc.png",
                "multiqc/multiqc_plots/png/mqc_kraken-top-n-plot_Domain.png",
                "multiqc/multiqc_plots/png/mqc_kraken-top-n-plot_Domain_pc.png",
                "multiqc/multiqc_plots/png/mqc_kraken-top-n-plot_Family.png",
                "multiqc/multiqc_plots/png/mqc_kraken-top-n-plot_Family_pc.png",
                "multiqc/multiqc_plots/png/mqc_kraken-top-n-plot_Genus.png",
                "multiqc/multiqc_plots/png/mqc_kraken-top-n-plot_Genus_pc.png",
                "multiqc/multiqc_plots/png/mqc_kraken-top-n-plot_Order.png",
                "multiqc/multiqc_plots/png/mqc_kraken-top-n-plot_Order_pc.png",
                "multiqc/multiqc_plots/png/mqc_kraken-top-n-plot_Phylum.png",
                "multiqc/multiqc_plots/png/mqc_kraken-top-n-plot_Phylum_pc.png",
                "multiqc/multiqc_plots/png/mqc_kraken-top-n-plot_Root.png",
                "multiqc/multiqc_plots/png/mqc_kraken-top-n-plot_Root_pc.png",
                "multiqc/multiqc_plots/png/mqc_kraken-top-n-plot_Species.png",
                "multiqc/multiqc_plots/png/mqc_kraken-top-n-plot_Species_pc.png",
                "multiqc/multiqc_plots/png/mqc_kraken-top-n-plot_Unclassified.png",
                "multiqc/multiqc_plots/png/mqc_kraken-top-n-plot_Unclassified_pc.png",
                "multiqc/multiqc_plots/png/mqc_nanostat_quality_dist_1.png",
                "multiqc/multiqc_plots/png/mqc_nanostat_quality_dist_1_pc.png",
                "multiqc/multiqc_plots/png/mqc_porechop-endtrim-barplot_1.png",
                "multiqc/multiqc_plots/png/mqc_porechop-endtrim-barplot_1_pc.png",
                "multiqc/multiqc_plots/png/mqc_porechop-middlesplit-barplot_1.png",
                "multiqc/multiqc_plots/png/mqc_porechop-middlesplit-barplot_1_pc.png",
                "multiqc/multiqc_plots/png/mqc_porechop-starttrim-barplot_1.png",
                "multiqc/multiqc_plots/png/mqc_porechop-starttrim-barplot_1_pc.png",
                "multiqc/multiqc_plots/png/mqc_prokka_plot_1.png",
                "multiqc/multiqc_plots/png/mqc_prokka_plot_1_pc.png",
                "multiqc/multiqc_plots/png/mqc_quast_num_contigs_1.png",
                "multiqc/multiqc_plots/png/mqc_quast_num_contigs_1_pc.png",
                "multiqc/multiqc_plots/svg",
                "multiqc/multiqc_plots/svg/mqc_busco_plot_bacteria_odb10_1.svg",
                "multiqc/multiqc_plots/svg/mqc_busco_plot_bacteria_odb10_1_pc.svg",
                "multiqc/multiqc_plots/svg/mqc_kraken-top-n-plot_Class.svg",
                "multiqc/multiqc_plots/svg/mqc_kraken-top-n-plot_Class_pc.svg",
                "multiqc/multiqc_plots/svg/mqc_kraken-top-n-plot_Domain.svg",
                "multiqc/multiqc_plots/svg/mqc_kraken-top-n-plot_Domain_pc.svg",
                "multiqc/multiqc_plots/svg/mqc_kraken-top-n-plot_Family.svg",
                "multiqc/multiqc_plots/svg/mqc_kraken-top-n-plot_Family_pc.svg",
                "multiqc/multiqc_plots/svg/mqc_kraken-top-n-plot_Genus.svg",
                "multiqc/multiqc_plots/svg/mqc_kraken-top-n-plot_Genus_pc.svg",
                "multiqc/multiqc_plots/svg/mqc_kraken-top-n-plot_Order.svg",
                "multiqc/multiqc_plots/svg/mqc_kraken-top-n-plot_Order_pc.svg",
                "multiqc/multiqc_plots/svg/mqc_kraken-top-n-plot_Phylum.svg",
                "multiqc/multiqc_plots/svg/mqc_kraken-top-n-plot_Phylum_pc.svg",
                "multiqc/multiqc_plots/svg/mqc_kraken-top-n-plot_Root.svg",
                "multiqc/multiqc_plots/svg/mqc_kraken-top-n-plot_Root_pc.svg",
                "multiqc/multiqc_plots/svg/mqc_kraken-top-n-plot_Species.svg",
                "multiqc/multiqc_plots/svg/mqc_kraken-top-n-plot_Species_pc.svg",
                "multiqc/multiqc_plots/svg/mqc_kraken-top-n-plot_Unclassified.svg",
                "multiqc/multiqc_plots/svg/mqc_kraken-top-n-plot_Unclassified_pc.svg",
                "multiqc/multiqc_plots/svg/mqc_nanostat_quality_dist_1.svg",
                "multiqc/multiqc_plots/svg/mqc_nanostat_quality_dist_1_pc.svg",
                "multiqc/multiqc_plots/svg/mqc_porechop-endtrim-barplot_1.svg",
                "multiqc/multiqc_plots/svg/mqc_porechop-endtrim-barplot_1_pc.svg",
                "multiqc/multiqc_plots/svg/mqc_porechop-middlesplit-barplot_1.svg",
                "multiqc/multiqc_plots/svg/mqc_porechop-middlesplit-barplot_1_pc.svg",
                "multiqc/multiqc_plots/svg/mqc_porechop-starttrim-barplot_1.svg",
                "multiqc/multiqc_plots/svg/mqc_porechop-starttrim-barplot_1_pc.svg",
                "multiqc/multiqc_plots/svg/mqc_prokka_plot_1.svg",
                "multiqc/multiqc_plots/svg/mqc_prokka_plot_1_pc.svg",
                "multiqc/multiqc_plots/svg/mqc_quast_num_contigs_1.svg",
                "multiqc/multiqc_plots/svg/mqc_quast_num_contigs_1_pc.svg",
                "multiqc/multiqc_report.html",
                "pipeline_info",
                "pipeline_info/nf_core_bacass_software_mqc_versions.yml",
                "trimming",
                "trimming/longreads",
                "trimming/longreads/porechop",
                "trimming/longreads/porechop/TestMe.porechop.log"
            ],
            [
                "TestMe_polished_genome.fa:md5,bee4dfb36cf899714c64c4c3b3cc117a",
                "TestMe.consensus.fasta.gz:md5,4899e7b112077d045ecaf13daae4ae4a",
                "TestMe.fasta.gz:md5,cfde74bc269a51162851d9ae7c76207b",
                "TestMe.faa:md5,79febcef96cd36b51d0d6eab6e8271c0",
                "TestMe.ffn:md5,5b1d7387b9757b1f7b33ca6f57f6e86f",
                "TestMe.fna:md5,8010c63c334c529197a3b51dd7a12926",
                "TestMe.fsa:md5,20c67cfc8e2a575a64aa6cd756dd4d96",
                "TestMe.gff:md5,5a14fbe813225712b6ae97f7b0900a75",
                "TestMe.tbl:md5,5e3209c87a4a5f8e560d61e0ac20abe0",
                "TestMe.tsv:md5,ebc9ab98a77057557ce040a785af50fb",
                "TestMe.txt:md5,d2f0c11aaac8fa90a1d207a80ca9713a",
                "LengthvsQualityScatterPlot_dot.html:md5,e4d59802af8d97d3e835ac259068162b",
                "LengthvsQualityScatterPlot_dot.png:md5,dcf143e4d6198159704b3fffd3d5d70c",
                "LengthvsQualityScatterPlot_kde.html:md5,085402225fe03e9c54a2109a40ba43ce",
                "LengthvsQualityScatterPlot_kde.png:md5,feb5018f0e9867b507ace39669ed8536",
                "NanoPlot-report.html:md5,e8851222847ee3353280b66c69b3afad",
                "NanoPlot_20250707_1916.log:md5,411738d2ac6c7c67531102d49daa5143",
                "Non_weightedHistogramReadlength.html:md5,59abed6d5f4e55e1a323527c62ff8b49",
                "Non_weightedHistogramReadlength.png:md5,4a88af0963bea753816871ab2415c146",
                "Non_weightedLogTransformed_HistogramReadlength.html:md5,a39ecf2531c35ec0cfd0110592ddc4c1",
                "Non_weightedLogTransformed_HistogramReadlength.png:md5,45cf40406afcd811446dee42e7bce6de",
                "TestMe.txt:md5,07cbf8b60376bfec28d3dfdbadc7d0e9",
                "WeightedHistogramReadlength.html:md5,307be843a25fca123da480e9643b53aa",
                "WeightedHistogramReadlength.png:md5,781f3c14ffd74744a7534e5b4d5135a1",
                "WeightedLogTransformed_HistogramReadlength.html:md5,77aff4eaa9ea74872c360fcbddaed4f5",
                "WeightedLogTransformed_HistogramReadlength.png:md5,206cc08d2f5e84dbd24300566c144c31",
                "Yield_By_Length.html:md5,542a0ddb1ddab3d1cc5bce6ac55cf08a",
                "Yield_By_Length.png:md5,28a46b99f1a1b75a7558ae26da383716",
                "Channel_occupancy_of_the_flowcell.html:md5,63275ed3c53ffac238d908b66b68cba0",
                "Correlation_between_read_length_and_PHRED_score.html:md5,44128f802c7cf7050891eba172ad0d90",
                "Distribution_of_read_lengths.html:md5,377373dfa65f36ec3f7c44b15a83eed5",
                "PHRED_score_density_distribution.html:md5,943d024bc240fee5528f7b0418de7693",
                "PHRED_score_distribution.html:md5,2548aeb7ed4c429472aa337ae59cd397",
                "PHRED_score_over_time.html:md5,8b92393fd983d04952d729adfb84fa72",
                "Read_count_histogram.html:md5,e1411b1d8f82a0dc435c36b59f5eb0a5",
                "Read_length_over_time.html:md5,653b44250c1b3651cc81d728fc2ae02a",
                "Yield_plot_through_time.html:md5,d410c7f89046d3a607425ca19e05bf8c",
                "plotly.min.js:md5,059f6ecfa3930aa0b85b6ef4591390e4",
                "report.data:md5,98659348d30317c8a12245b16720d85a",
                "report.html:md5,a533b238b5111c272671d9ae0d580af9",
                "TestMe-bacteria_odb10-busco.log:md5,8d6c883ef6ffab8a936220cecef9d6f3",
                "predicted.faa:md5,16a3aac79ea75a1e12247e7f7343efd5",
                "predicted.fna:md5,43536c1a9728a2b42fd4d0e10d7b4905",
                "prodigal_mode_single_code_11.faa:md5,ef2c29786ba66d49dfeadefbbeddb5bc",
                "prodigal_mode_single_code_11.fna:md5,43536c1a9728a2b42fd4d0e10d7b4905",
                "full_table.tsv:md5,8370ec39545e0013695452a08870921a",
                "missing_busco_list.tsv:md5,feefc058b3c5a8d84b5cbd0e1dd66d14",
                "short_summary.specific.bacteria_odb10.TestMe_polished_genome.fa.json:md5,72e56f717f7552647d5a51426a17e357",
                "short_summary.specific.bacteria_odb10.TestMe_polished_genome.fa.txt:md5,c46233ec2c5eb6344aed09ac3f742e33",
                "TestMe_longreads.txt:md5,4c2a95acdff03caa1524a5328c6ab2f5",
                "mqc_busco_plot_bacteria_odb10_1.yaml:md5,20fcdbcf0d9962d242918c55db416b05",
                "mqc_kraken-top-n-plot_Class.yaml:md5,057a9ddcdb8a79e6c0fd5cfb0c0f94c9",
                "mqc_kraken-top-n-plot_Domain.yaml:md5,5ebcf9c11acdaa3f6153d668a1485907",
                "mqc_kraken-top-n-plot_Family.yaml:md5,0aa80d49818b340c9663f4867402d75b",
                "mqc_kraken-top-n-plot_Genus.yaml:md5,d6f6139b643f48cba2df5c48e3f81454",
                "mqc_kraken-top-n-plot_Order.yaml:md5,cd78a3e9e481177eb72db3ba05a48d94",
                "mqc_kraken-top-n-plot_Phylum.yaml:md5,88f41cf4228b90d8fec3250a18cf4356",
                "mqc_kraken-top-n-plot_Root.yaml:md5,7954ee7c46a1d464c2e27c3f40963ee2",
                "mqc_kraken-top-n-plot_Species.yaml:md5,ce232488b8bd073ed7532b87449aad01",
                "mqc_kraken-top-n-plot_Unclassified.yaml:md5,7d49dc19372a9a73fab2adcb418ccf44",
                "mqc_nanostat_quality_dist_1.yaml:md5,56c27ab1c9f26bd454e5db00f1c3d573",
                "mqc_porechop-endtrim-barplot_1.yaml:md5,01be4aa5df6783634f6e8bb8208f550d",
                "mqc_porechop-middlesplit-barplot_1.yaml:md5,d7c6c6307fa5a50527bd1aa179c0dab5",
                "mqc_porechop-starttrim-barplot_1.yaml:md5,af425e12dc2f12ca3a611f24ec8cd5b7",
                "mqc_prokka_plot_1.yaml:md5,ef610906b3c7fa15299db8cf80ebd057",
                "mqc_quast_num_contigs_1.yaml:md5,d62597eba5fc5884e4c53b1a3e1f8ec8",
                "multiqc_busco.yaml:md5,226e0e15f4b333a589c94dc6f449c60b",
                "multiqc_citations.yaml:md5,683ec25d002e4678ebfdee6cfe8f1930",
                "multiqc_general_stats.yaml:md5,11d974906541d4974dbe5440c48fd76e",
                "multiqc_kraken.yaml:md5,2579a276fcd6e51c35b361fd803d6d0b",
                "multiqc_nanostat.yaml:md5,044869a9bdb292fbbd0e5a285739aa53",
                "multiqc_prokka.yaml:md5,bdeb02de124bb0708aecd98dd8c7b04d",
                "multiqc_quast.yaml:md5,8d1f429d20b60939e07454e334e03a06",
                "porechop.yaml:md5,403a3ef2261ef90756f67fc78b4ce556",
                "TestMe.porechop.log:md5,e83cf74f7feff1e991cbd374e6854787"
            ]
        ],
        "meta": {
            "nf-test": "0.9.2",
            "nextflow": "25.04.2"
        },
        "timestamp": "2025-07-07T19:20:11.541894004"
    }
}