{
    "-profile test_multiassembler": {
        "content": [
            {
                "AUTOCYCLER_CLUSTER": {
                    "autocycler": "0.5.2"
                },
                "AUTOCYCLER_COMBINE": {
                    "autocycler": "0.5.2"
                },
                "AUTOCYCLER_COMPRESS": {
                    "autocycler": "0.5.2"
                },
                "AUTOCYCLER_RESOLVE": {
                    "autocycler": "0.5.2"
                },
                "AUTOCYCLER_SUBSAMPLE": {
                    "autocycler": "0.5.2"
                },
                "AUTOCYCLER_TRIM": {
                    "autocycler": "0.5.2"
                },
                "BUSCO_BUSCO": {
                    "busco": "5.8.3"
                },
                "FLYE": {
                    "flye": "2.9.5-b1801"
                },
                "GUNZIP": {
                    "gunzip": 1.13
                },
                "GUNZIP_MEDAKA": {
                    "gunzip": 1.13
                },
                "MEDAKA": {
                    "medaka": "2.2.2"
                },
                "MINIASM": {
                    "miniasm": "0.3-r179"
                },
                "MINIMAP2_ALIGN": {
                    "minimap2": "2.24-r1122"
                },
                "MINIMAP2_CONSENSUS": {
                    "minimap2": "2.24-r1122"
                },
                "NANOPLOT": {
                    "nanoplot": "1.46.1"
                },
                "PORECHOP_PORECHOP": {
                    "porechop": "0.2.4"
                },
                "PROKKA": {
                    "prokka": "1.14.6"
                },
                "QUAST": {
                    "quast": "5.3.0"
                },
                "RACON": {
                    "racon": "1.4.20"
                },
                "RAVEN": {
                    "raven": "1.6.1"
                },
                "TOULLIGQC": {
                    "toulligqc": "2.8.4"
                },
                "Workflow": {
                    "nf-core/bacass": "v2.7.0dev"
                }
            },
            [
                "annotation",
                "annotation/prokka",
                "annotation/prokka/TestMe-autocycler-medaka",
                "annotation/prokka/TestMe-autocycler-medaka/TestMe-autocycler-medaka.err",
                "annotation/prokka/TestMe-autocycler-medaka/TestMe-autocycler-medaka.faa",
                "annotation/prokka/TestMe-autocycler-medaka/TestMe-autocycler-medaka.ffn",
                "annotation/prokka/TestMe-autocycler-medaka/TestMe-autocycler-medaka.fna",
                "annotation/prokka/TestMe-autocycler-medaka/TestMe-autocycler-medaka.fsa",
                "annotation/prokka/TestMe-autocycler-medaka/TestMe-autocycler-medaka.gbk",
                "annotation/prokka/TestMe-autocycler-medaka/TestMe-autocycler-medaka.gff",
                "annotation/prokka/TestMe-autocycler-medaka/TestMe-autocycler-medaka.log",
                "annotation/prokka/TestMe-autocycler-medaka/TestMe-autocycler-medaka.sqn",
                "annotation/prokka/TestMe-autocycler-medaka/TestMe-autocycler-medaka.tbl",
                "annotation/prokka/TestMe-autocycler-medaka/TestMe-autocycler-medaka.tsv",
                "annotation/prokka/TestMe-autocycler-medaka/TestMe-autocycler-medaka.txt",
                "annotation/prokka/TestMe-miniasm-medaka",
                "annotation/prokka/TestMe-miniasm-medaka/TestMe-miniasm-medaka.err",
                "annotation/prokka/TestMe-miniasm-medaka/TestMe-miniasm-medaka.faa",
                "annotation/prokka/TestMe-miniasm-medaka/TestMe-miniasm-medaka.ffn",
                "annotation/prokka/TestMe-miniasm-medaka/TestMe-miniasm-medaka.fna",
                "annotation/prokka/TestMe-miniasm-medaka/TestMe-miniasm-medaka.fsa",
                "annotation/prokka/TestMe-miniasm-medaka/TestMe-miniasm-medaka.gbk",
                "annotation/prokka/TestMe-miniasm-medaka/TestMe-miniasm-medaka.gff",
                "annotation/prokka/TestMe-miniasm-medaka/TestMe-miniasm-medaka.log",
                "annotation/prokka/TestMe-miniasm-medaka/TestMe-miniasm-medaka.sqn",
                "annotation/prokka/TestMe-miniasm-medaka/TestMe-miniasm-medaka.tbl",
                "annotation/prokka/TestMe-miniasm-medaka/TestMe-miniasm-medaka.tsv",
                "annotation/prokka/TestMe-miniasm-medaka/TestMe-miniasm-medaka.txt",
                "annotation/prokka/TestMe-raven-medaka",
                "annotation/prokka/TestMe-raven-medaka/TestMe-raven-medaka.err",
                "annotation/prokka/TestMe-raven-medaka/TestMe-raven-medaka.faa",
                "annotation/prokka/TestMe-raven-medaka/TestMe-raven-medaka.ffn",
                "annotation/prokka/TestMe-raven-medaka/TestMe-raven-medaka.fna",
                "annotation/prokka/TestMe-raven-medaka/TestMe-raven-medaka.fsa",
                "annotation/prokka/TestMe-raven-medaka/TestMe-raven-medaka.gbk",
                "annotation/prokka/TestMe-raven-medaka/TestMe-raven-medaka.gff",
                "annotation/prokka/TestMe-raven-medaka/TestMe-raven-medaka.log",
                "annotation/prokka/TestMe-raven-medaka/TestMe-raven-medaka.sqn",
                "annotation/prokka/TestMe-raven-medaka/TestMe-raven-medaka.tbl",
                "annotation/prokka/TestMe-raven-medaka/TestMe-raven-medaka.tsv",
                "annotation/prokka/TestMe-raven-medaka/TestMe-raven-medaka.txt",
                "assembly",
                "assembly/autocycler",
                "assembly/autocycler/combine",
                "assembly/autocycler/combine/TestMe-autocycler",
                "assembly/autocycler/combine/TestMe-autocycler/consensus_assembly.fasta",
                "assembly/autocycler/combine/TestMe-autocycler/consensus_assembly.gfa",
                "assembly/autocycler/combine/TestMe-autocycler/consensus_assembly.yaml",
                "assembly/autocycler/flye",
                "assembly/autocycler/flye/TestMe-sample_01-flye.assembly.fasta.gz",
                "assembly/autocycler/flye/TestMe-sample_02-flye.assembly.fasta.gz",
                "assembly/autocycler/raven",
                "assembly/autocycler/raven/TestMe-sample_01-raven.fasta.gz",
                "assembly/autocycler/raven/TestMe-sample_02-raven.fasta.gz",
                "assembly/miniasm",
                "assembly/miniasm/TestMe-miniasm.fasta.gz",
                "assembly/miniasm/TestMe-miniasm_assembly_consensus.fasta.gz",
                "assembly/polishing",
                "assembly/polishing/medaka",
                "assembly/polishing/medaka/TestMe-autocycler-medaka_polished_genome.fa.gz",
                "assembly/polishing/medaka/TestMe-miniasm-medaka_polished_genome.fa.gz",
                "assembly/polishing/medaka/TestMe-raven-medaka_polished_genome.fa.gz",
                "assembly/raven",
                "assembly/raven/TestMe-raven.fasta.gz",
                "assembly_qc",
                "assembly_qc/busco",
                "assembly_qc/busco/TestMe-autocycler-medaka-bacteria_odb10-busco.batch_summary.txt",
                "assembly_qc/busco/TestMe-autocycler-medaka-bacteria_odb10-busco.log",
                "assembly_qc/busco/TestMe-miniasm-medaka-bacteria_odb10-busco.batch_summary.txt",
                "assembly_qc/busco/TestMe-miniasm-medaka-bacteria_odb10-busco.log",
                "assembly_qc/busco/TestMe-raven-medaka-bacteria_odb10-busco.batch_summary.txt",
                "assembly_qc/busco/TestMe-raven-medaka-bacteria_odb10-busco.log",
                "assembly_qc/busco/short_summary.specific.bacteria_odb10.TestMe-autocycler-medaka_polished_genome.fa.json",
                "assembly_qc/busco/short_summary.specific.bacteria_odb10.TestMe-autocycler-medaka_polished_genome.fa.txt",
                "assembly_qc/busco/short_summary.specific.bacteria_odb10.TestMe-miniasm-medaka_polished_genome.fa.json",
                "assembly_qc/busco/short_summary.specific.bacteria_odb10.TestMe-miniasm-medaka_polished_genome.fa.txt",
                "assembly_qc/busco/short_summary.specific.bacteria_odb10.TestMe-raven-medaka_polished_genome.fa.json",
                "assembly_qc/busco/short_summary.specific.bacteria_odb10.TestMe-raven-medaka_polished_genome.fa.txt",
                "assembly_qc/quast",
                "assembly_qc/quast/overall",
                "assembly_qc/quast/overall/report",
                "assembly_qc/quast/overall/report/basic_stats",
                "assembly_qc/quast/overall/report/basic_stats/GC_content_plot.pdf",
                "assembly_qc/quast/overall/report/basic_stats/Nx_plot.pdf",
                "assembly_qc/quast/overall/report/basic_stats/TestMe-autocycler-medaka_polished_genome_GC_content_plot.pdf",
                "assembly_qc/quast/overall/report/basic_stats/TestMe-miniasm-medaka_polished_genome_GC_content_plot.pdf",
                "assembly_qc/quast/overall/report/basic_stats/TestMe-raven-medaka_polished_genome_GC_content_plot.pdf",
                "assembly_qc/quast/overall/report/basic_stats/cumulative_plot.pdf",
                "assembly_qc/quast/overall/report/icarus.html",
                "assembly_qc/quast/overall/report/icarus_viewers",
                "assembly_qc/quast/overall/report/icarus_viewers/contig_size_viewer.html",
                "assembly_qc/quast/overall/report/quast.log",
                "assembly_qc/quast/overall/report/report.html",
                "assembly_qc/quast/overall/report/report.pdf",
                "assembly_qc/quast/overall/report/report.tex",
                "assembly_qc/quast/overall/report/report.tsv",
                "assembly_qc/quast/overall/report/report.txt",
                "assembly_qc/quast/overall/report/transposed_report.tex",
                "assembly_qc/quast/overall/report/transposed_report.tsv",
                "assembly_qc/quast/overall/report/transposed_report.txt",
                "multiqc",
                "multiqc/multiqc_data",
                "multiqc/multiqc_data/mqc_busco_plot_bacteria_odb10_1.yaml",
                "multiqc/multiqc_data/mqc_porechop-endtrim-barplot_1.yaml",
                "multiqc/multiqc_data/mqc_porechop-middlesplit-barplot_1.yaml",
                "multiqc/multiqc_data/mqc_porechop-starttrim-barplot_1.yaml",
                "multiqc/multiqc_data/mqc_prokka_plot_1.yaml",
                "multiqc/multiqc_data/mqc_quast_num_contigs_1.yaml",
                "multiqc/multiqc_data/multiqc.log",
                "multiqc/multiqc_data/multiqc_busco.yaml",
                "multiqc/multiqc_data/multiqc_citations.yaml",
                "multiqc/multiqc_data/multiqc_data.json",
                "multiqc/multiqc_data/multiqc_general_stats.yaml",
                "multiqc/multiqc_data/multiqc_nanostat.yaml",
                "multiqc/multiqc_data/multiqc_prokka.yaml",
                "multiqc/multiqc_data/multiqc_quast.yaml",
                "multiqc/multiqc_data/multiqc_software_versions.yaml",
                "multiqc/multiqc_data/multiqc_sources.yaml",
                "multiqc/multiqc_data/porechop.yaml",
                "multiqc/multiqc_plots",
                "multiqc/multiqc_plots/pdf",
                "multiqc/multiqc_plots/pdf/mqc_busco_plot_bacteria_odb10_1.pdf",
                "multiqc/multiqc_plots/pdf/mqc_busco_plot_bacteria_odb10_1_pc.pdf",
                "multiqc/multiqc_plots/pdf/mqc_porechop-endtrim-barplot_1.pdf",
                "multiqc/multiqc_plots/pdf/mqc_porechop-endtrim-barplot_1_pc.pdf",
                "multiqc/multiqc_plots/pdf/mqc_porechop-middlesplit-barplot_1.pdf",
                "multiqc/multiqc_plots/pdf/mqc_porechop-middlesplit-barplot_1_pc.pdf",
                "multiqc/multiqc_plots/pdf/mqc_porechop-starttrim-barplot_1.pdf",
                "multiqc/multiqc_plots/pdf/mqc_porechop-starttrim-barplot_1_pc.pdf",
                "multiqc/multiqc_plots/pdf/mqc_prokka_plot_1.pdf",
                "multiqc/multiqc_plots/pdf/mqc_prokka_plot_1_pc.pdf",
                "multiqc/multiqc_plots/pdf/mqc_quast_num_contigs_1.pdf",
                "multiqc/multiqc_plots/pdf/mqc_quast_num_contigs_1_pc.pdf",
                "multiqc/multiqc_plots/png",
                "multiqc/multiqc_plots/png/mqc_busco_plot_bacteria_odb10_1.png",
                "multiqc/multiqc_plots/png/mqc_busco_plot_bacteria_odb10_1_pc.png",
                "multiqc/multiqc_plots/png/mqc_porechop-endtrim-barplot_1.png",
                "multiqc/multiqc_plots/png/mqc_porechop-endtrim-barplot_1_pc.png",
                "multiqc/multiqc_plots/png/mqc_porechop-middlesplit-barplot_1.png",
                "multiqc/multiqc_plots/png/mqc_porechop-middlesplit-barplot_1_pc.png",
                "multiqc/multiqc_plots/png/mqc_porechop-starttrim-barplot_1.png",
                "multiqc/multiqc_plots/png/mqc_porechop-starttrim-barplot_1_pc.png",
                "multiqc/multiqc_plots/png/mqc_prokka_plot_1.png",
                "multiqc/multiqc_plots/png/mqc_prokka_plot_1_pc.png",
                "multiqc/multiqc_plots/png/mqc_quast_num_contigs_1.png",
                "multiqc/multiqc_plots/png/mqc_quast_num_contigs_1_pc.png",
                "multiqc/multiqc_plots/svg",
                "multiqc/multiqc_plots/svg/mqc_busco_plot_bacteria_odb10_1.svg",
                "multiqc/multiqc_plots/svg/mqc_busco_plot_bacteria_odb10_1_pc.svg",
                "multiqc/multiqc_plots/svg/mqc_porechop-endtrim-barplot_1.svg",
                "multiqc/multiqc_plots/svg/mqc_porechop-endtrim-barplot_1_pc.svg",
                "multiqc/multiqc_plots/svg/mqc_porechop-middlesplit-barplot_1.svg",
                "multiqc/multiqc_plots/svg/mqc_porechop-middlesplit-barplot_1_pc.svg",
                "multiqc/multiqc_plots/svg/mqc_porechop-starttrim-barplot_1.svg",
                "multiqc/multiqc_plots/svg/mqc_porechop-starttrim-barplot_1_pc.svg",
                "multiqc/multiqc_plots/svg/mqc_prokka_plot_1.svg",
                "multiqc/multiqc_plots/svg/mqc_prokka_plot_1_pc.svg",
                "multiqc/multiqc_plots/svg/mqc_quast_num_contigs_1.svg",
                "multiqc/multiqc_plots/svg/mqc_quast_num_contigs_1_pc.svg",
                "multiqc/multiqc_report.html",
                "pipeline_info",
                "pipeline_info/nf_core_bacass_software_mqc_versions.yml",
                "reads_qc",
                "reads_qc/longreads",
                "reads_qc/longreads/nanoplot",
                "reads_qc/longreads/nanoplot/LengthvsQualityScatterPlot_dot.html",
                "reads_qc/longreads/nanoplot/LengthvsQualityScatterPlot_kde.html",
                "reads_qc/longreads/nanoplot/NanoPlot-report.html",
                "reads_qc/longreads/nanoplot/Non_weightedHistogramReadlength.html",
                "reads_qc/longreads/nanoplot/Non_weightedLogTransformed_HistogramReadlength.html",
                "reads_qc/longreads/nanoplot/TestMe.txt",
                "reads_qc/longreads/nanoplot/WeightedHistogramReadlength.html",
                "reads_qc/longreads/nanoplot/WeightedLogTransformed_HistogramReadlength.html",
                "reads_qc/longreads/nanoplot/Yield_By_Length.html",
                "reads_qc/longreads/porechop",
                "reads_qc/longreads/porechop/TestMe.porechop.log",
                "reads_qc/longreads/toulligqc",
                "reads_qc/longreads/toulligqc/TestMeToulligqc-report-2026-07-27-102351",
                "reads_qc/longreads/toulligqc/TestMeToulligqc-report-2026-07-27-102351/images",
                "reads_qc/longreads/toulligqc/TestMeToulligqc-report-2026-07-27-102351/images/Channel_occupancy_of_the_flowcell.html",
                "reads_qc/longreads/toulligqc/TestMeToulligqc-report-2026-07-27-102351/images/Correlation_between_read_length_and_PHRED_score.html",
                "reads_qc/longreads/toulligqc/TestMeToulligqc-report-2026-07-27-102351/images/Distribution_of_read_lengths.html",
                "reads_qc/longreads/toulligqc/TestMeToulligqc-report-2026-07-27-102351/images/PHRED_score_density_distribution.html",
                "reads_qc/longreads/toulligqc/TestMeToulligqc-report-2026-07-27-102351/images/PHRED_score_distribution.html",
                "reads_qc/longreads/toulligqc/TestMeToulligqc-report-2026-07-27-102351/images/PHRED_score_over_time.html",
                "reads_qc/longreads/toulligqc/TestMeToulligqc-report-2026-07-27-102351/images/Read_count_histogram.html",
                "reads_qc/longreads/toulligqc/TestMeToulligqc-report-2026-07-27-102351/images/Read_length_over_time.html",
                "reads_qc/longreads/toulligqc/TestMeToulligqc-report-2026-07-27-102351/images/Yield_plot_through_time.html",
                "reads_qc/longreads/toulligqc/TestMeToulligqc-report-2026-07-27-102351/images/plotly.min.js",
                "reads_qc/longreads/toulligqc/TestMeToulligqc-report-2026-07-27-102351/report.data",
                "reads_qc/longreads/toulligqc/TestMeToulligqc-report-2026-07-27-102351/report.html"
            ],
            [
                "TestMe-autocycler-medaka.err:md5,1e6fc08006bf0059e69c57c8d1387ae0",
                "TestMe-autocycler-medaka.faa:md5,3f62eba36e5c33e4e7cc47c396babb80",
                "TestMe-autocycler-medaka.ffn:md5,ef78df7120c982e339ffc4e977db6277",
                "TestMe-autocycler-medaka.fna:md5,d7b6b5acf4f14060bfe5b3ea01d5eecc",
                "TestMe-autocycler-medaka.fsa:md5,dce53bba1e905d7dd5ad4ee8c2ef13a4",
                "TestMe-autocycler-medaka.gbk:md5,0a381faaa752a0ded9badb1a4cb34b2d",
                "TestMe-autocycler-medaka.gff:md5,13271dfef48cfc87e82f98a73c7164e1",
                "TestMe-autocycler-medaka.log:md5,b9d97a63b370883966be74a747ed8a76",
                "TestMe-autocycler-medaka.sqn:md5,f88ab0a89153013c1154f57dde762ea5",
                "TestMe-autocycler-medaka.tbl:md5,b4198d508a014c5d23e05e6b7451d6e7",
                "TestMe-autocycler-medaka.tsv:md5,d96d0e17a65ca8f2219f6b0498db90a9",
                "TestMe-autocycler-medaka.txt:md5,9d6ad26794d29f818fe716ea2a127aab",
                "TestMe-miniasm-medaka.err:md5,821ed1fdfc815a92bdd676814dca40e9",
                "TestMe-miniasm-medaka.faa:md5,52c5e48fd9d4b56be2088019cdf89c13",
                "TestMe-miniasm-medaka.ffn:md5,ccacd4fcb94503cf5efe1311c2076e24",
                "TestMe-miniasm-medaka.fna:md5,81ce1437c710c2eedae84ddeae28e0ad",
                "TestMe-miniasm-medaka.fsa:md5,5afe285c3e42d8d4b2b70d90312fc96c",
                "TestMe-miniasm-medaka.gbk:md5,88c5d8ed60f22d676e923acbb02de81e",
                "TestMe-miniasm-medaka.gff:md5,3c4ccd131b7dc07b7c1286dbae04392b",
                "TestMe-miniasm-medaka.log:md5,92f73c48cb778d0575e55c9ba6f54cf9",
                "TestMe-miniasm-medaka.sqn:md5,a22f5dedf143f82c0eddb88fa5d0cb72",
                "TestMe-miniasm-medaka.tbl:md5,5ab764b653ea6369e66ad91730ba5a91",
                "TestMe-miniasm-medaka.tsv:md5,5f7aebe7f23f59d224920ca622429503",
                "TestMe-miniasm-medaka.txt:md5,44517d4600c4b3c64bb5b525de435350",
                "TestMe-raven-medaka.err:md5,6e25952ed2c1259e37c6bb2e4e460ac2",
                "TestMe-raven-medaka.faa:md5,248cffb8b6c1b80cf85058188c67940d",
                "TestMe-raven-medaka.ffn:md5,36b37b7454581d13634871d0d45a3c99",
                "TestMe-raven-medaka.fna:md5,64451e330275078c610e3e48ad3f4bd0",
                "TestMe-raven-medaka.fsa:md5,a0268054fecfe7daac2fee1bf3ac86c4",
                "TestMe-raven-medaka.gbk:md5,a40d03c0299af89f43477236a85d68fe",
                "TestMe-raven-medaka.gff:md5,7167265b2be63edafedc3769b7624aea",
                "TestMe-raven-medaka.log:md5,7480171e96fbdc02aa8f04cee68ca4d4",
                "TestMe-raven-medaka.sqn:md5,3e0400dc81f30100dc4c18233a9fd04e",
                "TestMe-raven-medaka.tbl:md5,077ea5a89beb46e0f1ae800f2a86a414",
                "TestMe-raven-medaka.tsv:md5,9d24f46471fceb847019775542e7c94f",
                "TestMe-raven-medaka.txt:md5,86b7ddbee4f56653e0fc070afddfc435",
                "consensus_assembly.fasta:md5,9e40676259a41da99e543ae8e08f8ac6",
                "consensus_assembly.gfa:md5,06349b81152b75f36ec0bfdec1db3ef5",
                "consensus_assembly.yaml:md5,eafd1b4a9095d30952a43a4705bc457f",
                "TestMe-sample_01-flye.assembly.fasta.gz:md5,d46c10ad5787cfd518b8583299573047",
                "TestMe-sample_02-flye.assembly.fasta.gz:md5,10fb42ebe6c3e5188597c2e29423ef66",
                "TestMe-sample_01-raven.fasta.gz:md5,ebc67e9f0a5e5e8b20e23f90901139e2",
                "TestMe-sample_02-raven.fasta.gz:md5,5fdfaf522526c9142bb9f62986726ca5",
                "TestMe-miniasm.fasta.gz:md5,cfde74bc269a51162851d9ae7c76207b",
                "TestMe-miniasm_assembly_consensus.fasta.gz:md5,4899e7b112077d045ecaf13daae4ae4a",
                "TestMe-autocycler-medaka_polished_genome.fa.gz:md5,f5b1ef9d32fde8f49de141cbf8fe6148",
                "TestMe-miniasm-medaka_polished_genome.fa.gz:md5,d7ef4eb0da89e9c58bc90ed34c1b5883",
                "TestMe-raven-medaka_polished_genome.fa.gz:md5,6c031a983b702563795f48e0cce724d0",
                "TestMe-raven.fasta.gz:md5,5236a351461c22c5c6ca1f86cbd13f10",
                "TestMe-autocycler-medaka-bacteria_odb10-busco.batch_summary.txt:md5,7df531f34c1b9826d2b444aa6ef60303",
                "TestMe-autocycler-medaka-bacteria_odb10-busco.log:md5,6c2820373bebaacfb2535ea4e1495701",
                "TestMe-miniasm-medaka-bacteria_odb10-busco.batch_summary.txt:md5,ace37d4fa2720cf39985c508def90100",
                "TestMe-miniasm-medaka-bacteria_odb10-busco.log:md5,c37fe9735ea3908609a87641622c48a8",
                "TestMe-raven-medaka-bacteria_odb10-busco.batch_summary.txt:md5,4ca0f25ae4d2d11030a85fbdd15402f8",
                "TestMe-raven-medaka-bacteria_odb10-busco.log:md5,82c1ea938f7b8093ab174898ffbf97c1",
                "short_summary.specific.bacteria_odb10.TestMe-autocycler-medaka_polished_genome.fa.json:md5,8be2b5e12ce8559bb7ee2318f82ac56b",
                "short_summary.specific.bacteria_odb10.TestMe-autocycler-medaka_polished_genome.fa.txt:md5,6ac82330ff5cf3e80354c238ab085bbe",
                "short_summary.specific.bacteria_odb10.TestMe-miniasm-medaka_polished_genome.fa.json:md5,6fb72b914220e7adda498cefc9827262",
                "short_summary.specific.bacteria_odb10.TestMe-miniasm-medaka_polished_genome.fa.txt:md5,7d81411254ea5a5258573d7f600c4846",
                "short_summary.specific.bacteria_odb10.TestMe-raven-medaka_polished_genome.fa.json:md5,166f14b1ddb09a71e95c7674aebcd371",
                "short_summary.specific.bacteria_odb10.TestMe-raven-medaka_polished_genome.fa.txt:md5,38fd7192086a6a96412e020a6e5a6d18",
                "GC_content_plot.pdf:md5,c55b81e4393ed8635850699225e55605",
                "Nx_plot.pdf:md5,2cafaf5fa9bd20d43081bef12b643ce8",
                "TestMe-autocycler-medaka_polished_genome_GC_content_plot.pdf:md5,f1468255bfb16cb4aff1ee6f313ef928",
                "TestMe-miniasm-medaka_polished_genome_GC_content_plot.pdf:md5,f5e2b972978635cba39e4c6698ddace6",
                "TestMe-raven-medaka_polished_genome_GC_content_plot.pdf:md5,b312a9fc699d6d711534294d14c4f569",
                "cumulative_plot.pdf:md5,1a149e06df99e30604d7341314ef55e7",
                "icarus.html:md5,98ea1774f3a15ca89385ffce92bc8b62",
                "contig_size_viewer.html:md5,9e13fe283b516a9723f03102fa5be642",
                "quast.log:md5,58372722d178b01e25fc703396c8086e",
                "report.html:md5,6b720c8164b36ed8f73c23eab27c6e61",
                "report.pdf:md5,3bf1a318655705c94c583731dc0d633a",
                "report.tex:md5,04ed3d7b406e17b0b2d289d12402b454",
                "report.tsv:md5,24c56e3c9e202c3991a7382c4351f027",
                "report.txt:md5,4bc1bc62c870d4322fb850fcbac0e02c",
                "transposed_report.tex:md5,77b1f108021d5e2ebb4364ef74c34b49",
                "transposed_report.tsv:md5,48fb0ec6a559083be1a1dfad20ff67f0",
                "transposed_report.txt:md5,95fd444a9ee88bab3b6764eac3c921ca",
                "mqc_porechop-endtrim-barplot_1.yaml:md5,01be4aa5df6783634f6e8bb8208f550d",
                "mqc_porechop-middlesplit-barplot_1.yaml:md5,d7c6c6307fa5a50527bd1aa179c0dab5",
                "mqc_porechop-starttrim-barplot_1.yaml:md5,af425e12dc2f12ca3a611f24ec8cd5b7",
                "multiqc_citations.yaml:md5,80450f20190a42871cb64f62ae9bec3e",
                "multiqc_nanostat.yaml:md5,3707e05541222ccbe609d6b751f33d0d",
                "LengthvsQualityScatterPlot_dot.html:md5,d429ca1bdc90029c3efea6a3a25b894f",
                "LengthvsQualityScatterPlot_kde.html:md5,56c0b5408e16e96e63c5a0812202cb47",
                "NanoPlot-report.html:md5,1d7de062c7482d800ea14d7c9c1a78d0",
                "Non_weightedHistogramReadlength.html:md5,347a54f02e9198ac9382d798c3950bfa",
                "Non_weightedLogTransformed_HistogramReadlength.html:md5,0a8acb4f1e48c6fd72d13ab3eccb3388",
                "TestMe.txt:md5,91659c884ad53ebbfe913a02be3f7beb",
                "WeightedHistogramReadlength.html:md5,0ee70815b664ff0dfc18ed4151aa6510",
                "WeightedLogTransformed_HistogramReadlength.html:md5,ee2162af0c614d44d91d686b25d10068",
                "Yield_By_Length.html:md5,07c6c430602742ca45769c87d6904fe9",
                "TestMe.porechop.log:md5,d139a52bb5e964324efdc95732a65483",
                "Channel_occupancy_of_the_flowcell.html:md5,33b8faf4f94eb16efe38cc6c85a82975",
                "Correlation_between_read_length_and_PHRED_score.html:md5,10a01644c10711ba9bbf0139e5a43c31",
                "Distribution_of_read_lengths.html:md5,4592317a58a1d9835f854c2e109e79e7",
                "PHRED_score_density_distribution.html:md5,380a0dc6bbfd82aaaa81f122598deee0",
                "PHRED_score_distribution.html:md5,ae83380da7793a141f01b15b431c5d3d",
                "PHRED_score_over_time.html:md5,eb82e3cf9ec50d7287509e0a7881a25b",
                "Read_count_histogram.html:md5,03d108129647390a704eabfc40100648",
                "Read_length_over_time.html:md5,6bd322627f7d21bb903f444636afbf0f",
                "Yield_plot_through_time.html:md5,88b05ae0b5a6fd9262e3bce3bac6bf5b",
                "plotly.min.js:md5,059f6ecfa3930aa0b85b6ef4591390e4",
                "report.data:md5,6cefdea1b968cf1d42a0ff9f1b51682c",
                "report.html:md5,f6cadf32563de2926ff1d9f5dc78eae9"
            ]
        ],
        "timestamp": "2026-07-27T12:39:23.953688991",
        "meta": {
            "nf-test": "0.9.5",
            "nextflow": "26.04.6"
        }
    }
}