{
    "-profile test_long_miniasm_prokka": {
        "content": [
            14,
            {
                "BUSCO_BUSCO": {
                    "busco": "5.8.3"
                },
                "GUNZIP": {
                    "gunzip": 1.13
                },
                "GUNZIP_MEDAKA": {
                    "gunzip": 1.13
                },
                "MEDAKA": {
                    "medaka": "2.2.2"
                },
                "MINIASM": {
                    "miniasm": "0.3-r179"
                },
                "MINIMAP2_ALIGN": {
                    "minimap2": "2.24-r1122"
                },
                "MINIMAP2_CONSENSUS": {
                    "minimap2": "2.24-r1122"
                },
                "NANOPLOT": {
                    "nanoplot": "1.46.1"
                },
                "PORECHOP_PORECHOP": {
                    "porechop": "0.2.4"
                },
                "PROKKA": {
                    "prokka": "1.14.6"
                },
                "QUAST": {
                    "quast": "5.3.0"
                },
                "RACON": {
                    "racon": "1.4.20"
                },
                "TOULLIGQC": {
                    "toulligqc": "2.8.4"
                },
                "Workflow": {
                    "nf-core/bacass": "v2.7.0dev"
                }
            },
            [
                "annotation",
                "annotation/prokka",
                "annotation/prokka/TestMe-miniasm-medaka",
                "annotation/prokka/TestMe-miniasm-medaka/TestMe-miniasm-medaka.err",
                "annotation/prokka/TestMe-miniasm-medaka/TestMe-miniasm-medaka.faa",
                "annotation/prokka/TestMe-miniasm-medaka/TestMe-miniasm-medaka.ffn",
                "annotation/prokka/TestMe-miniasm-medaka/TestMe-miniasm-medaka.fna",
                "annotation/prokka/TestMe-miniasm-medaka/TestMe-miniasm-medaka.fsa",
                "annotation/prokka/TestMe-miniasm-medaka/TestMe-miniasm-medaka.gbk",
                "annotation/prokka/TestMe-miniasm-medaka/TestMe-miniasm-medaka.gff",
                "annotation/prokka/TestMe-miniasm-medaka/TestMe-miniasm-medaka.log",
                "annotation/prokka/TestMe-miniasm-medaka/TestMe-miniasm-medaka.sqn",
                "annotation/prokka/TestMe-miniasm-medaka/TestMe-miniasm-medaka.tbl",
                "annotation/prokka/TestMe-miniasm-medaka/TestMe-miniasm-medaka.tsv",
                "annotation/prokka/TestMe-miniasm-medaka/TestMe-miniasm-medaka.txt",
                "assembly",
                "assembly/miniasm",
                "assembly/miniasm/TestMe-miniasm.fasta.gz",
                "assembly/miniasm/TestMe-miniasm_assembly_consensus.fasta.gz",
                "assembly/polishing",
                "assembly/polishing/medaka",
                "assembly/polishing/medaka/TestMe-miniasm-medaka_polished_genome.fa.gz",
                "assembly_qc",
                "assembly_qc/busco",
                "assembly_qc/busco/TestMe-miniasm-medaka-bacteria_odb10-busco.batch_summary.txt",
                "assembly_qc/busco/TestMe-miniasm-medaka-bacteria_odb10-busco.log",
                "assembly_qc/busco/short_summary.specific.bacteria_odb10.TestMe-miniasm-medaka_polished_genome.fa.json",
                "assembly_qc/busco/short_summary.specific.bacteria_odb10.TestMe-miniasm-medaka_polished_genome.fa.txt",
                "assembly_qc/quast",
                "assembly_qc/quast/overall",
                "assembly_qc/quast/overall/report",
                "assembly_qc/quast/overall/report/basic_stats",
                "assembly_qc/quast/overall/report/basic_stats/GC_content_plot.pdf",
                "assembly_qc/quast/overall/report/basic_stats/Nx_plot.pdf",
                "assembly_qc/quast/overall/report/basic_stats/TestMe-miniasm-medaka_polished_genome_GC_content_plot.pdf",
                "assembly_qc/quast/overall/report/basic_stats/cumulative_plot.pdf",
                "assembly_qc/quast/overall/report/icarus.html",
                "assembly_qc/quast/overall/report/icarus_viewers",
                "assembly_qc/quast/overall/report/icarus_viewers/contig_size_viewer.html",
                "assembly_qc/quast/overall/report/quast.log",
                "assembly_qc/quast/overall/report/report.html",
                "assembly_qc/quast/overall/report/report.pdf",
                "assembly_qc/quast/overall/report/report.tex",
                "assembly_qc/quast/overall/report/report.tsv",
                "assembly_qc/quast/overall/report/report.txt",
                "assembly_qc/quast/overall/report/transposed_report.tex",
                "assembly_qc/quast/overall/report/transposed_report.tsv",
                "assembly_qc/quast/overall/report/transposed_report.txt",
                "multiqc",
                "multiqc/multiqc_data",
                "multiqc/multiqc_data/mqc_busco_plot_bacteria_odb10_1.yaml",
                "multiqc/multiqc_data/mqc_porechop-endtrim-barplot_1.yaml",
                "multiqc/multiqc_data/mqc_porechop-middlesplit-barplot_1.yaml",
                "multiqc/multiqc_data/mqc_porechop-starttrim-barplot_1.yaml",
                "multiqc/multiqc_data/mqc_prokka_plot_1.yaml",
                "multiqc/multiqc_data/mqc_quast_num_contigs_1.yaml",
                "multiqc/multiqc_data/multiqc.log",
                "multiqc/multiqc_data/multiqc_busco.yaml",
                "multiqc/multiqc_data/multiqc_citations.yaml",
                "multiqc/multiqc_data/multiqc_data.json",
                "multiqc/multiqc_data/multiqc_general_stats.yaml",
                "multiqc/multiqc_data/multiqc_nanostat.yaml",
                "multiqc/multiqc_data/multiqc_prokka.yaml",
                "multiqc/multiqc_data/multiqc_quast.yaml",
                "multiqc/multiqc_data/multiqc_software_versions.yaml",
                "multiqc/multiqc_data/multiqc_sources.yaml",
                "multiqc/multiqc_data/porechop.yaml",
                "multiqc/multiqc_plots",
                "multiqc/multiqc_plots/pdf",
                "multiqc/multiqc_plots/pdf/mqc_busco_plot_bacteria_odb10_1.pdf",
                "multiqc/multiqc_plots/pdf/mqc_busco_plot_bacteria_odb10_1_pc.pdf",
                "multiqc/multiqc_plots/pdf/mqc_porechop-endtrim-barplot_1.pdf",
                "multiqc/multiqc_plots/pdf/mqc_porechop-endtrim-barplot_1_pc.pdf",
                "multiqc/multiqc_plots/pdf/mqc_porechop-middlesplit-barplot_1.pdf",
                "multiqc/multiqc_plots/pdf/mqc_porechop-middlesplit-barplot_1_pc.pdf",
                "multiqc/multiqc_plots/pdf/mqc_porechop-starttrim-barplot_1.pdf",
                "multiqc/multiqc_plots/pdf/mqc_porechop-starttrim-barplot_1_pc.pdf",
                "multiqc/multiqc_plots/pdf/mqc_prokka_plot_1.pdf",
                "multiqc/multiqc_plots/pdf/mqc_prokka_plot_1_pc.pdf",
                "multiqc/multiqc_plots/pdf/mqc_quast_num_contigs_1.pdf",
                "multiqc/multiqc_plots/pdf/mqc_quast_num_contigs_1_pc.pdf",
                "multiqc/multiqc_plots/png",
                "multiqc/multiqc_plots/png/mqc_busco_plot_bacteria_odb10_1.png",
                "multiqc/multiqc_plots/png/mqc_busco_plot_bacteria_odb10_1_pc.png",
                "multiqc/multiqc_plots/png/mqc_porechop-endtrim-barplot_1.png",
                "multiqc/multiqc_plots/png/mqc_porechop-endtrim-barplot_1_pc.png",
                "multiqc/multiqc_plots/png/mqc_porechop-middlesplit-barplot_1.png",
                "multiqc/multiqc_plots/png/mqc_porechop-middlesplit-barplot_1_pc.png",
                "multiqc/multiqc_plots/png/mqc_porechop-starttrim-barplot_1.png",
                "multiqc/multiqc_plots/png/mqc_porechop-starttrim-barplot_1_pc.png",
                "multiqc/multiqc_plots/png/mqc_prokka_plot_1.png",
                "multiqc/multiqc_plots/png/mqc_prokka_plot_1_pc.png",
                "multiqc/multiqc_plots/png/mqc_quast_num_contigs_1.png",
                "multiqc/multiqc_plots/png/mqc_quast_num_contigs_1_pc.png",
                "multiqc/multiqc_plots/svg",
                "multiqc/multiqc_plots/svg/mqc_busco_plot_bacteria_odb10_1.svg",
                "multiqc/multiqc_plots/svg/mqc_busco_plot_bacteria_odb10_1_pc.svg",
                "multiqc/multiqc_plots/svg/mqc_porechop-endtrim-barplot_1.svg",
                "multiqc/multiqc_plots/svg/mqc_porechop-endtrim-barplot_1_pc.svg",
                "multiqc/multiqc_plots/svg/mqc_porechop-middlesplit-barplot_1.svg",
                "multiqc/multiqc_plots/svg/mqc_porechop-middlesplit-barplot_1_pc.svg",
                "multiqc/multiqc_plots/svg/mqc_porechop-starttrim-barplot_1.svg",
                "multiqc/multiqc_plots/svg/mqc_porechop-starttrim-barplot_1_pc.svg",
                "multiqc/multiqc_plots/svg/mqc_prokka_plot_1.svg",
                "multiqc/multiqc_plots/svg/mqc_prokka_plot_1_pc.svg",
                "multiqc/multiqc_plots/svg/mqc_quast_num_contigs_1.svg",
                "multiqc/multiqc_plots/svg/mqc_quast_num_contigs_1_pc.svg",
                "multiqc/multiqc_report.html",
                "pipeline_info",
                "pipeline_info/nf_core_bacass_software_mqc_versions.yml",
                "reads_qc",
                "reads_qc/longreads",
                "reads_qc/longreads/nanoplot",
                "reads_qc/longreads/nanoplot/LengthvsQualityScatterPlot_dot.html",
                "reads_qc/longreads/nanoplot/LengthvsQualityScatterPlot_kde.html",
                "reads_qc/longreads/nanoplot/NanoPlot-report.html",
                "reads_qc/longreads/nanoplot/Non_weightedHistogramReadlength.html",
                "reads_qc/longreads/nanoplot/Non_weightedLogTransformed_HistogramReadlength.html",
                "reads_qc/longreads/nanoplot/TestMe.txt",
                "reads_qc/longreads/nanoplot/WeightedHistogramReadlength.html",
                "reads_qc/longreads/nanoplot/WeightedLogTransformed_HistogramReadlength.html",
                "reads_qc/longreads/nanoplot/Yield_By_Length.html",
                "reads_qc/longreads/porechop",
                "reads_qc/longreads/porechop/TestMe.porechop.log",
                "reads_qc/longreads/toulligqc",
                "reads_qc/longreads/toulligqc/TestMeToulligqc-report-2026-07-27-102108",
                "reads_qc/longreads/toulligqc/TestMeToulligqc-report-2026-07-27-102108/images",
                "reads_qc/longreads/toulligqc/TestMeToulligqc-report-2026-07-27-102108/images/Channel_occupancy_of_the_flowcell.html",
                "reads_qc/longreads/toulligqc/TestMeToulligqc-report-2026-07-27-102108/images/Correlation_between_read_length_and_PHRED_score.html",
                "reads_qc/longreads/toulligqc/TestMeToulligqc-report-2026-07-27-102108/images/Distribution_of_read_lengths.html",
                "reads_qc/longreads/toulligqc/TestMeToulligqc-report-2026-07-27-102108/images/PHRED_score_density_distribution.html",
                "reads_qc/longreads/toulligqc/TestMeToulligqc-report-2026-07-27-102108/images/PHRED_score_distribution.html",
                "reads_qc/longreads/toulligqc/TestMeToulligqc-report-2026-07-27-102108/images/PHRED_score_over_time.html",
                "reads_qc/longreads/toulligqc/TestMeToulligqc-report-2026-07-27-102108/images/Read_count_histogram.html",
                "reads_qc/longreads/toulligqc/TestMeToulligqc-report-2026-07-27-102108/images/Read_length_over_time.html",
                "reads_qc/longreads/toulligqc/TestMeToulligqc-report-2026-07-27-102108/images/Yield_plot_through_time.html",
                "reads_qc/longreads/toulligqc/TestMeToulligqc-report-2026-07-27-102108/images/plotly.min.js",
                "reads_qc/longreads/toulligqc/TestMeToulligqc-report-2026-07-27-102108/report.data",
                "reads_qc/longreads/toulligqc/TestMeToulligqc-report-2026-07-27-102108/report.html"
            ],
            [
                "TestMe-miniasm-medaka.err:md5,d6b08d4ee3a4b53fc6c8f5b39e0eadc3",
                "TestMe-miniasm-medaka.faa:md5,d009adefdb625a9bcc5bc84ed5ea8e9e",
                "TestMe-miniasm-medaka.ffn:md5,ee730ac2fbbd3f9b6fb61b7a0c052fc6",
                "TestMe-miniasm-medaka.fna:md5,e2768b6cfdddd6b83c607b01ec11ef35",
                "TestMe-miniasm-medaka.fsa:md5,6bcfc002d625a4bf067f0c37d3bf69b9",
                "TestMe-miniasm-medaka.gbk:md5,047fb939f7cced3cc41b406c52d25dd0",
                "TestMe-miniasm-medaka.gff:md5,368a05e964132b8d9f4137d41c461c5e",
                "TestMe-miniasm-medaka.log:md5,8606c7b2cfbffda9b120cc5b220d9b47",
                "TestMe-miniasm-medaka.sqn:md5,5f2a639704992a3cc50090da22baba5c",
                "TestMe-miniasm-medaka.tbl:md5,cd32edb9fa221881285102c5e0d77cb5",
                "TestMe-miniasm-medaka.tsv:md5,0237211b3fab75e21f7a28dcb88c80ae",
                "TestMe-miniasm-medaka.txt:md5,e07aec3ce22d3f21fc3387fa8160bad2",
                "TestMe-miniasm.fasta.gz:md5,11ae7a338e60155a4c132bd2165339cd",
                "TestMe-miniasm_assembly_consensus.fasta.gz:md5,199994f97a7c7617af79e334ae388a46",
                "TestMe-miniasm-medaka_polished_genome.fa.gz:md5,f25140006d9dfc11302efbc7f4f14af4",
                "TestMe-miniasm-medaka-bacteria_odb10-busco.batch_summary.txt:md5,41c07136b6a2a15b81bc69de7da747bc",
                "TestMe-miniasm-medaka-bacteria_odb10-busco.log:md5,b48655728b0e3f725ed4cb896a319a30",
                "short_summary.specific.bacteria_odb10.TestMe-miniasm-medaka_polished_genome.fa.json:md5,874a23660e09d5318bf0b31e47faae8d",
                "short_summary.specific.bacteria_odb10.TestMe-miniasm-medaka_polished_genome.fa.txt:md5,302eed71e21b517c571c4224bdeb1ae0",
                "GC_content_plot.pdf:md5,f219502f9c1927d8e5ba7b920afd2a51",
                "Nx_plot.pdf:md5,5edff1ed44d8fd8a551135615149faa4",
                "TestMe-miniasm-medaka_polished_genome_GC_content_plot.pdf:md5,5b71a25d776a906dbd45461ac6f9acc2",
                "cumulative_plot.pdf:md5,4497d62fceaa628f4aec33e417e09dde",
                "icarus.html:md5,5ca7ae7844e02f4aad0757d907857356",
                "contig_size_viewer.html:md5,3131fd0404e47f5823346835a5ad3acc",
                "quast.log:md5,36a3cbef3513e280a8530fa3aa9d394a",
                "report.html:md5,233238d242174da61b79e97d92862d1c",
                "report.pdf:md5,d06fece99e2de21e4c16131b4e955992",
                "report.tex:md5,600c865ace18a5ebd18536b76aee2a56",
                "report.tsv:md5,c9bd1e21a870095784805d455ef6a78b",
                "report.txt:md5,6c710f5584adafb41be43d4108c9bd6b",
                "transposed_report.tex:md5,19fb29ee5e424ced91b50e1c1b5e25f0",
                "transposed_report.tsv:md5,86956b21191bfd9de2ccccb2016ba1a1",
                "transposed_report.txt:md5,72bb03bdd0ba29993f3e1e9f7a0ac383",
                "mqc_busco_plot_bacteria_odb10_1.yaml:md5,f3fb3271509d9bccce4d6563ead439f0",
                "mqc_porechop-endtrim-barplot_1.yaml:md5,711a2deae67088db22b1a2a462da4969",
                "mqc_porechop-middlesplit-barplot_1.yaml:md5,dab7cce19986f3193484fd241075b221",
                "mqc_porechop-starttrim-barplot_1.yaml:md5,d179142c064a1ab5d0d5eca777400982",
                "multiqc_busco.yaml:md5,4dd9cd18ad54bf4be5e73212122f7d39",
                "multiqc_citations.yaml:md5,80450f20190a42871cb64f62ae9bec3e",
                "multiqc_nanostat.yaml:md5,851c9a0693d1fc482d620fed8824ed9c",
                "LengthvsQualityScatterPlot_dot.html:md5,8fe094196ce072e0a34696d56c03da61",
                "LengthvsQualityScatterPlot_kde.html:md5,5b2a4ef1fd46233ad49da6cb3536da4a",
                "NanoPlot-report.html:md5,9d43f6a3b79686d40fc551b5d853d62d",
                "Non_weightedHistogramReadlength.html:md5,f9c1ced7cb9e8ac73c84b944f5c47abc",
                "Non_weightedLogTransformed_HistogramReadlength.html:md5,31fd433e8446272d0b34c101bdd48c79",
                "TestMe.txt:md5,b6c4069a4f1c43e4a697dd42fb4176d1",
                "WeightedHistogramReadlength.html:md5,26c7b096611da0292380c0c6bffdbd9b",
                "WeightedLogTransformed_HistogramReadlength.html:md5,12863abd7bdd3af3b02d04331bc99189",
                "Yield_By_Length.html:md5,da2cacfbcdb607f1214b0affc4408a93",
                "TestMe.porechop.log:md5,cb7cc0760300ce5b2c8bb2c4040fc4db",
                "Channel_occupancy_of_the_flowcell.html:md5,a24dbdae30a2a0a2795033d3218c240f",
                "Correlation_between_read_length_and_PHRED_score.html:md5,c1cab820d3e05713c0ab4f159f77ae2a",
                "Distribution_of_read_lengths.html:md5,17bea4d72b35e11f9d574ce7b76caf7b",
                "PHRED_score_density_distribution.html:md5,49c18560a34ea135827e1f675c2e3a17",
                "PHRED_score_distribution.html:md5,f7a7f5cd432b266980bde835da94cd3d",
                "PHRED_score_over_time.html:md5,2fc0ce8e3113c2651483b8a81413c4b4",
                "Read_count_histogram.html:md5,fe76e642588a709fa88aa91a5aa5fe05",
                "Read_length_over_time.html:md5,528b87e20fa6642251afc992715f8843",
                "Yield_plot_through_time.html:md5,f7a86737ad16ce8f7f6f360a15384ec5",
                "plotly.min.js:md5,059f6ecfa3930aa0b85b6ef4591390e4",
                "report.data:md5,e235aac7582dee680e62aefa325cb4d7",
                "report.html:md5,dc4fca98acad8d3314bc1e750ccae94f"
            ]
        ],
        "timestamp": "2026-07-27T12:23:32.114858904",
        "meta": {
            "nf-test": "0.9.5",
            "nextflow": "26.04.6"
        }
    }
}