{
    "-profile test_long_autocycler": {
        "content": [
            19,
            {
                "AUTOCYCLER_CLUSTER": {
                    "autocycler": "0.5.2"
                },
                "AUTOCYCLER_COMBINE": {
                    "autocycler": "0.5.2"
                },
                "AUTOCYCLER_COMPRESS": {
                    "autocycler": "0.5.2"
                },
                "AUTOCYCLER_RESOLVE": {
                    "autocycler": "0.5.2"
                },
                "AUTOCYCLER_SUBSAMPLE": {
                    "autocycler": "0.5.2"
                },
                "AUTOCYCLER_TRIM": {
                    "autocycler": "0.5.2"
                },
                "BUSCO_BUSCO": {
                    "busco": "5.8.3"
                },
                "CANU": {
                    "canu": 2.3,
                    "minimap2": "2.28-r1209",
                    "samtools": 1.21
                },
                "FLYE": {
                    "flye": "2.9.5-b1801"
                },
                "NANOPLOT": {
                    "nanoplot": "1.46.1"
                },
                "PORECHOP_PORECHOP": {
                    "porechop": "0.2.4"
                },
                "PROKKA": {
                    "prokka": "1.14.6"
                },
                "QUAST": {
                    "quast": "5.3.0"
                },
                "RAVEN": {
                    "raven": "1.6.1"
                },
                "TOULLIGQC": {
                    "toulligqc": "2.8.4"
                },
                "Workflow": {
                    "nf-core/bacass": "v2.7.0dev"
                }
            },
            [
                "annotation",
                "annotation/prokka",
                "annotation/prokka/TestMe-autocycler",
                "annotation/prokka/TestMe-autocycler/TestMe-autocycler.err",
                "annotation/prokka/TestMe-autocycler/TestMe-autocycler.faa",
                "annotation/prokka/TestMe-autocycler/TestMe-autocycler.ffn",
                "annotation/prokka/TestMe-autocycler/TestMe-autocycler.fna",
                "annotation/prokka/TestMe-autocycler/TestMe-autocycler.fsa",
                "annotation/prokka/TestMe-autocycler/TestMe-autocycler.gbk",
                "annotation/prokka/TestMe-autocycler/TestMe-autocycler.gff",
                "annotation/prokka/TestMe-autocycler/TestMe-autocycler.log",
                "annotation/prokka/TestMe-autocycler/TestMe-autocycler.sqn",
                "annotation/prokka/TestMe-autocycler/TestMe-autocycler.tbl",
                "annotation/prokka/TestMe-autocycler/TestMe-autocycler.tsv",
                "annotation/prokka/TestMe-autocycler/TestMe-autocycler.txt",
                "assembly",
                "assembly/autocycler",
                "assembly/autocycler/canu",
                "assembly/autocycler/canu/TestMe-sample_01-canu.contigs.fasta.gz",
                "assembly/autocycler/canu/TestMe-sample_01-canu.report",
                "assembly/autocycler/canu/TestMe-sample_02-canu.contigs.fasta.gz",
                "assembly/autocycler/canu/TestMe-sample_02-canu.report",
                "assembly/autocycler/combine",
                "assembly/autocycler/combine/TestMe-autocycler",
                "assembly/autocycler/combine/TestMe-autocycler/consensus_assembly.fasta",
                "assembly/autocycler/combine/TestMe-autocycler/consensus_assembly.gfa",
                "assembly/autocycler/combine/TestMe-autocycler/consensus_assembly.yaml",
                "assembly/autocycler/flye",
                "assembly/autocycler/flye/TestMe-sample_01-flye.assembly.fasta.gz",
                "assembly/autocycler/flye/TestMe-sample_02-flye.assembly.fasta.gz",
                "assembly/autocycler/raven",
                "assembly/autocycler/raven/TestMe-sample_01-raven.fasta.gz",
                "assembly/autocycler/raven/TestMe-sample_02-raven.fasta.gz",
                "assembly_qc",
                "assembly_qc/busco",
                "assembly_qc/busco/TestMe-autocycler-bacteria_odb10-busco.batch_summary.txt",
                "assembly_qc/busco/TestMe-autocycler-bacteria_odb10-busco.log",
                "assembly_qc/busco/short_summary.specific.bacteria_odb10.consensus_assembly.fasta.json",
                "assembly_qc/busco/short_summary.specific.bacteria_odb10.consensus_assembly.fasta.txt",
                "assembly_qc/quast",
                "assembly_qc/quast/overall",
                "assembly_qc/quast/overall/report",
                "assembly_qc/quast/overall/report/basic_stats",
                "assembly_qc/quast/overall/report/basic_stats/GC_content_plot.pdf",
                "assembly_qc/quast/overall/report/basic_stats/Nx_plot.pdf",
                "assembly_qc/quast/overall/report/basic_stats/consensus_assembly_GC_content_plot.pdf",
                "assembly_qc/quast/overall/report/basic_stats/cumulative_plot.pdf",
                "assembly_qc/quast/overall/report/icarus.html",
                "assembly_qc/quast/overall/report/icarus_viewers",
                "assembly_qc/quast/overall/report/icarus_viewers/contig_size_viewer.html",
                "assembly_qc/quast/overall/report/quast.log",
                "assembly_qc/quast/overall/report/report.html",
                "assembly_qc/quast/overall/report/report.pdf",
                "assembly_qc/quast/overall/report/report.tex",
                "assembly_qc/quast/overall/report/report.tsv",
                "assembly_qc/quast/overall/report/report.txt",
                "assembly_qc/quast/overall/report/transposed_report.tex",
                "assembly_qc/quast/overall/report/transposed_report.tsv",
                "assembly_qc/quast/overall/report/transposed_report.txt",
                "multiqc",
                "multiqc/multiqc_data",
                "multiqc/multiqc_data/mqc_busco_plot_bacteria_odb10_1.yaml",
                "multiqc/multiqc_data/mqc_porechop-endtrim-barplot_1.yaml",
                "multiqc/multiqc_data/mqc_porechop-middlesplit-barplot_1.yaml",
                "multiqc/multiqc_data/mqc_porechop-starttrim-barplot_1.yaml",
                "multiqc/multiqc_data/mqc_prokka_plot_1.yaml",
                "multiqc/multiqc_data/mqc_quast_num_contigs_1.yaml",
                "multiqc/multiqc_data/multiqc.log",
                "multiqc/multiqc_data/multiqc_busco.yaml",
                "multiqc/multiqc_data/multiqc_citations.yaml",
                "multiqc/multiqc_data/multiqc_data.json",
                "multiqc/multiqc_data/multiqc_general_stats.yaml",
                "multiqc/multiqc_data/multiqc_nanostat.yaml",
                "multiqc/multiqc_data/multiqc_prokka.yaml",
                "multiqc/multiqc_data/multiqc_quast.yaml",
                "multiqc/multiqc_data/multiqc_software_versions.yaml",
                "multiqc/multiqc_data/multiqc_sources.yaml",
                "multiqc/multiqc_data/porechop.yaml",
                "multiqc/multiqc_plots",
                "multiqc/multiqc_plots/pdf",
                "multiqc/multiqc_plots/pdf/mqc_busco_plot_bacteria_odb10_1.pdf",
                "multiqc/multiqc_plots/pdf/mqc_busco_plot_bacteria_odb10_1_pc.pdf",
                "multiqc/multiqc_plots/pdf/mqc_porechop-endtrim-barplot_1.pdf",
                "multiqc/multiqc_plots/pdf/mqc_porechop-endtrim-barplot_1_pc.pdf",
                "multiqc/multiqc_plots/pdf/mqc_porechop-middlesplit-barplot_1.pdf",
                "multiqc/multiqc_plots/pdf/mqc_porechop-middlesplit-barplot_1_pc.pdf",
                "multiqc/multiqc_plots/pdf/mqc_porechop-starttrim-barplot_1.pdf",
                "multiqc/multiqc_plots/pdf/mqc_porechop-starttrim-barplot_1_pc.pdf",
                "multiqc/multiqc_plots/pdf/mqc_prokka_plot_1.pdf",
                "multiqc/multiqc_plots/pdf/mqc_prokka_plot_1_pc.pdf",
                "multiqc/multiqc_plots/pdf/mqc_quast_num_contigs_1.pdf",
                "multiqc/multiqc_plots/pdf/mqc_quast_num_contigs_1_pc.pdf",
                "multiqc/multiqc_plots/png",
                "multiqc/multiqc_plots/png/mqc_busco_plot_bacteria_odb10_1.png",
                "multiqc/multiqc_plots/png/mqc_busco_plot_bacteria_odb10_1_pc.png",
                "multiqc/multiqc_plots/png/mqc_porechop-endtrim-barplot_1.png",
                "multiqc/multiqc_plots/png/mqc_porechop-endtrim-barplot_1_pc.png",
                "multiqc/multiqc_plots/png/mqc_porechop-middlesplit-barplot_1.png",
                "multiqc/multiqc_plots/png/mqc_porechop-middlesplit-barplot_1_pc.png",
                "multiqc/multiqc_plots/png/mqc_porechop-starttrim-barplot_1.png",
                "multiqc/multiqc_plots/png/mqc_porechop-starttrim-barplot_1_pc.png",
                "multiqc/multiqc_plots/png/mqc_prokka_plot_1.png",
                "multiqc/multiqc_plots/png/mqc_prokka_plot_1_pc.png",
                "multiqc/multiqc_plots/png/mqc_quast_num_contigs_1.png",
                "multiqc/multiqc_plots/png/mqc_quast_num_contigs_1_pc.png",
                "multiqc/multiqc_plots/svg",
                "multiqc/multiqc_plots/svg/mqc_busco_plot_bacteria_odb10_1.svg",
                "multiqc/multiqc_plots/svg/mqc_busco_plot_bacteria_odb10_1_pc.svg",
                "multiqc/multiqc_plots/svg/mqc_porechop-endtrim-barplot_1.svg",
                "multiqc/multiqc_plots/svg/mqc_porechop-endtrim-barplot_1_pc.svg",
                "multiqc/multiqc_plots/svg/mqc_porechop-middlesplit-barplot_1.svg",
                "multiqc/multiqc_plots/svg/mqc_porechop-middlesplit-barplot_1_pc.svg",
                "multiqc/multiqc_plots/svg/mqc_porechop-starttrim-barplot_1.svg",
                "multiqc/multiqc_plots/svg/mqc_porechop-starttrim-barplot_1_pc.svg",
                "multiqc/multiqc_plots/svg/mqc_prokka_plot_1.svg",
                "multiqc/multiqc_plots/svg/mqc_prokka_plot_1_pc.svg",
                "multiqc/multiqc_plots/svg/mqc_quast_num_contigs_1.svg",
                "multiqc/multiqc_plots/svg/mqc_quast_num_contigs_1_pc.svg",
                "multiqc/multiqc_report.html",
                "pipeline_info",
                "pipeline_info/nf_core_bacass_software_mqc_versions.yml",
                "reads_qc",
                "reads_qc/longreads",
                "reads_qc/longreads/nanoplot",
                "reads_qc/longreads/nanoplot/LengthvsQualityScatterPlot_dot.html",
                "reads_qc/longreads/nanoplot/LengthvsQualityScatterPlot_kde.html",
                "reads_qc/longreads/nanoplot/NanoPlot-report.html",
                "reads_qc/longreads/nanoplot/Non_weightedHistogramReadlength.html",
                "reads_qc/longreads/nanoplot/Non_weightedLogTransformed_HistogramReadlength.html",
                "reads_qc/longreads/nanoplot/TestMe.txt",
                "reads_qc/longreads/nanoplot/WeightedHistogramReadlength.html",
                "reads_qc/longreads/nanoplot/WeightedLogTransformed_HistogramReadlength.html",
                "reads_qc/longreads/nanoplot/Yield_By_Length.html",
                "reads_qc/longreads/porechop",
                "reads_qc/longreads/porechop/TestMe.porechop.log",
                "reads_qc/longreads/toulligqc",
                "reads_qc/longreads/toulligqc/TestMeToulligqc-report-2026-07-27-093227",
                "reads_qc/longreads/toulligqc/TestMeToulligqc-report-2026-07-27-093227/images",
                "reads_qc/longreads/toulligqc/TestMeToulligqc-report-2026-07-27-093227/images/Channel_occupancy_of_the_flowcell.html",
                "reads_qc/longreads/toulligqc/TestMeToulligqc-report-2026-07-27-093227/images/Correlation_between_read_length_and_PHRED_score.html",
                "reads_qc/longreads/toulligqc/TestMeToulligqc-report-2026-07-27-093227/images/Distribution_of_read_lengths.html",
                "reads_qc/longreads/toulligqc/TestMeToulligqc-report-2026-07-27-093227/images/PHRED_score_density_distribution.html",
                "reads_qc/longreads/toulligqc/TestMeToulligqc-report-2026-07-27-093227/images/PHRED_score_distribution.html",
                "reads_qc/longreads/toulligqc/TestMeToulligqc-report-2026-07-27-093227/images/PHRED_score_over_time.html",
                "reads_qc/longreads/toulligqc/TestMeToulligqc-report-2026-07-27-093227/images/Read_count_histogram.html",
                "reads_qc/longreads/toulligqc/TestMeToulligqc-report-2026-07-27-093227/images/Read_length_over_time.html",
                "reads_qc/longreads/toulligqc/TestMeToulligqc-report-2026-07-27-093227/images/Yield_plot_through_time.html",
                "reads_qc/longreads/toulligqc/TestMeToulligqc-report-2026-07-27-093227/images/plotly.min.js",
                "reads_qc/longreads/toulligqc/TestMeToulligqc-report-2026-07-27-093227/report.data",
                "reads_qc/longreads/toulligqc/TestMeToulligqc-report-2026-07-27-093227/report.html"
            ],
            [
                "TestMe-autocycler.err:md5,b80472c451a8780263beab2615c63d7f",
                "TestMe-autocycler.faa:md5,fa6be7124031f9f479ca1afb227d8728",
                "TestMe-autocycler.ffn:md5,eb11dd2bb5bca799b014da60f4fd6fa5",
                "TestMe-autocycler.fna:md5,335a3d9a33b1cba56cfdbfbf2be6aaab",
                "TestMe-autocycler.fsa:md5,439707e74016b28a19a468af297972b5",
                "TestMe-autocycler.gbk:md5,0777eb86bfadae72de9d648e209116bd",
                "TestMe-autocycler.gff:md5,7055df219fe5efb6593b3e83f7bdc9c4",
                "TestMe-autocycler.log:md5,21a4d440a1477b8391f86e94db743608",
                "TestMe-autocycler.sqn:md5,203129be49ddc59fdcc386db470f8c6a",
                "TestMe-autocycler.tbl:md5,906681688d42ea9d60f899a40a8a8d62",
                "TestMe-autocycler.tsv:md5,2258c16be3391270ffe33306304700e9",
                "TestMe-autocycler.txt:md5,a9eb3efd359e1fe7105f3550782dce35",
                "TestMe-sample_01-canu.contigs.fasta.gz:md5,360b56cc871c90d34fc9929b6bb2cb2a",
                "TestMe-sample_01-canu.report:md5,31f81ef95c077b438191e8e130d4fdab",
                "TestMe-sample_02-canu.contigs.fasta.gz:md5,943a9a83d17c86fc0530b4ba8a938491",
                "TestMe-sample_02-canu.report:md5,7b6bf347ac0c4dddd4fa938f824bedbe",
                "consensus_assembly.fasta:md5,642c9e5bdb4b8107be573669bbb554d7",
                "consensus_assembly.gfa:md5,0778b80f9e19a9b6977470567bfb38f8",
                "consensus_assembly.yaml:md5,f3b6e3725dc9d26958e479e6deaf9557",
                "TestMe-sample_01-flye.assembly.fasta.gz:md5,161ab05cf9853c521a8738c6afa3cabc",
                "TestMe-sample_02-flye.assembly.fasta.gz:md5,6c651b9041683f9f277471ef156d3422",
                "TestMe-sample_01-raven.fasta.gz:md5,ebc67e9f0a5e5e8b20e23f90901139e2",
                "TestMe-sample_02-raven.fasta.gz:md5,5fdfaf522526c9142bb9f62986726ca5",
                "TestMe-autocycler-bacteria_odb10-busco.batch_summary.txt:md5,db1429bf09a398de2de175e3b1448a3f",
                "TestMe-autocycler-bacteria_odb10-busco.log:md5,a3fe2fa6621b1689aa8b36f62d8cc2c9",
                "short_summary.specific.bacteria_odb10.consensus_assembly.fasta.json:md5,9649a40d8a4ecfa7cca4e546a2e82630",
                "short_summary.specific.bacteria_odb10.consensus_assembly.fasta.txt:md5,b815f65c3a54c1ca73ac60d088b7ab74",
                "GC_content_plot.pdf:md5,dcf7a085072c842f6a6e395e7f85923f",
                "Nx_plot.pdf:md5,4ce7e2568f1aefd57836607af5d3b972",
                "consensus_assembly_GC_content_plot.pdf:md5,144e5d65f8e473f38aad34aba30babf6",
                "cumulative_plot.pdf:md5,8ca15e8684959147f95ef2887f587391",
                "icarus.html:md5,abacad08776b7ad034b3b433e264d90a",
                "contig_size_viewer.html:md5,53152cfeda86e9cfb77b1cb4de7e2bbf",
                "quast.log:md5,8e29e3c2dc6b0d46a57bd7bfa646348b",
                "report.html:md5,cbfb1a1fdde6624f1b7e11e43c5ff933",
                "report.pdf:md5,e6ee64c7835038e8425edcfb4722bc6e",
                "report.tex:md5,356e44337ac55f4b194ed5b2f5403595",
                "report.tsv:md5,c3c0424c508caf68298a15662e53fc20",
                "report.txt:md5,180ca1452da65308a42b383a114bfe15",
                "transposed_report.tex:md5,62dff6ab1c44781f52245a9cdee36bd3",
                "transposed_report.tsv:md5,d4404df7ea055b96373aa6ba71f1e725",
                "transposed_report.txt:md5,c385ff709bae8fb146f4b5b5b017233a",
                "mqc_porechop-endtrim-barplot_1.yaml:md5,01be4aa5df6783634f6e8bb8208f550d",
                "mqc_porechop-middlesplit-barplot_1.yaml:md5,d7c6c6307fa5a50527bd1aa179c0dab5",
                "mqc_porechop-starttrim-barplot_1.yaml:md5,af425e12dc2f12ca3a611f24ec8cd5b7",
                "multiqc_citations.yaml:md5,80450f20190a42871cb64f62ae9bec3e",
                "multiqc_nanostat.yaml:md5,3707e05541222ccbe609d6b751f33d0d",
                "LengthvsQualityScatterPlot_dot.html:md5,70de9ebe249c5e70aeeb39138461eb4a",
                "LengthvsQualityScatterPlot_kde.html:md5,b8a6e57800aebbfdd5dbd67756c28ac0",
                "NanoPlot-report.html:md5,a0785a23f8c8cb2241d652be8dfe769d",
                "Non_weightedHistogramReadlength.html:md5,ad0a3b25a8c86e57814748dc93015bb3",
                "Non_weightedLogTransformed_HistogramReadlength.html:md5,fe5f32a8ff9ef96deb2272344423239f",
                "TestMe.txt:md5,91659c884ad53ebbfe913a02be3f7beb",
                "WeightedHistogramReadlength.html:md5,3f876cdedaa3d6f47b5fc7588f2a5961",
                "WeightedLogTransformed_HistogramReadlength.html:md5,2d6dee54acd5b2f5f57c7d7878115a12",
                "Yield_By_Length.html:md5,7cba7e296b7c3f6e87983f08221a2126",
                "TestMe.porechop.log:md5,673f9c5b67cc10c6189c66c944141fba",
                "Channel_occupancy_of_the_flowcell.html:md5,06f3e7368407d394e22e5034c5b36c23",
                "Correlation_between_read_length_and_PHRED_score.html:md5,9b6c30e4f9969eb7a83cc101fed85d1a",
                "Distribution_of_read_lengths.html:md5,0ad284782147ae905c425b250b55968a",
                "PHRED_score_density_distribution.html:md5,98a3f8d167066112ad59371e48c6f1cb",
                "PHRED_score_distribution.html:md5,61ab9878f35daaf29de6db3f8587b793",
                "PHRED_score_over_time.html:md5,61fe3352ce1dce0c865593c0f4fdfc3e",
                "Read_count_histogram.html:md5,55590895ce211f97b03a7f7c12b2c8ab",
                "Read_length_over_time.html:md5,5a539c0a0dce5151e4cc32003e19e40f",
                "Yield_plot_through_time.html:md5,76bde686285f21472303989d808454c5",
                "plotly.min.js:md5,059f6ecfa3930aa0b85b6ef4591390e4",
                "report.data:md5,c2c88f4a5ae9b39084b14d4476092dcd",
                "report.html:md5,994d76659382bc3a7b8b56921ac294fd"
            ]
        ],
        "timestamp": "2026-07-27T11:53:07.846970013",
        "meta": {
            "nf-test": "0.9.5",
            "nextflow": "26.04.6"
        }
    }
}