{
    "-profile test_long_miniasm_prokka": {
        "content": [
            14,
            {
                "BUSCO_BUSCO": {
                    "busco": "5.8.3"
                },
                "GUNZIP": {
                    "gunzip": 1.13
                },
                "GUNZIP_MEDAKA": {
                    "gunzip": 1.13
                },
                "MEDAKA": {
                    "medaka": "2.2.2"
                },
                "MINIASM": {
                    "miniasm": "0.3-r179"
                },
                "MINIMAP2_ALIGN": {
                    "minimap2": "2.24-r1122"
                },
                "MINIMAP2_CONSENSUS": {
                    "minimap2": "2.24-r1122"
                },
                "NANOPLOT": {
                    "nanoplot": "1.46.1"
                },
                "PORECHOP_PORECHOP": {
                    "porechop": "0.2.4"
                },
                "PROKKA": {
                    "prokka": "1.14.6"
                },
                "QUAST": {
                    "quast": "5.3.0"
                },
                "RACON": {
                    "racon": "1.4.20"
                },
                "TOULLIGQC": {
                    "toulligqc": "2.8.4"
                },
                "Workflow": {
                    "nf-core/bacass": "v2.7.0dev"
                }
            },
            [
                "annotation",
                "annotation/prokka",
                "annotation/prokka/TestMe-miniasm-medaka",
                "assembly",
                "assembly/miniasm",
                "assembly/miniasm/TestMe-miniasm.fasta.gz",
                "assembly/miniasm/TestMe-miniasm_assembly_consensus.fasta.gz",
                "assembly/polishing",
                "assembly/polishing/medaka",
                "assembly/polishing/medaka/TestMe-miniasm-medaka_polished_genome.fa.gz",
                "assembly_qc",
                "assembly_qc/busco",
                "assembly_qc/busco/TestMe-miniasm-medaka-bacteria_odb10-busco.batch_summary.txt",
                "assembly_qc/busco/TestMe-miniasm-medaka-bacteria_odb10-busco.log",
                "assembly_qc/busco/short_summary.specific.bacteria_odb10.TestMe-miniasm-medaka_polished_genome.fa.json",
                "assembly_qc/busco/short_summary.specific.bacteria_odb10.TestMe-miniasm-medaka_polished_genome.fa.txt",
                "assembly_qc/quast",
                "assembly_qc/quast/overall",
                "assembly_qc/quast/overall/report",
                "assembly_qc/quast/overall/report/basic_stats",
                "assembly_qc/quast/overall/report/basic_stats/GC_content_plot.pdf",
                "assembly_qc/quast/overall/report/basic_stats/Nx_plot.pdf",
                "assembly_qc/quast/overall/report/basic_stats/TestMe-miniasm-medaka_polished_genome_GC_content_plot.pdf",
                "assembly_qc/quast/overall/report/basic_stats/cumulative_plot.pdf",
                "assembly_qc/quast/overall/report/icarus.html",
                "assembly_qc/quast/overall/report/icarus_viewers",
                "assembly_qc/quast/overall/report/icarus_viewers/contig_size_viewer.html",
                "assembly_qc/quast/overall/report/quast.log",
                "assembly_qc/quast/overall/report/report.html",
                "assembly_qc/quast/overall/report/report.pdf",
                "assembly_qc/quast/overall/report/report.tex",
                "assembly_qc/quast/overall/report/report.tsv",
                "assembly_qc/quast/overall/report/report.txt",
                "assembly_qc/quast/overall/report/transposed_report.tex",
                "assembly_qc/quast/overall/report/transposed_report.tsv",
                "assembly_qc/quast/overall/report/transposed_report.txt",
                "multiqc",
                "multiqc/multiqc_data",
                "multiqc/multiqc_data/mqc_busco_plot_bacteria_odb10_1.yaml",
                "multiqc/multiqc_data/mqc_porechop-endtrim-barplot_1.yaml",
                "multiqc/multiqc_data/mqc_porechop-middlesplit-barplot_1.yaml",
                "multiqc/multiqc_data/mqc_porechop-starttrim-barplot_1.yaml",
                "multiqc/multiqc_data/mqc_prokka_plot_1.yaml",
                "multiqc/multiqc_data/mqc_quast_num_contigs_1.yaml",
                "multiqc/multiqc_data/multiqc.log",
                "multiqc/multiqc_data/multiqc_busco.yaml",
                "multiqc/multiqc_data/multiqc_citations.yaml",
                "multiqc/multiqc_data/multiqc_data.json",
                "multiqc/multiqc_data/multiqc_general_stats.yaml",
                "multiqc/multiqc_data/multiqc_nanostat.yaml",
                "multiqc/multiqc_data/multiqc_prokka.yaml",
                "multiqc/multiqc_data/multiqc_quast.yaml",
                "multiqc/multiqc_data/multiqc_software_versions.yaml",
                "multiqc/multiqc_data/multiqc_sources.yaml",
                "multiqc/multiqc_data/porechop.yaml",
                "multiqc/multiqc_plots",
                "multiqc/multiqc_plots/pdf",
                "multiqc/multiqc_plots/pdf/mqc_busco_plot_bacteria_odb10_1.pdf",
                "multiqc/multiqc_plots/pdf/mqc_busco_plot_bacteria_odb10_1_pc.pdf",
                "multiqc/multiqc_plots/pdf/mqc_porechop-endtrim-barplot_1.pdf",
                "multiqc/multiqc_plots/pdf/mqc_porechop-endtrim-barplot_1_pc.pdf",
                "multiqc/multiqc_plots/pdf/mqc_porechop-middlesplit-barplot_1.pdf",
                "multiqc/multiqc_plots/pdf/mqc_porechop-middlesplit-barplot_1_pc.pdf",
                "multiqc/multiqc_plots/pdf/mqc_porechop-starttrim-barplot_1.pdf",
                "multiqc/multiqc_plots/pdf/mqc_porechop-starttrim-barplot_1_pc.pdf",
                "multiqc/multiqc_plots/pdf/mqc_prokka_plot_1.pdf",
                "multiqc/multiqc_plots/pdf/mqc_prokka_plot_1_pc.pdf",
                "multiqc/multiqc_plots/pdf/mqc_quast_num_contigs_1.pdf",
                "multiqc/multiqc_plots/pdf/mqc_quast_num_contigs_1_pc.pdf",
                "multiqc/multiqc_plots/png",
                "multiqc/multiqc_plots/png/mqc_busco_plot_bacteria_odb10_1.png",
                "multiqc/multiqc_plots/png/mqc_busco_plot_bacteria_odb10_1_pc.png",
                "multiqc/multiqc_plots/png/mqc_porechop-endtrim-barplot_1.png",
                "multiqc/multiqc_plots/png/mqc_porechop-endtrim-barplot_1_pc.png",
                "multiqc/multiqc_plots/png/mqc_porechop-middlesplit-barplot_1.png",
                "multiqc/multiqc_plots/png/mqc_porechop-middlesplit-barplot_1_pc.png",
                "multiqc/multiqc_plots/png/mqc_porechop-starttrim-barplot_1.png",
                "multiqc/multiqc_plots/png/mqc_porechop-starttrim-barplot_1_pc.png",
                "multiqc/multiqc_plots/png/mqc_prokka_plot_1.png",
                "multiqc/multiqc_plots/png/mqc_prokka_plot_1_pc.png",
                "multiqc/multiqc_plots/png/mqc_quast_num_contigs_1.png",
                "multiqc/multiqc_plots/png/mqc_quast_num_contigs_1_pc.png",
                "multiqc/multiqc_plots/svg",
                "multiqc/multiqc_plots/svg/mqc_busco_plot_bacteria_odb10_1.svg",
                "multiqc/multiqc_plots/svg/mqc_busco_plot_bacteria_odb10_1_pc.svg",
                "multiqc/multiqc_plots/svg/mqc_porechop-endtrim-barplot_1.svg",
                "multiqc/multiqc_plots/svg/mqc_porechop-endtrim-barplot_1_pc.svg",
                "multiqc/multiqc_plots/svg/mqc_porechop-middlesplit-barplot_1.svg",
                "multiqc/multiqc_plots/svg/mqc_porechop-middlesplit-barplot_1_pc.svg",
                "multiqc/multiqc_plots/svg/mqc_porechop-starttrim-barplot_1.svg",
                "multiqc/multiqc_plots/svg/mqc_porechop-starttrim-barplot_1_pc.svg",
                "multiqc/multiqc_plots/svg/mqc_prokka_plot_1.svg",
                "multiqc/multiqc_plots/svg/mqc_prokka_plot_1_pc.svg",
                "multiqc/multiqc_plots/svg/mqc_quast_num_contigs_1.svg",
                "multiqc/multiqc_plots/svg/mqc_quast_num_contigs_1_pc.svg",
                "multiqc/multiqc_report.html",
                "pipeline_info",
                "pipeline_info/nf_core_bacass_software_mqc_versions.yml",
                "reads_qc",
                "reads_qc/longreads",
                "reads_qc/longreads/nanoplot",
                "reads_qc/longreads/porechop",
                "reads_qc/longreads/porechop/TestMe.porechop.log",
                "reads_qc/longreads/toulligqc"
            ],
            [
                "TestMe-miniasm.fasta.gz:md5,11ae7a338e60155a4c132bd2165339cd",
                "TestMe-miniasm_assembly_consensus.fasta.gz:md5,199994f97a7c7617af79e334ae388a46",
                "mqc_busco_plot_bacteria_odb10_1.yaml:md5,f3fb3271509d9bccce4d6563ead439f0",
                "mqc_porechop-endtrim-barplot_1.yaml:md5,711a2deae67088db22b1a2a462da4969",
                "mqc_porechop-middlesplit-barplot_1.yaml:md5,dab7cce19986f3193484fd241075b221",
                "mqc_porechop-starttrim-barplot_1.yaml:md5,d179142c064a1ab5d0d5eca777400982",
                "multiqc_busco.yaml:md5,4dd9cd18ad54bf4be5e73212122f7d39",
                "multiqc_citations.yaml:md5,80450f20190a42871cb64f62ae9bec3e",
                "multiqc_nanostat.yaml:md5,851c9a0693d1fc482d620fed8824ed9c"
            ]
        ],
        "timestamp": "2026-07-27T16:22:35.678622504",
        "meta": {
            "nf-test": "0.9.5",
            "nextflow": "26.04.6"
        }
    }
}