{
    "-profile test_long_dragonflye": {
        "content": [
            10,
            {
                "BUSCO_BUSCO": {
                    "busco": "5.8.3"
                },
                "DRAGONFLYE": {
                    "dragonflye": "1.2.1"
                },
                "GUNZIP": {
                    "gunzip": 1.13
                },
                "MEDAKA": {
                    "medaka": "2.2.2"
                },
                "NANOPLOT": {
                    "nanoplot": "1.46.1"
                },
                "PORECHOP_PORECHOP": {
                    "porechop": "0.2.4"
                },
                "PROKKA": {
                    "prokka": "1.14.6"
                },
                "QUAST": {
                    "quast": "5.3.0"
                },
                "TOULLIGQC": {
                    "toulligqc": "2.8.4"
                },
                "Workflow": {
                    "nf-core/bacass": "v2.7.0dev"
                }
            },
            [
                "annotation",
                "annotation/prokka",
                "annotation/prokka/TestMe-dragonflye-medaka",
                "annotation/prokka/TestMe-dragonflye-medaka/TestMe-dragonflye-medaka.err",
                "annotation/prokka/TestMe-dragonflye-medaka/TestMe-dragonflye-medaka.faa",
                "annotation/prokka/TestMe-dragonflye-medaka/TestMe-dragonflye-medaka.ffn",
                "annotation/prokka/TestMe-dragonflye-medaka/TestMe-dragonflye-medaka.fna",
                "annotation/prokka/TestMe-dragonflye-medaka/TestMe-dragonflye-medaka.fsa",
                "annotation/prokka/TestMe-dragonflye-medaka/TestMe-dragonflye-medaka.gbk",
                "annotation/prokka/TestMe-dragonflye-medaka/TestMe-dragonflye-medaka.gff",
                "annotation/prokka/TestMe-dragonflye-medaka/TestMe-dragonflye-medaka.log",
                "annotation/prokka/TestMe-dragonflye-medaka/TestMe-dragonflye-medaka.sqn",
                "annotation/prokka/TestMe-dragonflye-medaka/TestMe-dragonflye-medaka.tbl",
                "annotation/prokka/TestMe-dragonflye-medaka/TestMe-dragonflye-medaka.tsv",
                "annotation/prokka/TestMe-dragonflye-medaka/TestMe-dragonflye-medaka.txt",
                "assembly",
                "assembly/dragonflye",
                "assembly/dragonflye/TestMe-dragonflye.dragonflye.log",
                "assembly/dragonflye/TestMe-dragonflye.fa",
                "assembly/dragonflye/TestMe-dragonflye.reoriented.fa",
                "assembly/polishing",
                "assembly/polishing/medaka",
                "assembly/polishing/medaka/TestMe-dragonflye-medaka_polished_genome.fa.gz",
                "assembly_qc",
                "assembly_qc/busco",
                "assembly_qc/busco/TestMe-dragonflye-medaka-bacteria_odb10-busco.batch_summary.txt",
                "assembly_qc/busco/TestMe-dragonflye-medaka-bacteria_odb10-busco.log",
                "assembly_qc/busco/short_summary.specific.bacteria_odb10.TestMe-dragonflye-medaka_polished_genome.fa.json",
                "assembly_qc/busco/short_summary.specific.bacteria_odb10.TestMe-dragonflye-medaka_polished_genome.fa.txt",
                "assembly_qc/quast",
                "assembly_qc/quast/overall",
                "assembly_qc/quast/overall/report",
                "assembly_qc/quast/overall/report/basic_stats",
                "assembly_qc/quast/overall/report/basic_stats/GC_content_plot.pdf",
                "assembly_qc/quast/overall/report/basic_stats/Nx_plot.pdf",
                "assembly_qc/quast/overall/report/basic_stats/TestMe-dragonflye-medaka_polished_genome_GC_content_plot.pdf",
                "assembly_qc/quast/overall/report/basic_stats/cumulative_plot.pdf",
                "assembly_qc/quast/overall/report/icarus.html",
                "assembly_qc/quast/overall/report/icarus_viewers",
                "assembly_qc/quast/overall/report/icarus_viewers/contig_size_viewer.html",
                "assembly_qc/quast/overall/report/quast.log",
                "assembly_qc/quast/overall/report/report.html",
                "assembly_qc/quast/overall/report/report.pdf",
                "assembly_qc/quast/overall/report/report.tex",
                "assembly_qc/quast/overall/report/report.tsv",
                "assembly_qc/quast/overall/report/report.txt",
                "assembly_qc/quast/overall/report/transposed_report.tex",
                "assembly_qc/quast/overall/report/transposed_report.tsv",
                "assembly_qc/quast/overall/report/transposed_report.txt",
                "multiqc",
                "multiqc/multiqc_data",
                "multiqc/multiqc_data/mqc_busco_plot_bacteria_odb10_1.yaml",
                "multiqc/multiqc_data/mqc_porechop-endtrim-barplot_1.yaml",
                "multiqc/multiqc_data/mqc_porechop-middlesplit-barplot_1.yaml",
                "multiqc/multiqc_data/mqc_porechop-starttrim-barplot_1.yaml",
                "multiqc/multiqc_data/mqc_prokka_plot_1.yaml",
                "multiqc/multiqc_data/mqc_quast_num_contigs_1.yaml",
                "multiqc/multiqc_data/multiqc.log",
                "multiqc/multiqc_data/multiqc_busco.yaml",
                "multiqc/multiqc_data/multiqc_citations.yaml",
                "multiqc/multiqc_data/multiqc_data.json",
                "multiqc/multiqc_data/multiqc_general_stats.yaml",
                "multiqc/multiqc_data/multiqc_nanostat.yaml",
                "multiqc/multiqc_data/multiqc_prokka.yaml",
                "multiqc/multiqc_data/multiqc_quast.yaml",
                "multiqc/multiqc_data/multiqc_software_versions.yaml",
                "multiqc/multiqc_data/multiqc_sources.yaml",
                "multiqc/multiqc_data/porechop.yaml",
                "multiqc/multiqc_plots",
                "multiqc/multiqc_plots/pdf",
                "multiqc/multiqc_plots/pdf/mqc_busco_plot_bacteria_odb10_1.pdf",
                "multiqc/multiqc_plots/pdf/mqc_busco_plot_bacteria_odb10_1_pc.pdf",
                "multiqc/multiqc_plots/pdf/mqc_porechop-endtrim-barplot_1.pdf",
                "multiqc/multiqc_plots/pdf/mqc_porechop-endtrim-barplot_1_pc.pdf",
                "multiqc/multiqc_plots/pdf/mqc_porechop-middlesplit-barplot_1.pdf",
                "multiqc/multiqc_plots/pdf/mqc_porechop-middlesplit-barplot_1_pc.pdf",
                "multiqc/multiqc_plots/pdf/mqc_porechop-starttrim-barplot_1.pdf",
                "multiqc/multiqc_plots/pdf/mqc_porechop-starttrim-barplot_1_pc.pdf",
                "multiqc/multiqc_plots/pdf/mqc_prokka_plot_1.pdf",
                "multiqc/multiqc_plots/pdf/mqc_prokka_plot_1_pc.pdf",
                "multiqc/multiqc_plots/pdf/mqc_quast_num_contigs_1.pdf",
                "multiqc/multiqc_plots/pdf/mqc_quast_num_contigs_1_pc.pdf",
                "multiqc/multiqc_plots/png",
                "multiqc/multiqc_plots/png/mqc_busco_plot_bacteria_odb10_1.png",
                "multiqc/multiqc_plots/png/mqc_busco_plot_bacteria_odb10_1_pc.png",
                "multiqc/multiqc_plots/png/mqc_porechop-endtrim-barplot_1.png",
                "multiqc/multiqc_plots/png/mqc_porechop-endtrim-barplot_1_pc.png",
                "multiqc/multiqc_plots/png/mqc_porechop-middlesplit-barplot_1.png",
                "multiqc/multiqc_plots/png/mqc_porechop-middlesplit-barplot_1_pc.png",
                "multiqc/multiqc_plots/png/mqc_porechop-starttrim-barplot_1.png",
                "multiqc/multiqc_plots/png/mqc_porechop-starttrim-barplot_1_pc.png",
                "multiqc/multiqc_plots/png/mqc_prokka_plot_1.png",
                "multiqc/multiqc_plots/png/mqc_prokka_plot_1_pc.png",
                "multiqc/multiqc_plots/png/mqc_quast_num_contigs_1.png",
                "multiqc/multiqc_plots/png/mqc_quast_num_contigs_1_pc.png",
                "multiqc/multiqc_plots/svg",
                "multiqc/multiqc_plots/svg/mqc_busco_plot_bacteria_odb10_1.svg",
                "multiqc/multiqc_plots/svg/mqc_busco_plot_bacteria_odb10_1_pc.svg",
                "multiqc/multiqc_plots/svg/mqc_porechop-endtrim-barplot_1.svg",
                "multiqc/multiqc_plots/svg/mqc_porechop-endtrim-barplot_1_pc.svg",
                "multiqc/multiqc_plots/svg/mqc_porechop-middlesplit-barplot_1.svg",
                "multiqc/multiqc_plots/svg/mqc_porechop-middlesplit-barplot_1_pc.svg",
                "multiqc/multiqc_plots/svg/mqc_porechop-starttrim-barplot_1.svg",
                "multiqc/multiqc_plots/svg/mqc_porechop-starttrim-barplot_1_pc.svg",
                "multiqc/multiqc_plots/svg/mqc_prokka_plot_1.svg",
                "multiqc/multiqc_plots/svg/mqc_prokka_plot_1_pc.svg",
                "multiqc/multiqc_plots/svg/mqc_quast_num_contigs_1.svg",
                "multiqc/multiqc_plots/svg/mqc_quast_num_contigs_1_pc.svg",
                "multiqc/multiqc_report.html",
                "pipeline_info",
                "pipeline_info/nf_core_bacass_software_mqc_versions.yml",
                "reads_qc",
                "reads_qc/longreads",
                "reads_qc/longreads/nanoplot",
                "reads_qc/longreads/nanoplot/LengthvsQualityScatterPlot_dot.html",
                "reads_qc/longreads/nanoplot/LengthvsQualityScatterPlot_kde.html",
                "reads_qc/longreads/nanoplot/NanoPlot-report.html",
                "reads_qc/longreads/nanoplot/Non_weightedHistogramReadlength.html",
                "reads_qc/longreads/nanoplot/Non_weightedLogTransformed_HistogramReadlength.html",
                "reads_qc/longreads/nanoplot/TestMe.txt",
                "reads_qc/longreads/nanoplot/WeightedHistogramReadlength.html",
                "reads_qc/longreads/nanoplot/WeightedLogTransformed_HistogramReadlength.html",
                "reads_qc/longreads/nanoplot/Yield_By_Length.html",
                "reads_qc/longreads/porechop",
                "reads_qc/longreads/porechop/TestMe.porechop.log",
                "reads_qc/longreads/toulligqc",
                "reads_qc/longreads/toulligqc/TestMeToulligqc-report-2026-07-27-095327",
                "reads_qc/longreads/toulligqc/TestMeToulligqc-report-2026-07-27-095327/images",
                "reads_qc/longreads/toulligqc/TestMeToulligqc-report-2026-07-27-095327/images/Channel_occupancy_of_the_flowcell.html",
                "reads_qc/longreads/toulligqc/TestMeToulligqc-report-2026-07-27-095327/images/Correlation_between_read_length_and_PHRED_score.html",
                "reads_qc/longreads/toulligqc/TestMeToulligqc-report-2026-07-27-095327/images/Distribution_of_read_lengths.html",
                "reads_qc/longreads/toulligqc/TestMeToulligqc-report-2026-07-27-095327/images/PHRED_score_density_distribution.html",
                "reads_qc/longreads/toulligqc/TestMeToulligqc-report-2026-07-27-095327/images/PHRED_score_distribution.html",
                "reads_qc/longreads/toulligqc/TestMeToulligqc-report-2026-07-27-095327/images/PHRED_score_over_time.html",
                "reads_qc/longreads/toulligqc/TestMeToulligqc-report-2026-07-27-095327/images/Read_count_histogram.html",
                "reads_qc/longreads/toulligqc/TestMeToulligqc-report-2026-07-27-095327/images/Read_length_over_time.html",
                "reads_qc/longreads/toulligqc/TestMeToulligqc-report-2026-07-27-095327/images/Yield_plot_through_time.html",
                "reads_qc/longreads/toulligqc/TestMeToulligqc-report-2026-07-27-095327/images/plotly.min.js",
                "reads_qc/longreads/toulligqc/TestMeToulligqc-report-2026-07-27-095327/report.data",
                "reads_qc/longreads/toulligqc/TestMeToulligqc-report-2026-07-27-095327/report.html"
            ],
            [
                "TestMe-dragonflye-medaka.err:md5,e94ae87f2d3cce12a50125f6c1a8bf75",
                "TestMe-dragonflye-medaka.faa:md5,738d46b53e4de2abc1332a0ec418f0f8",
                "TestMe-dragonflye-medaka.ffn:md5,c4d26f835ce92dc9175139569c0ec71d",
                "TestMe-dragonflye-medaka.fna:md5,d92dd6f8374d26b674ec81f87daeaded",
                "TestMe-dragonflye-medaka.fsa:md5,154dfa62799a6c16b3e5806997bb3347",
                "TestMe-dragonflye-medaka.gbk:md5,b411cda00a7b18cb506c49ca0e925fe2",
                "TestMe-dragonflye-medaka.gff:md5,4ce9f7327a5841d2f7a82770ad1306ab",
                "TestMe-dragonflye-medaka.log:md5,a8787451fb99b40a6fe2ace20a13be37",
                "TestMe-dragonflye-medaka.sqn:md5,0d4e16d5e1ae64678951b107b8497bfd",
                "TestMe-dragonflye-medaka.tbl:md5,f25d9f5ceba2fe4bc60fbdf372d0db9e",
                "TestMe-dragonflye-medaka.tsv:md5,55acdcffc974ebd2fd78b754f5eb064c",
                "TestMe-dragonflye-medaka.txt:md5,c0a6c2b2bc16050bde309c1c742775e1",
                "TestMe-dragonflye.dragonflye.log:md5,490aa0ea15f0b55d45b2a98d46445195",
                "TestMe-dragonflye.fa:md5,21754d1ab624371792cb29e1b3ed2934",
                "TestMe-dragonflye.reoriented.fa:md5,099d9b9eb518d49ad424a32759ceb57c",
                "TestMe-dragonflye-medaka_polished_genome.fa.gz:md5,5d818c2d3e858275c5f02bb3fbafb86a",
                "TestMe-dragonflye-medaka-bacteria_odb10-busco.batch_summary.txt:md5,69a35e6b4e9c4cf715e226639ce3e5bf",
                "TestMe-dragonflye-medaka-bacteria_odb10-busco.log:md5,e1989b66a4f665a06a23a449dd750a85",
                "short_summary.specific.bacteria_odb10.TestMe-dragonflye-medaka_polished_genome.fa.json:md5,da9e4e3ec388f89618440dd1bd0aea5b",
                "short_summary.specific.bacteria_odb10.TestMe-dragonflye-medaka_polished_genome.fa.txt:md5,43dcbc8abddbd52cb8dbd4064dd51802",
                "GC_content_plot.pdf:md5,7deb8ac32c24bd101df2e0f936424dce",
                "Nx_plot.pdf:md5,2155b295e7f6deca27d15594bbdf63e4",
                "TestMe-dragonflye-medaka_polished_genome_GC_content_plot.pdf:md5,c28f6a2f9785d0bd27d27b9984821ec3",
                "cumulative_plot.pdf:md5,bd3e05bbeb68ffbafb429d9010d2af71",
                "icarus.html:md5,d6583dba984a233ebd61937046c33d28",
                "contig_size_viewer.html:md5,7dcaeaaf04d9d7534d9a47fe0de90a19",
                "quast.log:md5,9414677d01d081a75737385c7019fd45",
                "report.html:md5,0f066c03bbce7cd84d4aad5b0ae0a20f",
                "report.pdf:md5,3133fded4a775581c23c46d45a5f9466",
                "report.tex:md5,e502972992a058f7cf7e89cb5317ef5c",
                "report.tsv:md5,7908d24b03d295ddcec145d4647b8787",
                "report.txt:md5,3cd60628ff61e0c3392155d26fe74152",
                "transposed_report.tex:md5,75b44da8fc05a30b964c3fe7b1b56a92",
                "transposed_report.tsv:md5,a9ecc4fbbbca7913225bc7174df8ed6f",
                "transposed_report.txt:md5,8922f6ec625ca66a357419aa46656cf9",
                "mqc_porechop-endtrim-barplot_1.yaml:md5,01be4aa5df6783634f6e8bb8208f550d",
                "mqc_porechop-middlesplit-barplot_1.yaml:md5,d7c6c6307fa5a50527bd1aa179c0dab5",
                "mqc_porechop-starttrim-barplot_1.yaml:md5,af425e12dc2f12ca3a611f24ec8cd5b7",
                "multiqc_citations.yaml:md5,80450f20190a42871cb64f62ae9bec3e",
                "multiqc_nanostat.yaml:md5,3707e05541222ccbe609d6b751f33d0d",
                "LengthvsQualityScatterPlot_dot.html:md5,3f1c2df409a826ca2fec10d958a1c081",
                "LengthvsQualityScatterPlot_kde.html:md5,406475c9776d074a17d45d797a1c0b46",
                "NanoPlot-report.html:md5,d73efc7a85277ee33065c5e3b411a7aa",
                "Non_weightedHistogramReadlength.html:md5,d68776d32341491e06c8c364c5cfedc0",
                "Non_weightedLogTransformed_HistogramReadlength.html:md5,d25143b070d58f6971ce20138ae3043f",
                "TestMe.txt:md5,91659c884ad53ebbfe913a02be3f7beb",
                "WeightedHistogramReadlength.html:md5,6cca0e57729bf6fa48da4c26cfa2dd52",
                "WeightedLogTransformed_HistogramReadlength.html:md5,4dd85d3dd56c7b005c76433689af7478",
                "Yield_By_Length.html:md5,bc1e9453016ebd5181e8268cd5a5254d",
                "TestMe.porechop.log:md5,105cf8e01f3e0750650228a9acce9d2b",
                "Channel_occupancy_of_the_flowcell.html:md5,c9e14991e3a8fd5199f7c2adae914a3b",
                "Correlation_between_read_length_and_PHRED_score.html:md5,fc8d85d6ba00f1824794e12b64bb6bcc",
                "Distribution_of_read_lengths.html:md5,f4a7a5e348b1a1c501ca834549a4dc48",
                "PHRED_score_density_distribution.html:md5,91e1720862b4f92eb132a920020d7a70",
                "PHRED_score_distribution.html:md5,89e70ebecfbd94af4a2fa886cbf585ce",
                "PHRED_score_over_time.html:md5,06c8016a959f6b3413055a1d5465879a",
                "Read_count_histogram.html:md5,83caca93790b42e95e1fbe5d985e4fa5",
                "Read_length_over_time.html:md5,e9d8857a28ddc1198a3e7aea8bed44d2",
                "Yield_plot_through_time.html:md5,440a98bb765a6800dc9e3e813f1fd366",
                "plotly.min.js:md5,059f6ecfa3930aa0b85b6ef4591390e4",
                "report.data:md5,2fd4f12df730734f91cc6118a146d7af",
                "report.html:md5,70d0d25b1d40c30a598e321cbc71bc1c"
            ]
        ],
        "timestamp": "2026-07-27T12:04:45.563150273",
        "meta": {
            "nf-test": "0.9.5",
            "nextflow": "26.04.6"
        }
    }
}