{
    "-profile test_long_dragonflye": {
        "content": [
            9,
            {
                "BUSCO_BUSCO": {
                    "busco": "5.8.3"
                },
                "DRAGONFLYE": {
                    "dragonflye": "1.1.2"
                },
                "MEDAKA": {
                    "medaka": "1.4.3"
                },
                "NANOPLOT": {
                    "nanoplot": "1.41.6"
                },
                "PORECHOP_PORECHOP": {
                    "porechop": "0.2.4"
                },
                "PROKKA": {
                    "prokka": "1.14.6"
                },
                "QUAST": {
                    "quast": "5.2.0"
                },
                "TOULLIGQC": {
                    "toulligqc": "2.5.6"
                },
                "Workflow": {
                    "nf-core/bacass": "v2.5.0dev"
                }
            },
            [
                "Dragonflye",
                "Dragonflye/TestMe.dragonflye.log",
                "Dragonflye/TestMe.fa",
                "Medaka",
                "Medaka/TestMe_polished_genome.fa",
                "Prokka",
                "Prokka/TestMe",
                "Prokka/TestMe/TestMe.err",
                "Prokka/TestMe/TestMe.faa",
                "Prokka/TestMe/TestMe.ffn",
                "Prokka/TestMe/TestMe.fna",
                "Prokka/TestMe/TestMe.fsa",
                "Prokka/TestMe/TestMe.gbk",
                "Prokka/TestMe/TestMe.gff",
                "Prokka/TestMe/TestMe.log",
                "Prokka/TestMe/TestMe.sqn",
                "Prokka/TestMe/TestMe.tbl",
                "Prokka/TestMe/TestMe.tsv",
                "Prokka/TestMe/TestMe.txt",
                "QC_longreads",
                "QC_longreads/NanoPlot",
                "QC_longreads/NanoPlot/LengthvsQualityScatterPlot_dot.html",
                "QC_longreads/NanoPlot/LengthvsQualityScatterPlot_dot.png",
                "QC_longreads/NanoPlot/LengthvsQualityScatterPlot_kde.html",
                "QC_longreads/NanoPlot/LengthvsQualityScatterPlot_kde.png",
                "QC_longreads/NanoPlot/NanoPlot-report.html",
                "QC_longreads/NanoPlot/NanoPlot_20250707_1844.log",
                "QC_longreads/NanoPlot/Non_weightedHistogramReadlength.html",
                "QC_longreads/NanoPlot/Non_weightedHistogramReadlength.png",
                "QC_longreads/NanoPlot/Non_weightedLogTransformed_HistogramReadlength.html",
                "QC_longreads/NanoPlot/Non_weightedLogTransformed_HistogramReadlength.png",
                "QC_longreads/NanoPlot/TestMe.txt",
                "QC_longreads/NanoPlot/WeightedHistogramReadlength.html",
                "QC_longreads/NanoPlot/WeightedHistogramReadlength.png",
                "QC_longreads/NanoPlot/WeightedLogTransformed_HistogramReadlength.html",
                "QC_longreads/NanoPlot/WeightedLogTransformed_HistogramReadlength.png",
                "QC_longreads/NanoPlot/Yield_By_Length.html",
                "QC_longreads/NanoPlot/Yield_By_Length.png",
                "QC_longreads/ToulligQC",
                "QC_longreads/ToulligQC/TestMeToulligqc-report-2025-07-07-184431",
                "QC_longreads/ToulligQC/TestMeToulligqc-report-2025-07-07-184431/images",
                "QC_longreads/ToulligQC/TestMeToulligqc-report-2025-07-07-184431/images/Channel_occupancy_of_the_flowcell.html",
                "QC_longreads/ToulligQC/TestMeToulligqc-report-2025-07-07-184431/images/Correlation_between_read_length_and_PHRED_score.html",
                "QC_longreads/ToulligQC/TestMeToulligqc-report-2025-07-07-184431/images/Distribution_of_read_lengths.html",
                "QC_longreads/ToulligQC/TestMeToulligqc-report-2025-07-07-184431/images/PHRED_score_density_distribution.html",
                "QC_longreads/ToulligQC/TestMeToulligqc-report-2025-07-07-184431/images/PHRED_score_distribution.html",
                "QC_longreads/ToulligQC/TestMeToulligqc-report-2025-07-07-184431/images/PHRED_score_over_time.html",
                "QC_longreads/ToulligQC/TestMeToulligqc-report-2025-07-07-184431/images/Read_count_histogram.html",
                "QC_longreads/ToulligQC/TestMeToulligqc-report-2025-07-07-184431/images/Read_length_over_time.html",
                "QC_longreads/ToulligQC/TestMeToulligqc-report-2025-07-07-184431/images/Yield_plot_through_time.html",
                "QC_longreads/ToulligQC/TestMeToulligqc-report-2025-07-07-184431/images/plotly.min.js",
                "QC_longreads/ToulligQC/TestMeToulligqc-report-2025-07-07-184431/report.data",
                "QC_longreads/ToulligQC/TestMeToulligqc-report-2025-07-07-184431/report.html",
                "QUAST",
                "QUAST/report",
                "QUAST/report/basic_stats",
                "QUAST/report/basic_stats/GC_content_plot.pdf",
                "QUAST/report/basic_stats/Nx_plot.pdf",
                "QUAST/report/basic_stats/TestMe_polished_genome_GC_content_plot.pdf",
                "QUAST/report/basic_stats/cumulative_plot.pdf",
                "QUAST/report/icarus.html",
                "QUAST/report/icarus_viewers",
                "QUAST/report/icarus_viewers/contig_size_viewer.html",
                "QUAST/report/quast.log",
                "QUAST/report/report.html",
                "QUAST/report/report.pdf",
                "QUAST/report/report.tex",
                "QUAST/report/report.tsv",
                "QUAST/report/report.txt",
                "QUAST/report/transposed_report.tex",
                "QUAST/report/transposed_report.tsv",
                "QUAST/report/transposed_report.txt",
                "busco",
                "busco/TestMe-bacteria_odb10-busco",
                "busco/TestMe-bacteria_odb10-busco.batch_summary.txt",
                "busco/TestMe-bacteria_odb10-busco.log",
                "busco/TestMe-bacteria_odb10-busco/TestMe_polished_genome.fa",
                "busco/TestMe-bacteria_odb10-busco/TestMe_polished_genome.fa/logs",
                "busco/TestMe-bacteria_odb10-busco/TestMe_polished_genome.fa/logs/bbtools_err.log",
                "busco/TestMe-bacteria_odb10-busco/TestMe_polished_genome.fa/logs/bbtools_out.log",
                "busco/TestMe-bacteria_odb10-busco/TestMe_polished_genome.fa/logs/hmmsearch_err.log",
                "busco/TestMe-bacteria_odb10-busco/TestMe_polished_genome.fa/logs/hmmsearch_out.log",
                "busco/TestMe-bacteria_odb10-busco/TestMe_polished_genome.fa/logs/prodigal_err.log",
                "busco/TestMe-bacteria_odb10-busco/TestMe_polished_genome.fa/logs/prodigal_out.log",
                "busco/TestMe-bacteria_odb10-busco/TestMe_polished_genome.fa/prodigal_output",
                "busco/TestMe-bacteria_odb10-busco/TestMe_polished_genome.fa/prodigal_output/.checkpoint",
                "busco/TestMe-bacteria_odb10-busco/TestMe_polished_genome.fa/prodigal_output/predicted_genes",
                "busco/TestMe-bacteria_odb10-busco/TestMe_polished_genome.fa/prodigal_output/predicted_genes/predicted.faa",
                "busco/TestMe-bacteria_odb10-busco/TestMe_polished_genome.fa/prodigal_output/predicted_genes/predicted.fna",
                "busco/TestMe-bacteria_odb10-busco/TestMe_polished_genome.fa/prodigal_output/predicted_genes/tmp",
                "busco/TestMe-bacteria_odb10-busco/TestMe_polished_genome.fa/prodigal_output/predicted_genes/tmp/prodigal_mode_single_code_11.faa",
                "busco/TestMe-bacteria_odb10-busco/TestMe_polished_genome.fa/prodigal_output/predicted_genes/tmp/prodigal_mode_single_code_11.fna",
                "busco/TestMe-bacteria_odb10-busco/TestMe_polished_genome.fa/prodigal_output/predicted_genes/tmp/prodigal_mode_single_code_11_err.log",
                "busco/TestMe-bacteria_odb10-busco/TestMe_polished_genome.fa/prodigal_output/predicted_genes/tmp/prodigal_mode_single_code_11_out.log",
                "busco/TestMe-bacteria_odb10-busco/TestMe_polished_genome.fa/prodigal_output/predicted_genes/tmp/prodigal_mode_single_code_4.faa",
                "busco/TestMe-bacteria_odb10-busco/TestMe_polished_genome.fa/prodigal_output/predicted_genes/tmp/prodigal_mode_single_code_4.fna",
                "busco/TestMe-bacteria_odb10-busco/TestMe_polished_genome.fa/prodigal_output/predicted_genes/tmp/prodigal_mode_single_code_4_err.log",
                "busco/TestMe-bacteria_odb10-busco/TestMe_polished_genome.fa/prodigal_output/predicted_genes/tmp/prodigal_mode_single_code_4_out.log",
                "busco/TestMe-bacteria_odb10-busco/TestMe_polished_genome.fa/run_bacteria_odb10",
                "busco/TestMe-bacteria_odb10-busco/TestMe_polished_genome.fa/run_bacteria_odb10/.bbtools_output",
                "busco/TestMe-bacteria_odb10-busco/TestMe_polished_genome.fa/run_bacteria_odb10/.bbtools_output/.checkpoint",
                "busco/TestMe-bacteria_odb10-busco/TestMe_polished_genome.fa/run_bacteria_odb10/busco_sequences",
                "busco/TestMe-bacteria_odb10-busco/TestMe_polished_genome.fa/run_bacteria_odb10/full_table.tsv",
                "busco/TestMe-bacteria_odb10-busco/TestMe_polished_genome.fa/run_bacteria_odb10/hmmer_output",
                "busco/TestMe-bacteria_odb10-busco/TestMe_polished_genome.fa/run_bacteria_odb10/missing_busco_list.tsv",
                "busco/TestMe-bacteria_odb10-busco/TestMe_polished_genome.fa/run_bacteria_odb10/short_summary.json",
                "busco/TestMe-bacteria_odb10-busco/TestMe_polished_genome.fa/run_bacteria_odb10/short_summary.txt",
                "busco/TestMe-bacteria_odb10-busco/logs",
                "busco/busco_downloads",
                "busco/short_summary.specific.bacteria_odb10.TestMe_polished_genome.fa.json",
                "busco/short_summary.specific.bacteria_odb10.TestMe_polished_genome.fa.txt",
                "multiqc",
                "multiqc/multiqc_data",
                "multiqc/multiqc_data/mqc_busco_plot_bacteria_odb10_1.yaml",
                "multiqc/multiqc_data/mqc_nanostat_quality_dist_1.yaml",
                "multiqc/multiqc_data/mqc_porechop-endtrim-barplot_1.yaml",
                "multiqc/multiqc_data/mqc_porechop-middlesplit-barplot_1.yaml",
                "multiqc/multiqc_data/mqc_porechop-starttrim-barplot_1.yaml",
                "multiqc/multiqc_data/mqc_prokka_plot_1.yaml",
                "multiqc/multiqc_data/mqc_quast_num_contigs_1.yaml",
                "multiqc/multiqc_data/multiqc.log",
                "multiqc/multiqc_data/multiqc_busco.yaml",
                "multiqc/multiqc_data/multiqc_citations.yaml",
                "multiqc/multiqc_data/multiqc_data.json",
                "multiqc/multiqc_data/multiqc_general_stats.yaml",
                "multiqc/multiqc_data/multiqc_nanostat.yaml",
                "multiqc/multiqc_data/multiqc_prokka.yaml",
                "multiqc/multiqc_data/multiqc_quast.yaml",
                "multiqc/multiqc_data/multiqc_software_versions.yaml",
                "multiqc/multiqc_data/multiqc_sources.yaml",
                "multiqc/multiqc_data/porechop.yaml",
                "multiqc/multiqc_plots",
                "multiqc/multiqc_plots/pdf",
                "multiqc/multiqc_plots/pdf/mqc_busco_plot_bacteria_odb10_1.pdf",
                "multiqc/multiqc_plots/pdf/mqc_busco_plot_bacteria_odb10_1_pc.pdf",
                "multiqc/multiqc_plots/pdf/mqc_nanostat_quality_dist_1.pdf",
                "multiqc/multiqc_plots/pdf/mqc_nanostat_quality_dist_1_pc.pdf",
                "multiqc/multiqc_plots/pdf/mqc_porechop-endtrim-barplot_1.pdf",
                "multiqc/multiqc_plots/pdf/mqc_porechop-endtrim-barplot_1_pc.pdf",
                "multiqc/multiqc_plots/pdf/mqc_porechop-middlesplit-barplot_1.pdf",
                "multiqc/multiqc_plots/pdf/mqc_porechop-middlesplit-barplot_1_pc.pdf",
                "multiqc/multiqc_plots/pdf/mqc_porechop-starttrim-barplot_1.pdf",
                "multiqc/multiqc_plots/pdf/mqc_porechop-starttrim-barplot_1_pc.pdf",
                "multiqc/multiqc_plots/pdf/mqc_prokka_plot_1.pdf",
                "multiqc/multiqc_plots/pdf/mqc_prokka_plot_1_pc.pdf",
                "multiqc/multiqc_plots/pdf/mqc_quast_num_contigs_1.pdf",
                "multiqc/multiqc_plots/pdf/mqc_quast_num_contigs_1_pc.pdf",
                "multiqc/multiqc_plots/png",
                "multiqc/multiqc_plots/png/mqc_busco_plot_bacteria_odb10_1.png",
                "multiqc/multiqc_plots/png/mqc_busco_plot_bacteria_odb10_1_pc.png",
                "multiqc/multiqc_plots/png/mqc_nanostat_quality_dist_1.png",
                "multiqc/multiqc_plots/png/mqc_nanostat_quality_dist_1_pc.png",
                "multiqc/multiqc_plots/png/mqc_porechop-endtrim-barplot_1.png",
                "multiqc/multiqc_plots/png/mqc_porechop-endtrim-barplot_1_pc.png",
                "multiqc/multiqc_plots/png/mqc_porechop-middlesplit-barplot_1.png",
                "multiqc/multiqc_plots/png/mqc_porechop-middlesplit-barplot_1_pc.png",
                "multiqc/multiqc_plots/png/mqc_porechop-starttrim-barplot_1.png",
                "multiqc/multiqc_plots/png/mqc_porechop-starttrim-barplot_1_pc.png",
                "multiqc/multiqc_plots/png/mqc_prokka_plot_1.png",
                "multiqc/multiqc_plots/png/mqc_prokka_plot_1_pc.png",
                "multiqc/multiqc_plots/png/mqc_quast_num_contigs_1.png",
                "multiqc/multiqc_plots/png/mqc_quast_num_contigs_1_pc.png",
                "multiqc/multiqc_plots/svg",
                "multiqc/multiqc_plots/svg/mqc_busco_plot_bacteria_odb10_1.svg",
                "multiqc/multiqc_plots/svg/mqc_busco_plot_bacteria_odb10_1_pc.svg",
                "multiqc/multiqc_plots/svg/mqc_nanostat_quality_dist_1.svg",
                "multiqc/multiqc_plots/svg/mqc_nanostat_quality_dist_1_pc.svg",
                "multiqc/multiqc_plots/svg/mqc_porechop-endtrim-barplot_1.svg",
                "multiqc/multiqc_plots/svg/mqc_porechop-endtrim-barplot_1_pc.svg",
                "multiqc/multiqc_plots/svg/mqc_porechop-middlesplit-barplot_1.svg",
                "multiqc/multiqc_plots/svg/mqc_porechop-middlesplit-barplot_1_pc.svg",
                "multiqc/multiqc_plots/svg/mqc_porechop-starttrim-barplot_1.svg",
                "multiqc/multiqc_plots/svg/mqc_porechop-starttrim-barplot_1_pc.svg",
                "multiqc/multiqc_plots/svg/mqc_prokka_plot_1.svg",
                "multiqc/multiqc_plots/svg/mqc_prokka_plot_1_pc.svg",
                "multiqc/multiqc_plots/svg/mqc_quast_num_contigs_1.svg",
                "multiqc/multiqc_plots/svg/mqc_quast_num_contigs_1_pc.svg",
                "multiqc/multiqc_report.html",
                "pipeline_info",
                "pipeline_info/nf_core_bacass_software_mqc_versions.yml",
                "trimming",
                "trimming/longreads",
                "trimming/longreads/porechop",
                "trimming/longreads/porechop/TestMe.porechop.log"
            ],
            [
                "TestMe.dragonflye.log:md5,9597f9adbb4e6b4eea7c204ed385d852",
                "TestMe.fa:md5,c7de28bdba39f097f23d4cf11f3c8193",
                "TestMe_polished_genome.fa:md5,379b05e447dde6c80d23e96f16623b17",
                "TestMe.faa:md5,23892a20a1a37af1ae4dd53f5a0d2f99",
                "TestMe.ffn:md5,3f853e74afd258fdc52fe126584e7c02",
                "TestMe.fna:md5,5ec2d47f89a394955de5cbb39ff8b84c",
                "TestMe.fsa:md5,45b4caf94ca9d4ecaf9334ce4e7de59d",
                "TestMe.gff:md5,9e0639d4fcdb05299669f8ebaca1a771",
                "TestMe.tbl:md5,e9ce9eacb29869776e0c68ff05a2d27d",
                "TestMe.tsv:md5,f0caecfdc0acba049acd75e22573912c",
                "TestMe.txt:md5,e28d73997c3fc736c2463cf842e2ea26",
                "LengthvsQualityScatterPlot_dot.html:md5,133000a3a0f5225b86219692cd4c7f58",
                "LengthvsQualityScatterPlot_dot.png:md5,c2bc14fe29133fff3223ccedef9582c3",
                "LengthvsQualityScatterPlot_kde.html:md5,a99de83f46e4e1dc8b2368aa3323bde2",
                "LengthvsQualityScatterPlot_kde.png:md5,ad176488c291102d0e25870c71df4996",
                "NanoPlot-report.html:md5,d602b85d05ad4fac2780679c6b152bad",
                "NanoPlot_20250707_1844.log:md5,c0902bedc30368f52caa2ce27e45ceeb",
                "Non_weightedHistogramReadlength.html:md5,304eb6f65ad3506086ad4694d7530d17",
                "Non_weightedHistogramReadlength.png:md5,4a88af0963bea753816871ab2415c146",
                "Non_weightedLogTransformed_HistogramReadlength.html:md5,7e42297684d86bbc12bf6652429eec55",
                "Non_weightedLogTransformed_HistogramReadlength.png:md5,45cf40406afcd811446dee42e7bce6de",
                "TestMe.txt:md5,07cbf8b60376bfec28d3dfdbadc7d0e9",
                "WeightedHistogramReadlength.html:md5,2b48005d216582c8feab79c84d19a2ff",
                "WeightedHistogramReadlength.png:md5,781f3c14ffd74744a7534e5b4d5135a1",
                "WeightedLogTransformed_HistogramReadlength.html:md5,02691bf9609c3baa8d4801ffef71ba18",
                "WeightedLogTransformed_HistogramReadlength.png:md5,206cc08d2f5e84dbd24300566c144c31",
                "Yield_By_Length.html:md5,0f6fe9d62d77c06089b35aabee67a16b",
                "Yield_By_Length.png:md5,887d78b1d94d67d5bd381cbc18d3e767",
                "Channel_occupancy_of_the_flowcell.html:md5,b65d1243e299bf9857a913854fdb0bc5",
                "Correlation_between_read_length_and_PHRED_score.html:md5,dcaa39cd74b08c2a2f2c3c6e004d8b1b",
                "Distribution_of_read_lengths.html:md5,38fb636f45b98ac2b2a5794d13f13e2d",
                "PHRED_score_density_distribution.html:md5,c71ac8920fec69918355ab19b3aa3edd",
                "PHRED_score_distribution.html:md5,2161ffcb6785ecb64b67f5203e3abb72",
                "PHRED_score_over_time.html:md5,7c4dfeb0c17a203a94d40188e451ce21",
                "Read_count_histogram.html:md5,fe6216b6d760f490b4c5a57b7475c293",
                "Read_length_over_time.html:md5,50507a65f73248324e1045c7a1b17120",
                "Yield_plot_through_time.html:md5,f5ac802a3d10e4dbcdd518d4537b779e",
                "plotly.min.js:md5,059f6ecfa3930aa0b85b6ef4591390e4",
                "report.data:md5,6170080965fff4e4480684cb3180d19c",
                "report.html:md5,b9299af0ac0c64b70f68a1960f0b2712",
                "TestMe-bacteria_odb10-busco.log:md5,014e523cf3ae06ac7d2830352f8e21aa",
                "predicted.faa:md5,df008f814b23e9d104f031840f562caa",
                "predicted.fna:md5,c61fd79fb81c25849179104c822c75e1",
                "prodigal_mode_single_code_11.faa:md5,2d8da956b13ef0002209b066d5ef4472",
                "prodigal_mode_single_code_11.fna:md5,0cc3ec48f79962873781f52bdbbec383",
                "prodigal_mode_single_code_4.faa:md5,43ac632b4d5ed91eff82f450049f46e9",
                "prodigal_mode_single_code_4.fna:md5,c61fd79fb81c25849179104c822c75e1",
                "full_table.tsv:md5,bf620ddaab89b24405b8d2e99041725a",
                "missing_busco_list.tsv:md5,e3ef2ca920366fb20bf9efca9b10bfee",
                "short_summary.specific.bacteria_odb10.TestMe_polished_genome.fa.json:md5,9fecfba7c9356f85080567f0eebd183d",
                "short_summary.specific.bacteria_odb10.TestMe_polished_genome.fa.txt:md5,d4d12eb0443b357c1830695d509f0f83",
                "mqc_busco_plot_bacteria_odb10_1.yaml:md5,4c8ff8d6dcacfae1d403cd092b6b0ecd",
                "mqc_nanostat_quality_dist_1.yaml:md5,56c27ab1c9f26bd454e5db00f1c3d573",
                "mqc_porechop-endtrim-barplot_1.yaml:md5,01be4aa5df6783634f6e8bb8208f550d",
                "mqc_porechop-middlesplit-barplot_1.yaml:md5,d7c6c6307fa5a50527bd1aa179c0dab5",
                "mqc_porechop-starttrim-barplot_1.yaml:md5,af425e12dc2f12ca3a611f24ec8cd5b7",
                "mqc_prokka_plot_1.yaml:md5,411b709a811389621c325b221268c22b",
                "mqc_quast_num_contigs_1.yaml:md5,c7a146b7ca0f31b42ed2dea91aca4932",
                "multiqc_busco.yaml:md5,9ac92bf9a4137be2f4f5a879c5145c6d",
                "multiqc_citations.yaml:md5,80450f20190a42871cb64f62ae9bec3e",
                "multiqc_general_stats.yaml:md5,e2cf0507f99b0a4c10fc258c97167ba7",
                "multiqc_nanostat.yaml:md5,044869a9bdb292fbbd0e5a285739aa53",
                "multiqc_prokka.yaml:md5,eae1ff1cb28f632e0b436c14b829c0ee",
                "multiqc_quast.yaml:md5,b43db95a342a25f1ee15c4455ec17561",
                "porechop.yaml:md5,403a3ef2261ef90756f67fc78b4ce556",
                "TestMe.porechop.log:md5,17eafdb4136fa8b0b9d0b9533b6b20fc"
            ]
        ],
        "meta": {
            "nf-test": "0.9.2",
            "nextflow": "25.04.2"
        },
        "timestamp": "2025-07-07T18:53:53.207499891"
    }
}