{
    "-profile test_liftoff": {
        "content": [
            14,
            {
                "BUSCO_BUSCO": {
                    "busco": "5.8.3"
                },
                "FASTP": {
                    "fastp": "0.24.0"
                },
                "FASTQC_RAW": {
                    "fastqc": "0.12.1"
                },
                "FASTQC_TRIM": {
                    "fastqc": "0.12.1"
                },
                "LIFTOFF": {
                    "liftoff": "v1.6.3"
                },
                "QUAST": {
                    "quast": "5.2.0"
                },
                "UNICYCLER": {
                    "unicycler": "0.5.1"
                },
                "Workflow": {
                    "nf-core/bacass": "v2.5.0"
                }
            },
            [
                "FastQC",
                "FastQC/raw",
                "FastQC/raw/ERR044595_1_fastqc.html",
                "FastQC/raw/ERR044595_1_fastqc.zip",
                "FastQC/raw/ERR044595_2_fastqc.html",
                "FastQC/raw/ERR044595_2_fastqc.zip",
                "FastQC/raw/ERR064912_1_fastqc.html",
                "FastQC/raw/ERR064912_1_fastqc.zip",
                "FastQC/raw/ERR064912_2_fastqc.html",
                "FastQC/raw/ERR064912_2_fastqc.zip",
                "FastQC/trim",
                "FastQC/trim/ERR044595_1_fastqc.html",
                "FastQC/trim/ERR044595_2_fastqc.html",
                "FastQC/trim/ERR064912_1_fastqc.html",
                "FastQC/trim/ERR064912_2_fastqc.html",
                "LIFTOFF",
                "LIFTOFF/ERR044595.gff3",
                "LIFTOFF/ERR044595.unmapped.txt",
                "LIFTOFF/ERR064912.gff3",
                "LIFTOFF/ERR064912.unmapped.txt",
                "QUAST",
                "QUAST/report",
                "QUAST/report/basic_stats",
                "QUAST/report/basic_stats/ERR044595.scaffolds_GC_content_plot.pdf",
                "QUAST/report/basic_stats/ERR064912.scaffolds_GC_content_plot.pdf",
                "QUAST/report/basic_stats/GC_content_plot.pdf",
                "QUAST/report/basic_stats/NGx_plot.pdf",
                "QUAST/report/basic_stats/Nx_plot.pdf",
                "QUAST/report/basic_stats/cumulative_plot.pdf",
                "QUAST/report/basic_stats/gc.icarus.txt",
                "QUAST/report/contigs_reports",
                "QUAST/report/contigs_reports/all_alignments_ERR044595-scaffolds.tsv",
                "QUAST/report/contigs_reports/all_alignments_ERR064912-scaffolds.tsv",
                "QUAST/report/contigs_reports/contigs_report_ERR044595-scaffolds.mis_contigs.info",
                "QUAST/report/contigs_reports/contigs_report_ERR044595-scaffolds.stderr",
                "QUAST/report/contigs_reports/contigs_report_ERR044595-scaffolds.stdout",
                "QUAST/report/contigs_reports/contigs_report_ERR064912-scaffolds.mis_contigs.info",
                "QUAST/report/contigs_reports/contigs_report_ERR064912-scaffolds.stderr",
                "QUAST/report/contigs_reports/contigs_report_ERR064912-scaffolds.stdout",
                "QUAST/report/contigs_reports/minimap_output",
                "QUAST/report/contigs_reports/minimap_output/ERR044595-scaffolds.coords_tmp",
                "QUAST/report/contigs_reports/minimap_output/ERR064912-scaffolds.coords_tmp",
                "QUAST/report/icarus.html",
                "QUAST/report/icarus_viewers",
                "QUAST/report/icarus_viewers/contig_size_viewer.html",
                "QUAST/report/quast.log",
                "QUAST/report/report.html",
                "QUAST/report/report.pdf",
                "QUAST/report/report.tex",
                "QUAST/report/report.tsv",
                "QUAST/report/report.txt",
                "QUAST/report/transposed_report.tex",
                "QUAST/report/transposed_report.tsv",
                "QUAST/report/transposed_report.txt",
                "Unicycler",
                "Unicycler/ERR044595.assembly.gfa.gz",
                "Unicycler/ERR044595.scaffolds.fa.gz",
                "Unicycler/ERR044595.unicycler.log",
                "Unicycler/ERR064912.assembly.gfa.gz",
                "Unicycler/ERR064912.scaffolds.fa.gz",
                "Unicycler/ERR064912.unicycler.log",
                "busco",
                "busco/ERR044595-bacteria_odb10-busco",
                "busco/ERR044595-bacteria_odb10-busco.batch_summary.txt",
                "busco/ERR044595-bacteria_odb10-busco.log",
                "busco/ERR044595-bacteria_odb10-busco/ERR044595.scaffolds.fa",
                "busco/ERR044595-bacteria_odb10-busco/ERR044595.scaffolds.fa/logs",
                "busco/ERR044595-bacteria_odb10-busco/ERR044595.scaffolds.fa/logs/bbtools_err.log",
                "busco/ERR044595-bacteria_odb10-busco/ERR044595.scaffolds.fa/logs/bbtools_out.log",
                "busco/ERR044595-bacteria_odb10-busco/ERR044595.scaffolds.fa/logs/hmmsearch_err.log",
                "busco/ERR044595-bacteria_odb10-busco/ERR044595.scaffolds.fa/logs/hmmsearch_out.log",
                "busco/ERR044595-bacteria_odb10-busco/ERR044595.scaffolds.fa/logs/prodigal_err.log",
                "busco/ERR044595-bacteria_odb10-busco/ERR044595.scaffolds.fa/logs/prodigal_out.log",
                "busco/ERR044595-bacteria_odb10-busco/ERR044595.scaffolds.fa/prodigal_output",
                "busco/ERR044595-bacteria_odb10-busco/ERR044595.scaffolds.fa/prodigal_output/.checkpoint",
                "busco/ERR044595-bacteria_odb10-busco/ERR044595.scaffolds.fa/prodigal_output/predicted_genes",
                "busco/ERR044595-bacteria_odb10-busco/ERR044595.scaffolds.fa/prodigal_output/predicted_genes/predicted.faa",
                "busco/ERR044595-bacteria_odb10-busco/ERR044595.scaffolds.fa/prodigal_output/predicted_genes/predicted.fna",
                "busco/ERR044595-bacteria_odb10-busco/ERR044595.scaffolds.fa/prodigal_output/predicted_genes/tmp",
                "busco/ERR044595-bacteria_odb10-busco/ERR044595.scaffolds.fa/prodigal_output/predicted_genes/tmp/prodigal_mode_single_code_11.faa",
                "busco/ERR044595-bacteria_odb10-busco/ERR044595.scaffolds.fa/prodigal_output/predicted_genes/tmp/prodigal_mode_single_code_11.fna",
                "busco/ERR044595-bacteria_odb10-busco/ERR044595.scaffolds.fa/prodigal_output/predicted_genes/tmp/prodigal_mode_single_code_11_err.log",
                "busco/ERR044595-bacteria_odb10-busco/ERR044595.scaffolds.fa/prodigal_output/predicted_genes/tmp/prodigal_mode_single_code_11_out.log",
                "busco/ERR044595-bacteria_odb10-busco/ERR044595.scaffolds.fa/run_bacteria_odb10",
                "busco/ERR044595-bacteria_odb10-busco/ERR044595.scaffolds.fa/run_bacteria_odb10/.bbtools_output",
                "busco/ERR044595-bacteria_odb10-busco/ERR044595.scaffolds.fa/run_bacteria_odb10/.bbtools_output/.checkpoint",
                "busco/ERR044595-bacteria_odb10-busco/ERR044595.scaffolds.fa/run_bacteria_odb10/busco_sequences",
                "busco/ERR044595-bacteria_odb10-busco/ERR044595.scaffolds.fa/run_bacteria_odb10/full_table.tsv",
                "busco/ERR044595-bacteria_odb10-busco/ERR044595.scaffolds.fa/run_bacteria_odb10/hmmer_output",
                "busco/ERR044595-bacteria_odb10-busco/ERR044595.scaffolds.fa/run_bacteria_odb10/missing_busco_list.tsv",
                "busco/ERR044595-bacteria_odb10-busco/ERR044595.scaffolds.fa/run_bacteria_odb10/short_summary.json",
                "busco/ERR044595-bacteria_odb10-busco/ERR044595.scaffolds.fa/run_bacteria_odb10/short_summary.txt",
                "busco/ERR044595-bacteria_odb10-busco/logs",
                "busco/ERR064912-bacteria_odb10-busco",
                "busco/ERR064912-bacteria_odb10-busco.batch_summary.txt",
                "busco/ERR064912-bacteria_odb10-busco.log",
                "busco/ERR064912-bacteria_odb10-busco/ERR064912.scaffolds.fa",
                "busco/ERR064912-bacteria_odb10-busco/ERR064912.scaffolds.fa/logs",
                "busco/ERR064912-bacteria_odb10-busco/ERR064912.scaffolds.fa/logs/bbtools_err.log",
                "busco/ERR064912-bacteria_odb10-busco/ERR064912.scaffolds.fa/logs/bbtools_out.log",
                "busco/ERR064912-bacteria_odb10-busco/ERR064912.scaffolds.fa/logs/hmmsearch_err.log",
                "busco/ERR064912-bacteria_odb10-busco/ERR064912.scaffolds.fa/logs/hmmsearch_out.log",
                "busco/ERR064912-bacteria_odb10-busco/ERR064912.scaffolds.fa/logs/prodigal_err.log",
                "busco/ERR064912-bacteria_odb10-busco/ERR064912.scaffolds.fa/logs/prodigal_out.log",
                "busco/ERR064912-bacteria_odb10-busco/ERR064912.scaffolds.fa/prodigal_output",
                "busco/ERR064912-bacteria_odb10-busco/ERR064912.scaffolds.fa/prodigal_output/.checkpoint",
                "busco/ERR064912-bacteria_odb10-busco/ERR064912.scaffolds.fa/prodigal_output/predicted_genes",
                "busco/ERR064912-bacteria_odb10-busco/ERR064912.scaffolds.fa/prodigal_output/predicted_genes/predicted.faa",
                "busco/ERR064912-bacteria_odb10-busco/ERR064912.scaffolds.fa/prodigal_output/predicted_genes/predicted.fna",
                "busco/ERR064912-bacteria_odb10-busco/ERR064912.scaffolds.fa/prodigal_output/predicted_genes/tmp",
                "busco/ERR064912-bacteria_odb10-busco/ERR064912.scaffolds.fa/prodigal_output/predicted_genes/tmp/prodigal_mode_single_code_11.faa",
                "busco/ERR064912-bacteria_odb10-busco/ERR064912.scaffolds.fa/prodigal_output/predicted_genes/tmp/prodigal_mode_single_code_11.fna",
                "busco/ERR064912-bacteria_odb10-busco/ERR064912.scaffolds.fa/prodigal_output/predicted_genes/tmp/prodigal_mode_single_code_11_err.log",
                "busco/ERR064912-bacteria_odb10-busco/ERR064912.scaffolds.fa/prodigal_output/predicted_genes/tmp/prodigal_mode_single_code_11_out.log",
                "busco/ERR064912-bacteria_odb10-busco/ERR064912.scaffolds.fa/run_bacteria_odb10",
                "busco/ERR064912-bacteria_odb10-busco/ERR064912.scaffolds.fa/run_bacteria_odb10/.bbtools_output",
                "busco/ERR064912-bacteria_odb10-busco/ERR064912.scaffolds.fa/run_bacteria_odb10/.bbtools_output/.checkpoint",
                "busco/ERR064912-bacteria_odb10-busco/ERR064912.scaffolds.fa/run_bacteria_odb10/busco_sequences",
                "busco/ERR064912-bacteria_odb10-busco/ERR064912.scaffolds.fa/run_bacteria_odb10/full_table.tsv",
                "busco/ERR064912-bacteria_odb10-busco/ERR064912.scaffolds.fa/run_bacteria_odb10/hmmer_output",
                "busco/ERR064912-bacteria_odb10-busco/ERR064912.scaffolds.fa/run_bacteria_odb10/missing_busco_list.tsv",
                "busco/ERR064912-bacteria_odb10-busco/ERR064912.scaffolds.fa/run_bacteria_odb10/short_summary.json",
                "busco/ERR064912-bacteria_odb10-busco/ERR064912.scaffolds.fa/run_bacteria_odb10/short_summary.txt",
                "busco/ERR064912-bacteria_odb10-busco/logs",
                "busco/busco_downloads",
                "busco/short_summary.specific.bacteria_odb10.ERR044595.scaffolds.fa.json",
                "busco/short_summary.specific.bacteria_odb10.ERR044595.scaffolds.fa.txt",
                "busco/short_summary.specific.bacteria_odb10.ERR064912.scaffolds.fa.json",
                "busco/short_summary.specific.bacteria_odb10.ERR064912.scaffolds.fa.txt",
                "multiqc",
                "multiqc/multiqc_data",
                "multiqc/multiqc_data/mqc_busco_plot_bacteria_odb10_1.yaml",
                "multiqc/multiqc_data/mqc_fastp-insert-size-plot_1.yaml",
                "multiqc/multiqc_data/mqc_fastp-seq-content-gc-plot_Read_1_After_filtering.yaml",
                "multiqc/multiqc_data/mqc_fastp-seq-content-gc-plot_Read_1_Before_filtering.yaml",
                "multiqc/multiqc_data/mqc_fastp-seq-content-gc-plot_Read_2_After_filtering.yaml",
                "multiqc/multiqc_data/mqc_fastp-seq-content-gc-plot_Read_2_Before_filtering.yaml",
                "multiqc/multiqc_data/mqc_fastp-seq-content-n-plot_Read_1_After_filtering.yaml",
                "multiqc/multiqc_data/mqc_fastp-seq-content-n-plot_Read_1_Before_filtering.yaml",
                "multiqc/multiqc_data/mqc_fastp-seq-content-n-plot_Read_2_After_filtering.yaml",
                "multiqc/multiqc_data/mqc_fastp-seq-content-n-plot_Read_2_Before_filtering.yaml",
                "multiqc/multiqc_data/mqc_fastp-seq-quality-plot_Read_1_After_filtering.yaml",
                "multiqc/multiqc_data/mqc_fastp-seq-quality-plot_Read_1_Before_filtering.yaml",
                "multiqc/multiqc_data/mqc_fastp-seq-quality-plot_Read_2_After_filtering.yaml",
                "multiqc/multiqc_data/mqc_fastp-seq-quality-plot_Read_2_Before_filtering.yaml",
                "multiqc/multiqc_data/mqc_fastp_filtered_reads_plot_1.yaml",
                "multiqc/multiqc_data/mqc_fastqc_adapter_content_plot_1.yaml",
                "multiqc/multiqc_data/mqc_fastqc_per_base_n_content_plot-2_1.yaml",
                "multiqc/multiqc_data/mqc_fastqc_per_base_n_content_plot_1.yaml",
                "multiqc/multiqc_data/mqc_fastqc_per_base_sequence_quality_plot-2_1.yaml",
                "multiqc/multiqc_data/mqc_fastqc_per_base_sequence_quality_plot_1.yaml",
                "multiqc/multiqc_data/mqc_fastqc_per_sequence_gc_content_plot-2_Counts.yaml",
                "multiqc/multiqc_data/mqc_fastqc_per_sequence_gc_content_plot-2_Percentages.yaml",
                "multiqc/multiqc_data/mqc_fastqc_per_sequence_gc_content_plot_Counts.yaml",
                "multiqc/multiqc_data/mqc_fastqc_per_sequence_gc_content_plot_Percentages.yaml",
                "multiqc/multiqc_data/mqc_fastqc_per_sequence_quality_scores_plot-2_1.yaml",
                "multiqc/multiqc_data/mqc_fastqc_per_sequence_quality_scores_plot_1.yaml",
                "multiqc/multiqc_data/mqc_fastqc_sequence_counts_plot-2_1.yaml",
                "multiqc/multiqc_data/mqc_fastqc_sequence_counts_plot_1.yaml",
                "multiqc/multiqc_data/mqc_fastqc_sequence_duplication_levels_plot-2_1.yaml",
                "multiqc/multiqc_data/mqc_fastqc_sequence_duplication_levels_plot_1.yaml",
                "multiqc/multiqc_data/mqc_fastqc_sequence_length_distribution_plot_1.yaml",
                "multiqc/multiqc_data/mqc_quast_num_contigs_1.yaml",
                "multiqc/multiqc_data/multiqc.log",
                "multiqc/multiqc_data/multiqc_busco.yaml",
                "multiqc/multiqc_data/multiqc_citations.yaml",
                "multiqc/multiqc_data/multiqc_data.json",
                "multiqc/multiqc_data/multiqc_fastp.yaml",
                "multiqc/multiqc_data/multiqc_fastqc.yaml",
                "multiqc/multiqc_data/multiqc_fastqc_1.yaml",
                "multiqc/multiqc_data/multiqc_general_stats.yaml",
                "multiqc/multiqc_data/multiqc_quast.yaml",
                "multiqc/multiqc_data/multiqc_software_versions.yaml",
                "multiqc/multiqc_data/multiqc_sources.yaml",
                "multiqc/multiqc_plots",
                "multiqc/multiqc_plots/pdf",
                "multiqc/multiqc_plots/pdf/mqc_busco_plot_bacteria_odb10_1.pdf",
                "multiqc/multiqc_plots/pdf/mqc_busco_plot_bacteria_odb10_1_pc.pdf",
                "multiqc/multiqc_plots/pdf/mqc_fastp-insert-size-plot_1.pdf",
                "multiqc/multiqc_plots/pdf/mqc_fastp-seq-content-gc-plot_Read_1_After_filtering.pdf",
                "multiqc/multiqc_plots/pdf/mqc_fastp-seq-content-gc-plot_Read_1_Before_filtering.pdf",
                "multiqc/multiqc_plots/pdf/mqc_fastp-seq-content-gc-plot_Read_2_After_filtering.pdf",
                "multiqc/multiqc_plots/pdf/mqc_fastp-seq-content-gc-plot_Read_2_Before_filtering.pdf",
                "multiqc/multiqc_plots/pdf/mqc_fastp-seq-content-n-plot_Read_1_After_filtering.pdf",
                "multiqc/multiqc_plots/pdf/mqc_fastp-seq-content-n-plot_Read_1_Before_filtering.pdf",
                "multiqc/multiqc_plots/pdf/mqc_fastp-seq-content-n-plot_Read_2_After_filtering.pdf",
                "multiqc/multiqc_plots/pdf/mqc_fastp-seq-content-n-plot_Read_2_Before_filtering.pdf",
                "multiqc/multiqc_plots/pdf/mqc_fastp-seq-quality-plot_Read_1_After_filtering.pdf",
                "multiqc/multiqc_plots/pdf/mqc_fastp-seq-quality-plot_Read_1_Before_filtering.pdf",
                "multiqc/multiqc_plots/pdf/mqc_fastp-seq-quality-plot_Read_2_After_filtering.pdf",
                "multiqc/multiqc_plots/pdf/mqc_fastp-seq-quality-plot_Read_2_Before_filtering.pdf",
                "multiqc/multiqc_plots/pdf/mqc_fastp_filtered_reads_plot_1.pdf",
                "multiqc/multiqc_plots/pdf/mqc_fastp_filtered_reads_plot_1_pc.pdf",
                "multiqc/multiqc_plots/pdf/mqc_fastqc_adapter_content_plot_1.pdf",
                "multiqc/multiqc_plots/pdf/mqc_fastqc_per_base_n_content_plot-2_1.pdf",
                "multiqc/multiqc_plots/pdf/mqc_fastqc_per_base_n_content_plot_1.pdf",
                "multiqc/multiqc_plots/pdf/mqc_fastqc_per_base_sequence_quality_plot-2_1.pdf",
                "multiqc/multiqc_plots/pdf/mqc_fastqc_per_base_sequence_quality_plot_1.pdf",
                "multiqc/multiqc_plots/pdf/mqc_fastqc_per_sequence_gc_content_plot-2_Counts.pdf",
                "multiqc/multiqc_plots/pdf/mqc_fastqc_per_sequence_gc_content_plot-2_Percentages.pdf",
                "multiqc/multiqc_plots/pdf/mqc_fastqc_per_sequence_gc_content_plot_Counts.pdf",
                "multiqc/multiqc_plots/pdf/mqc_fastqc_per_sequence_gc_content_plot_Percentages.pdf",
                "multiqc/multiqc_plots/pdf/mqc_fastqc_per_sequence_quality_scores_plot-2_1.pdf",
                "multiqc/multiqc_plots/pdf/mqc_fastqc_per_sequence_quality_scores_plot_1.pdf",
                "multiqc/multiqc_plots/pdf/mqc_fastqc_sequence_counts_plot-2_1.pdf",
                "multiqc/multiqc_plots/pdf/mqc_fastqc_sequence_counts_plot-2_1_pc.pdf",
                "multiqc/multiqc_plots/pdf/mqc_fastqc_sequence_counts_plot_1.pdf",
                "multiqc/multiqc_plots/pdf/mqc_fastqc_sequence_counts_plot_1_pc.pdf",
                "multiqc/multiqc_plots/pdf/mqc_fastqc_sequence_duplication_levels_plot-2_1.pdf",
                "multiqc/multiqc_plots/pdf/mqc_fastqc_sequence_duplication_levels_plot_1.pdf",
                "multiqc/multiqc_plots/pdf/mqc_fastqc_sequence_length_distribution_plot_1.pdf",
                "multiqc/multiqc_plots/pdf/mqc_quast_num_contigs_1.pdf",
                "multiqc/multiqc_plots/pdf/mqc_quast_num_contigs_1_pc.pdf",
                "multiqc/multiqc_plots/png",
                "multiqc/multiqc_plots/png/mqc_busco_plot_bacteria_odb10_1.png",
                "multiqc/multiqc_plots/png/mqc_busco_plot_bacteria_odb10_1_pc.png",
                "multiqc/multiqc_plots/png/mqc_fastp-insert-size-plot_1.png",
                "multiqc/multiqc_plots/png/mqc_fastp-seq-content-gc-plot_Read_1_After_filtering.png",
                "multiqc/multiqc_plots/png/mqc_fastp-seq-content-gc-plot_Read_1_Before_filtering.png",
                "multiqc/multiqc_plots/png/mqc_fastp-seq-content-gc-plot_Read_2_After_filtering.png",
                "multiqc/multiqc_plots/png/mqc_fastp-seq-content-gc-plot_Read_2_Before_filtering.png",
                "multiqc/multiqc_plots/png/mqc_fastp-seq-content-n-plot_Read_1_After_filtering.png",
                "multiqc/multiqc_plots/png/mqc_fastp-seq-content-n-plot_Read_1_Before_filtering.png",
                "multiqc/multiqc_plots/png/mqc_fastp-seq-content-n-plot_Read_2_After_filtering.png",
                "multiqc/multiqc_plots/png/mqc_fastp-seq-content-n-plot_Read_2_Before_filtering.png",
                "multiqc/multiqc_plots/png/mqc_fastp-seq-quality-plot_Read_1_After_filtering.png",
                "multiqc/multiqc_plots/png/mqc_fastp-seq-quality-plot_Read_1_Before_filtering.png",
                "multiqc/multiqc_plots/png/mqc_fastp-seq-quality-plot_Read_2_After_filtering.png",
                "multiqc/multiqc_plots/png/mqc_fastp-seq-quality-plot_Read_2_Before_filtering.png",
                "multiqc/multiqc_plots/png/mqc_fastp_filtered_reads_plot_1.png",
                "multiqc/multiqc_plots/png/mqc_fastp_filtered_reads_plot_1_pc.png",
                "multiqc/multiqc_plots/png/mqc_fastqc_adapter_content_plot_1.png",
                "multiqc/multiqc_plots/png/mqc_fastqc_per_base_n_content_plot-2_1.png",
                "multiqc/multiqc_plots/png/mqc_fastqc_per_base_n_content_plot_1.png",
                "multiqc/multiqc_plots/png/mqc_fastqc_per_base_sequence_quality_plot-2_1.png",
                "multiqc/multiqc_plots/png/mqc_fastqc_per_base_sequence_quality_plot_1.png",
                "multiqc/multiqc_plots/png/mqc_fastqc_per_sequence_gc_content_plot-2_Counts.png",
                "multiqc/multiqc_plots/png/mqc_fastqc_per_sequence_gc_content_plot-2_Percentages.png",
                "multiqc/multiqc_plots/png/mqc_fastqc_per_sequence_gc_content_plot_Counts.png",
                "multiqc/multiqc_plots/png/mqc_fastqc_per_sequence_gc_content_plot_Percentages.png",
                "multiqc/multiqc_plots/png/mqc_fastqc_per_sequence_quality_scores_plot-2_1.png",
                "multiqc/multiqc_plots/png/mqc_fastqc_per_sequence_quality_scores_plot_1.png",
                "multiqc/multiqc_plots/png/mqc_fastqc_sequence_counts_plot-2_1.png",
                "multiqc/multiqc_plots/png/mqc_fastqc_sequence_counts_plot-2_1_pc.png",
                "multiqc/multiqc_plots/png/mqc_fastqc_sequence_counts_plot_1.png",
                "multiqc/multiqc_plots/png/mqc_fastqc_sequence_counts_plot_1_pc.png",
                "multiqc/multiqc_plots/png/mqc_fastqc_sequence_duplication_levels_plot-2_1.png",
                "multiqc/multiqc_plots/png/mqc_fastqc_sequence_duplication_levels_plot_1.png",
                "multiqc/multiqc_plots/png/mqc_fastqc_sequence_length_distribution_plot_1.png",
                "multiqc/multiqc_plots/png/mqc_quast_num_contigs_1.png",
                "multiqc/multiqc_plots/png/mqc_quast_num_contigs_1_pc.png",
                "multiqc/multiqc_plots/svg",
                "multiqc/multiqc_plots/svg/mqc_busco_plot_bacteria_odb10_1.svg",
                "multiqc/multiqc_plots/svg/mqc_busco_plot_bacteria_odb10_1_pc.svg",
                "multiqc/multiqc_plots/svg/mqc_fastp-insert-size-plot_1.svg",
                "multiqc/multiqc_plots/svg/mqc_fastp-seq-content-gc-plot_Read_1_After_filtering.svg",
                "multiqc/multiqc_plots/svg/mqc_fastp-seq-content-gc-plot_Read_1_Before_filtering.svg",
                "multiqc/multiqc_plots/svg/mqc_fastp-seq-content-gc-plot_Read_2_After_filtering.svg",
                "multiqc/multiqc_plots/svg/mqc_fastp-seq-content-gc-plot_Read_2_Before_filtering.svg",
                "multiqc/multiqc_plots/svg/mqc_fastp-seq-content-n-plot_Read_1_After_filtering.svg",
                "multiqc/multiqc_plots/svg/mqc_fastp-seq-content-n-plot_Read_1_Before_filtering.svg",
                "multiqc/multiqc_plots/svg/mqc_fastp-seq-content-n-plot_Read_2_After_filtering.svg",
                "multiqc/multiqc_plots/svg/mqc_fastp-seq-content-n-plot_Read_2_Before_filtering.svg",
                "multiqc/multiqc_plots/svg/mqc_fastp-seq-quality-plot_Read_1_After_filtering.svg",
                "multiqc/multiqc_plots/svg/mqc_fastp-seq-quality-plot_Read_1_Before_filtering.svg",
                "multiqc/multiqc_plots/svg/mqc_fastp-seq-quality-plot_Read_2_After_filtering.svg",
                "multiqc/multiqc_plots/svg/mqc_fastp-seq-quality-plot_Read_2_Before_filtering.svg",
                "multiqc/multiqc_plots/svg/mqc_fastp_filtered_reads_plot_1.svg",
                "multiqc/multiqc_plots/svg/mqc_fastp_filtered_reads_plot_1_pc.svg",
                "multiqc/multiqc_plots/svg/mqc_fastqc_adapter_content_plot_1.svg",
                "multiqc/multiqc_plots/svg/mqc_fastqc_per_base_n_content_plot-2_1.svg",
                "multiqc/multiqc_plots/svg/mqc_fastqc_per_base_n_content_plot_1.svg",
                "multiqc/multiqc_plots/svg/mqc_fastqc_per_base_sequence_quality_plot-2_1.svg",
                "multiqc/multiqc_plots/svg/mqc_fastqc_per_base_sequence_quality_plot_1.svg",
                "multiqc/multiqc_plots/svg/mqc_fastqc_per_sequence_gc_content_plot-2_Counts.svg",
                "multiqc/multiqc_plots/svg/mqc_fastqc_per_sequence_gc_content_plot-2_Percentages.svg",
                "multiqc/multiqc_plots/svg/mqc_fastqc_per_sequence_gc_content_plot_Counts.svg",
                "multiqc/multiqc_plots/svg/mqc_fastqc_per_sequence_gc_content_plot_Percentages.svg",
                "multiqc/multiqc_plots/svg/mqc_fastqc_per_sequence_quality_scores_plot-2_1.svg",
                "multiqc/multiqc_plots/svg/mqc_fastqc_per_sequence_quality_scores_plot_1.svg",
                "multiqc/multiqc_plots/svg/mqc_fastqc_sequence_counts_plot-2_1.svg",
                "multiqc/multiqc_plots/svg/mqc_fastqc_sequence_counts_plot-2_1_pc.svg",
                "multiqc/multiqc_plots/svg/mqc_fastqc_sequence_counts_plot_1.svg",
                "multiqc/multiqc_plots/svg/mqc_fastqc_sequence_counts_plot_1_pc.svg",
                "multiqc/multiqc_plots/svg/mqc_fastqc_sequence_duplication_levels_plot-2_1.svg",
                "multiqc/multiqc_plots/svg/mqc_fastqc_sequence_duplication_levels_plot_1.svg",
                "multiqc/multiqc_plots/svg/mqc_fastqc_sequence_length_distribution_plot_1.svg",
                "multiqc/multiqc_plots/svg/mqc_quast_num_contigs_1.svg",
                "multiqc/multiqc_plots/svg/mqc_quast_num_contigs_1_pc.svg",
                "multiqc/multiqc_report.html",
                "pipeline_info",
                "pipeline_info/nf_core_bacass_software_mqc_versions.yml",
                "trimming",
                "trimming/shortreads",
                "trimming/shortreads/json_html",
                "trimming/shortreads/json_html/ERR044595.fastp.html",
                "trimming/shortreads/json_html/ERR044595.fastp.json",
                "trimming/shortreads/json_html/ERR064912.fastp.html",
                "trimming/shortreads/json_html/ERR064912.fastp.json",
                "trimming/shortreads/log",
                "trimming/shortreads/log/ERR044595.fastp.log",
                "trimming/shortreads/log/ERR064912.fastp.log"
            ],
            [
                "ERR044595.gff3:md5,7153b7d4d224c20fc2d532171f71c5ea",
                "ERR044595.unmapped.txt:md5,b4c04cfb80263b48c1937e1144c01bb0",
                "ERR064912.gff3:md5,3765a67d0c2b81990b218f56c9dafb51",
                "ERR064912.unmapped.txt:md5,b4c04cfb80263b48c1937e1144c01bb0",
                "ERR044595.assembly.gfa.gz:md5,66fcb08f315b69b3639ab394f4171f58",
                "ERR044595.scaffolds.fa.gz:md5,cc86896317eea5e7bf1aa5321e212ee1",
                "ERR064912.assembly.gfa.gz:md5,01faaeca29910ae15e49dd355dda556a",
                "ERR064912.scaffolds.fa.gz:md5,0965953c184cd27da1550b757d7911c7",
                "mqc_busco_plot_bacteria_odb10_1.yaml:md5,d095cfa297352d240023df5030592c44",
                "mqc_fastp-insert-size-plot_1.yaml:md5,d10378b39df6bfae8fb4f372200c017f",
                "mqc_fastp-seq-content-gc-plot_Read_1_After_filtering.yaml:md5,1626ad6d4b0e5c11b812eb28f010bb30",
                "mqc_fastp-seq-content-gc-plot_Read_1_Before_filtering.yaml:md5,5e6257ca358949b2b1f81e6c4cac566e",
                "mqc_fastp-seq-content-gc-plot_Read_2_After_filtering.yaml:md5,5de403821c5d77e7f212d4b3b71983cc",
                "mqc_fastp-seq-content-gc-plot_Read_2_Before_filtering.yaml:md5,9c600f2b14a7c92c533a7b4f53093e61",
                "mqc_fastp-seq-content-n-plot_Read_1_After_filtering.yaml:md5,ec0fd6e4ded22726e1f1c5c83f0840b7",
                "mqc_fastp-seq-content-n-plot_Read_1_Before_filtering.yaml:md5,3a2e278070b35d5e54beb98e3de3ac19",
                "mqc_fastp-seq-content-n-plot_Read_2_After_filtering.yaml:md5,823a0bc166948f77cf8ec360328fd8e1",
                "mqc_fastp-seq-content-n-plot_Read_2_Before_filtering.yaml:md5,199f91d9e762a6a054c22a0b93698870",
                "mqc_fastp-seq-quality-plot_Read_1_After_filtering.yaml:md5,b6d62af1e24d74cfc8860e2c3bb1e1f8",
                "mqc_fastp-seq-quality-plot_Read_1_Before_filtering.yaml:md5,8a2f99badd4307372fbf3cbad6d0ea1d",
                "mqc_fastp-seq-quality-plot_Read_2_After_filtering.yaml:md5,b6cd211a33c6a5ea2f33ba0b8bff2e12",
                "mqc_fastp-seq-quality-plot_Read_2_Before_filtering.yaml:md5,53b11895fa7b0f3a217c6d08b656edde",
                "mqc_fastp_filtered_reads_plot_1.yaml:md5,8b8ca8b9b2ba74ff4878848ccc7a0c1f",
                "mqc_fastqc_adapter_content_plot_1.yaml:md5,03765b759de8ca659af65aa226a0c91b",
                "mqc_fastqc_per_base_n_content_plot-2_1.yaml:md5,133136f55a621314f29395b0b590e02c",
                "mqc_fastqc_per_base_n_content_plot_1.yaml:md5,7c8cebddb77c63cf63e31c559c02c9fa",
                "mqc_fastqc_per_base_sequence_quality_plot-2_1.yaml:md5,c36608746f280013ed31fe1d3b6059de",
                "mqc_fastqc_per_base_sequence_quality_plot_1.yaml:md5,8b543fd862b00615123e5a62be0d5099",
                "mqc_fastqc_per_sequence_gc_content_plot-2_Counts.yaml:md5,a9e7955b572fcb86414dd273c648141f",
                "mqc_fastqc_per_sequence_gc_content_plot-2_Percentages.yaml:md5,ec175b43fc74064aac53695244cd47d7",
                "mqc_fastqc_per_sequence_gc_content_plot_Counts.yaml:md5,786db52131724d97f598f14b17e15e1c",
                "mqc_fastqc_per_sequence_gc_content_plot_Percentages.yaml:md5,569ff6b6eee59b26ce354b4b93f2fdc4",
                "mqc_fastqc_per_sequence_quality_scores_plot-2_1.yaml:md5,6a83696e544a9d39db9231efc91915ad",
                "mqc_fastqc_per_sequence_quality_scores_plot_1.yaml:md5,e9012a938a3e11c0bd9847d18273fe88",
                "mqc_fastqc_sequence_counts_plot-2_1.yaml:md5,9c4bf16973d87cfe3731b660fffb4ddb",
                "mqc_fastqc_sequence_counts_plot_1.yaml:md5,a940e04693bcbadf20405148a1b1be35",
                "mqc_fastqc_sequence_duplication_levels_plot-2_1.yaml:md5,904ae9ce7abc638239879b6d16ff80a8",
                "mqc_fastqc_sequence_duplication_levels_plot_1.yaml:md5,4839cd6c3bd11763f6f58ec0c1fd75b2",
                "mqc_fastqc_sequence_length_distribution_plot_1.yaml:md5,2a0bfc0ec257081a52bf4f1755dd246b",
                "multiqc_busco.yaml:md5,003b890081970ec29305149c67f67cc9",
                "multiqc_citations.yaml:md5,e46f6ed003947fe967edd4674a82d4c6",
                "multiqc_fastp.yaml:md5,e67b5fcc2127573ff63f89c390793e5a",
                "multiqc_fastqc.yaml:md5,05172556a25feb1277e789e91031d3bc",
                "multiqc_fastqc_1.yaml:md5,a4bc353bd4a67c1f480fb890d806bf6a",
                "ERR044595.fastp.json:md5,3a5e0e63e47280dd797cf4c1a23b316e",
                "ERR064912.fastp.json:md5,82472580154ff6911376ee426f8abbac"
            ]
        ],
        "meta": {
            "nf-test": "0.9.2",
            "nextflow": "25.04.6"
        },
        "timestamp": "2025-07-23T18:14:23.558616402"
    }
}