{
    "-profile test_short_megahit": {
        "content": [
            13,
            {
                "BUSCO_BUSCO": {
                    "busco": "5.8.3"
                },
                "CAT_FASTQ_SHORT": {
                    "cat": 9.5
                },
                "FASTP": {
                    "fastp": "1.0.1"
                },
                "FASTQC_RAW": {
                    "fastqc": "0.12.1"
                },
                "FASTQC_TRIM": {
                    "fastqc": "0.12.1"
                },
                "MEGAHIT": {
                    "megahit": "1.2.9"
                },
                "QUAST": {
                    "quast": "5.3.0"
                },
                "Workflow": {
                    "nf-core/bacass": "v2.7.0dev"
                }
            },
            [
                "assembly",
                "assembly/megahit",
                "assembly/megahit/ERR044595-megahit.contigs.fa.gz",
                "assembly/megahit/ERR044595-megahit.log",
                "assembly/megahit/ERR064912-megahit.contigs.fa.gz",
                "assembly/megahit/ERR064912-megahit.log",
                "assembly_qc",
                "assembly_qc/busco",
                "assembly_qc/busco/ERR044595-megahit-bacteria_odb10-busco.batch_summary.txt",
                "assembly_qc/busco/ERR044595-megahit-bacteria_odb10-busco.log",
                "assembly_qc/busco/ERR064912-megahit-bacteria_odb10-busco.batch_summary.txt",
                "assembly_qc/busco/ERR064912-megahit-bacteria_odb10-busco.log",
                "assembly_qc/busco/short_summary.specific.bacteria_odb10.ERR044595-megahit.contigs.fa.json",
                "assembly_qc/busco/short_summary.specific.bacteria_odb10.ERR044595-megahit.contigs.fa.txt",
                "assembly_qc/busco/short_summary.specific.bacteria_odb10.ERR064912-megahit.contigs.fa.json",
                "assembly_qc/busco/short_summary.specific.bacteria_odb10.ERR064912-megahit.contigs.fa.txt",
                "assembly_qc/quast",
                "assembly_qc/quast/overall",
                "assembly_qc/quast/overall/report",
                "assembly_qc/quast/overall/report/basic_stats",
                "assembly_qc/quast/overall/report/basic_stats/ERR044595-megahit.contigs_GC_content_plot.pdf",
                "assembly_qc/quast/overall/report/basic_stats/ERR064912-megahit.contigs_GC_content_plot.pdf",
                "assembly_qc/quast/overall/report/basic_stats/GC_content_plot.pdf",
                "assembly_qc/quast/overall/report/basic_stats/Nx_plot.pdf",
                "assembly_qc/quast/overall/report/basic_stats/cumulative_plot.pdf",
                "assembly_qc/quast/overall/report/icarus.html",
                "assembly_qc/quast/overall/report/icarus_viewers",
                "assembly_qc/quast/overall/report/icarus_viewers/contig_size_viewer.html",
                "assembly_qc/quast/overall/report/quast.log",
                "assembly_qc/quast/overall/report/report.html",
                "assembly_qc/quast/overall/report/report.pdf",
                "assembly_qc/quast/overall/report/report.tex",
                "assembly_qc/quast/overall/report/report.tsv",
                "assembly_qc/quast/overall/report/report.txt",
                "assembly_qc/quast/overall/report/transposed_report.tex",
                "assembly_qc/quast/overall/report/transposed_report.tsv",
                "assembly_qc/quast/overall/report/transposed_report.txt",
                "multiqc",
                "multiqc/multiqc_data",
                "multiqc/multiqc_data/mqc_busco_plot_bacteria_odb10_1.yaml",
                "multiqc/multiqc_data/mqc_fastp-insert-size-plot_1.yaml",
                "multiqc/multiqc_data/mqc_fastp-seq-content-gc-plot_Read_1_After_filtering.yaml",
                "multiqc/multiqc_data/mqc_fastp-seq-content-gc-plot_Read_1_Before_filtering.yaml",
                "multiqc/multiqc_data/mqc_fastp-seq-content-gc-plot_Read_2_After_filtering.yaml",
                "multiqc/multiqc_data/mqc_fastp-seq-content-gc-plot_Read_2_Before_filtering.yaml",
                "multiqc/multiqc_data/mqc_fastp-seq-content-n-plot_Read_1_After_filtering.yaml",
                "multiqc/multiqc_data/mqc_fastp-seq-content-n-plot_Read_1_Before_filtering.yaml",
                "multiqc/multiqc_data/mqc_fastp-seq-content-n-plot_Read_2_After_filtering.yaml",
                "multiqc/multiqc_data/mqc_fastp-seq-content-n-plot_Read_2_Before_filtering.yaml",
                "multiqc/multiqc_data/mqc_fastp-seq-quality-plot_Read_1_After_filtering.yaml",
                "multiqc/multiqc_data/mqc_fastp-seq-quality-plot_Read_1_Before_filtering.yaml",
                "multiqc/multiqc_data/mqc_fastp-seq-quality-plot_Read_2_After_filtering.yaml",
                "multiqc/multiqc_data/mqc_fastp-seq-quality-plot_Read_2_Before_filtering.yaml",
                "multiqc/multiqc_data/mqc_fastp_filtered_reads_plot_1.yaml",
                "multiqc/multiqc_data/mqc_fastqc_adapter_content_plot_1.yaml",
                "multiqc/multiqc_data/mqc_fastqc_per_base_n_content_plot-2_1.yaml",
                "multiqc/multiqc_data/mqc_fastqc_per_base_n_content_plot_1.yaml",
                "multiqc/multiqc_data/mqc_fastqc_per_base_sequence_quality_plot-2_1.yaml",
                "multiqc/multiqc_data/mqc_fastqc_per_base_sequence_quality_plot_1.yaml",
                "multiqc/multiqc_data/mqc_fastqc_per_sequence_gc_content_plot-2_Counts.yaml",
                "multiqc/multiqc_data/mqc_fastqc_per_sequence_gc_content_plot-2_Percentages.yaml",
                "multiqc/multiqc_data/mqc_fastqc_per_sequence_gc_content_plot_Counts.yaml",
                "multiqc/multiqc_data/mqc_fastqc_per_sequence_gc_content_plot_Percentages.yaml",
                "multiqc/multiqc_data/mqc_fastqc_per_sequence_quality_scores_plot-2_1.yaml",
                "multiqc/multiqc_data/mqc_fastqc_per_sequence_quality_scores_plot_1.yaml",
                "multiqc/multiqc_data/mqc_fastqc_sequence_counts_plot-2_1.yaml",
                "multiqc/multiqc_data/mqc_fastqc_sequence_counts_plot_1.yaml",
                "multiqc/multiqc_data/mqc_fastqc_sequence_duplication_levels_plot-2_1.yaml",
                "multiqc/multiqc_data/mqc_fastqc_sequence_duplication_levels_plot_1.yaml",
                "multiqc/multiqc_data/mqc_fastqc_sequence_length_distribution_plot_1.yaml",
                "multiqc/multiqc_data/mqc_quast_num_contigs_1.yaml",
                "multiqc/multiqc_data/multiqc.log",
                "multiqc/multiqc_data/multiqc_busco.yaml",
                "multiqc/multiqc_data/multiqc_citations.yaml",
                "multiqc/multiqc_data/multiqc_data.json",
                "multiqc/multiqc_data/multiqc_fastp.yaml",
                "multiqc/multiqc_data/multiqc_fastqc.yaml",
                "multiqc/multiqc_data/multiqc_fastqc_1.yaml",
                "multiqc/multiqc_data/multiqc_general_stats.yaml",
                "multiqc/multiqc_data/multiqc_quast.yaml",
                "multiqc/multiqc_data/multiqc_software_versions.yaml",
                "multiqc/multiqc_data/multiqc_sources.yaml",
                "multiqc/multiqc_plots",
                "multiqc/multiqc_plots/pdf",
                "multiqc/multiqc_plots/pdf/mqc_busco_plot_bacteria_odb10_1.pdf",
                "multiqc/multiqc_plots/pdf/mqc_busco_plot_bacteria_odb10_1_pc.pdf",
                "multiqc/multiqc_plots/pdf/mqc_fastp-insert-size-plot_1.pdf",
                "multiqc/multiqc_plots/pdf/mqc_fastp-seq-content-gc-plot_Read_1_After_filtering.pdf",
                "multiqc/multiqc_plots/pdf/mqc_fastp-seq-content-gc-plot_Read_1_Before_filtering.pdf",
                "multiqc/multiqc_plots/pdf/mqc_fastp-seq-content-gc-plot_Read_2_After_filtering.pdf",
                "multiqc/multiqc_plots/pdf/mqc_fastp-seq-content-gc-plot_Read_2_Before_filtering.pdf",
                "multiqc/multiqc_plots/pdf/mqc_fastp-seq-content-n-plot_Read_1_After_filtering.pdf",
                "multiqc/multiqc_plots/pdf/mqc_fastp-seq-content-n-plot_Read_1_Before_filtering.pdf",
                "multiqc/multiqc_plots/pdf/mqc_fastp-seq-content-n-plot_Read_2_After_filtering.pdf",
                "multiqc/multiqc_plots/pdf/mqc_fastp-seq-content-n-plot_Read_2_Before_filtering.pdf",
                "multiqc/multiqc_plots/pdf/mqc_fastp-seq-quality-plot_Read_1_After_filtering.pdf",
                "multiqc/multiqc_plots/pdf/mqc_fastp-seq-quality-plot_Read_1_Before_filtering.pdf",
                "multiqc/multiqc_plots/pdf/mqc_fastp-seq-quality-plot_Read_2_After_filtering.pdf",
                "multiqc/multiqc_plots/pdf/mqc_fastp-seq-quality-plot_Read_2_Before_filtering.pdf",
                "multiqc/multiqc_plots/pdf/mqc_fastp_filtered_reads_plot_1.pdf",
                "multiqc/multiqc_plots/pdf/mqc_fastp_filtered_reads_plot_1_pc.pdf",
                "multiqc/multiqc_plots/pdf/mqc_fastqc_adapter_content_plot_1.pdf",
                "multiqc/multiqc_plots/pdf/mqc_fastqc_per_base_n_content_plot-2_1.pdf",
                "multiqc/multiqc_plots/pdf/mqc_fastqc_per_base_n_content_plot_1.pdf",
                "multiqc/multiqc_plots/pdf/mqc_fastqc_per_base_sequence_quality_plot-2_1.pdf",
                "multiqc/multiqc_plots/pdf/mqc_fastqc_per_base_sequence_quality_plot_1.pdf",
                "multiqc/multiqc_plots/pdf/mqc_fastqc_per_sequence_gc_content_plot-2_Counts.pdf",
                "multiqc/multiqc_plots/pdf/mqc_fastqc_per_sequence_gc_content_plot-2_Percentages.pdf",
                "multiqc/multiqc_plots/pdf/mqc_fastqc_per_sequence_gc_content_plot_Counts.pdf",
                "multiqc/multiqc_plots/pdf/mqc_fastqc_per_sequence_gc_content_plot_Percentages.pdf",
                "multiqc/multiqc_plots/pdf/mqc_fastqc_per_sequence_quality_scores_plot-2_1.pdf",
                "multiqc/multiqc_plots/pdf/mqc_fastqc_per_sequence_quality_scores_plot_1.pdf",
                "multiqc/multiqc_plots/pdf/mqc_fastqc_sequence_counts_plot-2_1.pdf",
                "multiqc/multiqc_plots/pdf/mqc_fastqc_sequence_counts_plot-2_1_pc.pdf",
                "multiqc/multiqc_plots/pdf/mqc_fastqc_sequence_counts_plot_1.pdf",
                "multiqc/multiqc_plots/pdf/mqc_fastqc_sequence_counts_plot_1_pc.pdf",
                "multiqc/multiqc_plots/pdf/mqc_fastqc_sequence_duplication_levels_plot-2_1.pdf",
                "multiqc/multiqc_plots/pdf/mqc_fastqc_sequence_duplication_levels_plot_1.pdf",
                "multiqc/multiqc_plots/pdf/mqc_fastqc_sequence_length_distribution_plot_1.pdf",
                "multiqc/multiqc_plots/pdf/mqc_quast_num_contigs_1.pdf",
                "multiqc/multiqc_plots/pdf/mqc_quast_num_contigs_1_pc.pdf",
                "multiqc/multiqc_plots/png",
                "multiqc/multiqc_plots/png/mqc_busco_plot_bacteria_odb10_1.png",
                "multiqc/multiqc_plots/png/mqc_busco_plot_bacteria_odb10_1_pc.png",
                "multiqc/multiqc_plots/png/mqc_fastp-insert-size-plot_1.png",
                "multiqc/multiqc_plots/png/mqc_fastp-seq-content-gc-plot_Read_1_After_filtering.png",
                "multiqc/multiqc_plots/png/mqc_fastp-seq-content-gc-plot_Read_1_Before_filtering.png",
                "multiqc/multiqc_plots/png/mqc_fastp-seq-content-gc-plot_Read_2_After_filtering.png",
                "multiqc/multiqc_plots/png/mqc_fastp-seq-content-gc-plot_Read_2_Before_filtering.png",
                "multiqc/multiqc_plots/png/mqc_fastp-seq-content-n-plot_Read_1_After_filtering.png",
                "multiqc/multiqc_plots/png/mqc_fastp-seq-content-n-plot_Read_1_Before_filtering.png",
                "multiqc/multiqc_plots/png/mqc_fastp-seq-content-n-plot_Read_2_After_filtering.png",
                "multiqc/multiqc_plots/png/mqc_fastp-seq-content-n-plot_Read_2_Before_filtering.png",
                "multiqc/multiqc_plots/png/mqc_fastp-seq-quality-plot_Read_1_After_filtering.png",
                "multiqc/multiqc_plots/png/mqc_fastp-seq-quality-plot_Read_1_Before_filtering.png",
                "multiqc/multiqc_plots/png/mqc_fastp-seq-quality-plot_Read_2_After_filtering.png",
                "multiqc/multiqc_plots/png/mqc_fastp-seq-quality-plot_Read_2_Before_filtering.png",
                "multiqc/multiqc_plots/png/mqc_fastp_filtered_reads_plot_1.png",
                "multiqc/multiqc_plots/png/mqc_fastp_filtered_reads_plot_1_pc.png",
                "multiqc/multiqc_plots/png/mqc_fastqc_adapter_content_plot_1.png",
                "multiqc/multiqc_plots/png/mqc_fastqc_per_base_n_content_plot-2_1.png",
                "multiqc/multiqc_plots/png/mqc_fastqc_per_base_n_content_plot_1.png",
                "multiqc/multiqc_plots/png/mqc_fastqc_per_base_sequence_quality_plot-2_1.png",
                "multiqc/multiqc_plots/png/mqc_fastqc_per_base_sequence_quality_plot_1.png",
                "multiqc/multiqc_plots/png/mqc_fastqc_per_sequence_gc_content_plot-2_Counts.png",
                "multiqc/multiqc_plots/png/mqc_fastqc_per_sequence_gc_content_plot-2_Percentages.png",
                "multiqc/multiqc_plots/png/mqc_fastqc_per_sequence_gc_content_plot_Counts.png",
                "multiqc/multiqc_plots/png/mqc_fastqc_per_sequence_gc_content_plot_Percentages.png",
                "multiqc/multiqc_plots/png/mqc_fastqc_per_sequence_quality_scores_plot-2_1.png",
                "multiqc/multiqc_plots/png/mqc_fastqc_per_sequence_quality_scores_plot_1.png",
                "multiqc/multiqc_plots/png/mqc_fastqc_sequence_counts_plot-2_1.png",
                "multiqc/multiqc_plots/png/mqc_fastqc_sequence_counts_plot-2_1_pc.png",
                "multiqc/multiqc_plots/png/mqc_fastqc_sequence_counts_plot_1.png",
                "multiqc/multiqc_plots/png/mqc_fastqc_sequence_counts_plot_1_pc.png",
                "multiqc/multiqc_plots/png/mqc_fastqc_sequence_duplication_levels_plot-2_1.png",
                "multiqc/multiqc_plots/png/mqc_fastqc_sequence_duplication_levels_plot_1.png",
                "multiqc/multiqc_plots/png/mqc_fastqc_sequence_length_distribution_plot_1.png",
                "multiqc/multiqc_plots/png/mqc_quast_num_contigs_1.png",
                "multiqc/multiqc_plots/png/mqc_quast_num_contigs_1_pc.png",
                "multiqc/multiqc_plots/svg",
                "multiqc/multiqc_plots/svg/mqc_busco_plot_bacteria_odb10_1.svg",
                "multiqc/multiqc_plots/svg/mqc_busco_plot_bacteria_odb10_1_pc.svg",
                "multiqc/multiqc_plots/svg/mqc_fastp-insert-size-plot_1.svg",
                "multiqc/multiqc_plots/svg/mqc_fastp-seq-content-gc-plot_Read_1_After_filtering.svg",
                "multiqc/multiqc_plots/svg/mqc_fastp-seq-content-gc-plot_Read_1_Before_filtering.svg",
                "multiqc/multiqc_plots/svg/mqc_fastp-seq-content-gc-plot_Read_2_After_filtering.svg",
                "multiqc/multiqc_plots/svg/mqc_fastp-seq-content-gc-plot_Read_2_Before_filtering.svg",
                "multiqc/multiqc_plots/svg/mqc_fastp-seq-content-n-plot_Read_1_After_filtering.svg",
                "multiqc/multiqc_plots/svg/mqc_fastp-seq-content-n-plot_Read_1_Before_filtering.svg",
                "multiqc/multiqc_plots/svg/mqc_fastp-seq-content-n-plot_Read_2_After_filtering.svg",
                "multiqc/multiqc_plots/svg/mqc_fastp-seq-content-n-plot_Read_2_Before_filtering.svg",
                "multiqc/multiqc_plots/svg/mqc_fastp-seq-quality-plot_Read_1_After_filtering.svg",
                "multiqc/multiqc_plots/svg/mqc_fastp-seq-quality-plot_Read_1_Before_filtering.svg",
                "multiqc/multiqc_plots/svg/mqc_fastp-seq-quality-plot_Read_2_After_filtering.svg",
                "multiqc/multiqc_plots/svg/mqc_fastp-seq-quality-plot_Read_2_Before_filtering.svg",
                "multiqc/multiqc_plots/svg/mqc_fastp_filtered_reads_plot_1.svg",
                "multiqc/multiqc_plots/svg/mqc_fastp_filtered_reads_plot_1_pc.svg",
                "multiqc/multiqc_plots/svg/mqc_fastqc_adapter_content_plot_1.svg",
                "multiqc/multiqc_plots/svg/mqc_fastqc_per_base_n_content_plot-2_1.svg",
                "multiqc/multiqc_plots/svg/mqc_fastqc_per_base_n_content_plot_1.svg",
                "multiqc/multiqc_plots/svg/mqc_fastqc_per_base_sequence_quality_plot-2_1.svg",
                "multiqc/multiqc_plots/svg/mqc_fastqc_per_base_sequence_quality_plot_1.svg",
                "multiqc/multiqc_plots/svg/mqc_fastqc_per_sequence_gc_content_plot-2_Counts.svg",
                "multiqc/multiqc_plots/svg/mqc_fastqc_per_sequence_gc_content_plot-2_Percentages.svg",
                "multiqc/multiqc_plots/svg/mqc_fastqc_per_sequence_gc_content_plot_Counts.svg",
                "multiqc/multiqc_plots/svg/mqc_fastqc_per_sequence_gc_content_plot_Percentages.svg",
                "multiqc/multiqc_plots/svg/mqc_fastqc_per_sequence_quality_scores_plot-2_1.svg",
                "multiqc/multiqc_plots/svg/mqc_fastqc_per_sequence_quality_scores_plot_1.svg",
                "multiqc/multiqc_plots/svg/mqc_fastqc_sequence_counts_plot-2_1.svg",
                "multiqc/multiqc_plots/svg/mqc_fastqc_sequence_counts_plot-2_1_pc.svg",
                "multiqc/multiqc_plots/svg/mqc_fastqc_sequence_counts_plot_1.svg",
                "multiqc/multiqc_plots/svg/mqc_fastqc_sequence_counts_plot_1_pc.svg",
                "multiqc/multiqc_plots/svg/mqc_fastqc_sequence_duplication_levels_plot-2_1.svg",
                "multiqc/multiqc_plots/svg/mqc_fastqc_sequence_duplication_levels_plot_1.svg",
                "multiqc/multiqc_plots/svg/mqc_fastqc_sequence_length_distribution_plot_1.svg",
                "multiqc/multiqc_plots/svg/mqc_quast_num_contigs_1.svg",
                "multiqc/multiqc_plots/svg/mqc_quast_num_contigs_1_pc.svg",
                "multiqc/multiqc_report.html",
                "pipeline_info",
                "pipeline_info/nf_core_bacass_software_mqc_versions.yml",
                "reads_qc",
                "reads_qc/shortreads",
                "reads_qc/shortreads/fastp",
                "reads_qc/shortreads/fastp/logs",
                "reads_qc/shortreads/fastp/logs/ERR044595.fastp.log",
                "reads_qc/shortreads/fastp/logs/ERR064912.fastp.log",
                "reads_qc/shortreads/fastp/reports",
                "reads_qc/shortreads/fastp/reports/ERR044595.fastp.html",
                "reads_qc/shortreads/fastp/reports/ERR044595.fastp.json",
                "reads_qc/shortreads/fastp/reports/ERR064912.fastp.html",
                "reads_qc/shortreads/fastp/reports/ERR064912.fastp.json",
                "reads_qc/shortreads/fastqc",
                "reads_qc/shortreads/fastqc/raw",
                "reads_qc/shortreads/fastqc/raw/ERR044595_1_fastqc.html",
                "reads_qc/shortreads/fastqc/raw/ERR044595_1_fastqc.zip",
                "reads_qc/shortreads/fastqc/raw/ERR044595_2_fastqc.html",
                "reads_qc/shortreads/fastqc/raw/ERR044595_2_fastqc.zip",
                "reads_qc/shortreads/fastqc/raw/ERR064912_1_fastqc.html",
                "reads_qc/shortreads/fastqc/raw/ERR064912_1_fastqc.zip",
                "reads_qc/shortreads/fastqc/raw/ERR064912_2_fastqc.html",
                "reads_qc/shortreads/fastqc/raw/ERR064912_2_fastqc.zip",
                "reads_qc/shortreads/fastqc/trimmed",
                "reads_qc/shortreads/fastqc/trimmed/ERR044595_1_fastqc.html",
                "reads_qc/shortreads/fastqc/trimmed/ERR044595_2_fastqc.html",
                "reads_qc/shortreads/fastqc/trimmed/ERR064912_1_fastqc.html",
                "reads_qc/shortreads/fastqc/trimmed/ERR064912_2_fastqc.html"
            ],
            [
                "ERR044595-megahit.contigs.fa.gz:md5,a9dec1b26f03f8451ab11b23059a8251",
                "ERR044595-megahit.log:md5,8f3f761a27b62a7da1acf58f8bee1b4c",
                "ERR064912-megahit.contigs.fa.gz:md5,32a720217c3c2bff5b7d6def52bf29db",
                "ERR064912-megahit.log:md5,69e9b96bfd3acb8a096a9f0f5032e02b",
                "ERR044595-megahit-bacteria_odb10-busco.batch_summary.txt:md5,ee2757826b40761f06b8ec1445a17890",
                "ERR044595-megahit-bacteria_odb10-busco.log:md5,62a337de2c00ba9daee652b0dae7dffd",
                "ERR064912-megahit-bacteria_odb10-busco.batch_summary.txt:md5,13c68cb1763755a6899007e88387e36f",
                "ERR064912-megahit-bacteria_odb10-busco.log:md5,c9b8368a291721d5e1834305a49ce797",
                "short_summary.specific.bacteria_odb10.ERR044595-megahit.contigs.fa.json:md5,ef37d9fb84151a70de9a03d5ffa389c5",
                "short_summary.specific.bacteria_odb10.ERR044595-megahit.contigs.fa.txt:md5,ff32ba5cf7cd85c2983fe7c45cadd84a",
                "short_summary.specific.bacteria_odb10.ERR064912-megahit.contigs.fa.json:md5,eaf3b7c27d75e7d4314946de86b2f0d6",
                "short_summary.specific.bacteria_odb10.ERR064912-megahit.contigs.fa.txt:md5,60309ccd58a667df13b6975fe4b908b3",
                "ERR044595-megahit.contigs_GC_content_plot.pdf:md5,7e4dd92774690d1c12a02bbffeb5e588",
                "ERR064912-megahit.contigs_GC_content_plot.pdf:md5,1c61e942f69c2b6815357a97d5c34f7a",
                "GC_content_plot.pdf:md5,86693760e9081fbad2e0a79ad496354d",
                "Nx_plot.pdf:md5,2c070b80c9898ec04aacd6414290d304",
                "cumulative_plot.pdf:md5,144f601f6043c03724d18c73a041c46c",
                "icarus.html:md5,d649d3f4338a3b34b8ae0f933f179110",
                "contig_size_viewer.html:md5,9c3e4b2636e210534c3d8849c0caa532",
                "quast.log:md5,2ab2a54b5944e47f1f4f9539a31e3ddc",
                "report.html:md5,43198977ed4a907551a41fe0dbab6198",
                "report.pdf:md5,b13a44f0046bfd73bcb48a129d3bd13b",
                "report.tex:md5,e8a6ba191a5790f794de961c51d14982",
                "report.tsv:md5,efd3d0cdb3d4a079d507d5ca6dee8b2f",
                "report.txt:md5,5af0c62e2896f0d35689a165d60a93db",
                "transposed_report.tex:md5,44c707cf82dbbee90ba30cc58bb52a67",
                "transposed_report.tsv:md5,a861c14fa21494b0833f9c0e7f17c572",
                "transposed_report.txt:md5,9cd89eb9323125e27d2c0c81482d8d57",
                "mqc_busco_plot_bacteria_odb10_1.yaml:md5,005e6a5903a2319ed2436a7d1a4c5230",
                "mqc_fastp-insert-size-plot_1.yaml:md5,ae5c1aba2a5c093bac867c08f3538de1",
                "mqc_fastp-seq-content-gc-plot_Read_1_After_filtering.yaml:md5,cd86aa098d14b4ad56d2d31599ab0d8e",
                "mqc_fastp-seq-content-gc-plot_Read_1_Before_filtering.yaml:md5,397256e935c62fe43ff1fbdc6c99a3d9",
                "mqc_fastp-seq-content-gc-plot_Read_2_After_filtering.yaml:md5,6dedcc7e38b446b26951578ba690b638",
                "mqc_fastp-seq-content-gc-plot_Read_2_Before_filtering.yaml:md5,23c70c1a95fc624ca603fb28b0f75a4f",
                "mqc_fastp-seq-content-n-plot_Read_1_After_filtering.yaml:md5,925790379999942043a353f3190e7477",
                "mqc_fastp-seq-content-n-plot_Read_1_Before_filtering.yaml:md5,01571bdfddf3ec5766c6c9f8022f3fa3",
                "mqc_fastp-seq-content-n-plot_Read_2_After_filtering.yaml:md5,ec8b933c76e94e83c0b9b67b412aef84",
                "mqc_fastp-seq-content-n-plot_Read_2_Before_filtering.yaml:md5,1d38f6e67fe0bc1f828902f3fd8c9125",
                "mqc_fastp-seq-quality-plot_Read_1_After_filtering.yaml:md5,d1cea3adf0b30d010984d54d2e6c7c90",
                "mqc_fastp-seq-quality-plot_Read_1_Before_filtering.yaml:md5,7f49b187a76f05d6e9cd29d65dec94aa",
                "mqc_fastp-seq-quality-plot_Read_2_After_filtering.yaml:md5,5971e86199b34f9af4c36d53c48f6af0",
                "mqc_fastp-seq-quality-plot_Read_2_Before_filtering.yaml:md5,d06187e7aaf132da0c10debef76590d9",
                "mqc_fastp_filtered_reads_plot_1.yaml:md5,84a8fe42de245870a6cca5d611ec163e",
                "mqc_fastqc_adapter_content_plot_1.yaml:md5,31c8df6ffe8db39875d10b8ddd4d9c81",
                "mqc_fastqc_per_base_n_content_plot-2_1.yaml:md5,b60cc74c58e67d68d3905dfb83ad1712",
                "mqc_fastqc_per_base_n_content_plot_1.yaml:md5,6bca7a78df02a120de35219e49d382f3",
                "mqc_fastqc_per_base_sequence_quality_plot-2_1.yaml:md5,fce8a54128202c921660fd3f03d78714",
                "mqc_fastqc_per_base_sequence_quality_plot_1.yaml:md5,93039aed0e956101dc0ac08a4f82de25",
                "mqc_fastqc_per_sequence_gc_content_plot-2_Counts.yaml:md5,aaf5a8d91017f56063f921beffa67dc7",
                "mqc_fastqc_per_sequence_gc_content_plot-2_Percentages.yaml:md5,b2085135aad001243b7cd7289b76b8ab",
                "mqc_fastqc_per_sequence_gc_content_plot_Counts.yaml:md5,1e52b806ab5fc0553a5d5d7a61922e32",
                "mqc_fastqc_per_sequence_gc_content_plot_Percentages.yaml:md5,c4c08d3134279276162daa8cec498bef",
                "mqc_fastqc_per_sequence_quality_scores_plot-2_1.yaml:md5,f1910e945e0f44a16dd40b834ca24e4e",
                "mqc_fastqc_per_sequence_quality_scores_plot_1.yaml:md5,c604d7aaa11845e232586d29be3772a4",
                "mqc_fastqc_sequence_counts_plot-2_1.yaml:md5,4586a1fd61ff3e80f764542825007a38",
                "mqc_fastqc_sequence_counts_plot_1.yaml:md5,b4cbe3a0cd4b309fb03d944617bd9816",
                "mqc_fastqc_sequence_duplication_levels_plot-2_1.yaml:md5,79c3839e434542012bf0b53a74853c81",
                "mqc_fastqc_sequence_duplication_levels_plot_1.yaml:md5,0d7cae663635dc332ea80514ffc7d3d2",
                "mqc_fastqc_sequence_length_distribution_plot_1.yaml:md5,d16e95add43c6734c4f07dcfddd80ea4",
                "multiqc_busco.yaml:md5,16fdb1c149b9ba9173d44c417fa9fabe",
                "multiqc_citations.yaml:md5,e46f6ed003947fe967edd4674a82d4c6",
                "multiqc_fastp.yaml:md5,ef4f026525505fddac570e8065546b33",
                "multiqc_fastqc.yaml:md5,4c4e1b713139eef4b82e3aa9e6dbaca2",
                "multiqc_fastqc_1.yaml:md5,c49034e44bd4443a60839d4b2c17aa2b",
                "ERR044595.fastp.log:md5,05ee86fe50dcc3c2759fc7c971d341ef",
                "ERR064912.fastp.log:md5,c4172833abe0b04cd4643354afd7afc5",
                "ERR044595.fastp.html:md5,48a79d7df620e3a26adbd64787ed7e7a",
                "ERR044595.fastp.json:md5,3ec0f7d22fa8768b25f831ef2724995b",
                "ERR064912.fastp.html:md5,5533b87663260280945903dd872389f1",
                "ERR064912.fastp.json:md5,7bca416c54de357e3032d7a0469a0b94",
                "ERR044595_1_fastqc.html:md5,4a26c82c1b96a47b6939a2601b40bdd3",
                "ERR044595_1_fastqc.zip:md5,46daeb9d06aefc5dcb182bf166d4c938",
                "ERR044595_2_fastqc.html:md5,daa424db6fb0bd1ebab843bbc8c221ae",
                "ERR044595_2_fastqc.zip:md5,044c3d3e2dac072a5c7b750aeecb9a44",
                "ERR064912_1_fastqc.html:md5,e3fe216bf9fb0cb01ffb39430bc5f1b1",
                "ERR064912_1_fastqc.zip:md5,26193883bf7a7e0606c7ac0f0dfbbb52",
                "ERR064912_2_fastqc.html:md5,312f94f0a44a579f001bb68cdc6ad451",
                "ERR064912_2_fastqc.zip:md5,757deac697f1b173ac2a10ac453a0e70",
                "ERR044595_1_fastqc.html:md5,4d60bf4e3b77d0ae9d7dc987622c1a7a",
                "ERR044595_2_fastqc.html:md5,55a2648410b27089fa04f398fe545b44",
                "ERR064912_1_fastqc.html:md5,4d5a530a654e516ee8c3ef7b575720cf",
                "ERR064912_2_fastqc.html:md5,20aab97e99b4831eb743f8162bb26d78"
            ]
        ],
        "timestamp": "2026-07-27T12:46:49.602677428",
        "meta": {
            "nf-test": "0.9.5",
            "nextflow": "26.04.6"
        }
    }
}