{
    "-profile test_short_megahit": {
        "content": [
            13,
            {
                "BUSCO_BUSCO": {
                    "busco": "5.8.3"
                },
                "CAT_FASTQ_SHORT": {
                    "cat": 9.5
                },
                "FASTP": {
                    "fastp": "1.0.1"
                },
                "FASTQC_RAW": {
                    "fastqc": "0.12.1"
                },
                "FASTQC_TRIM": {
                    "fastqc": "0.12.1"
                },
                "MEGAHIT": {
                    "megahit": "1.2.9"
                },
                "QUAST": {
                    "quast": "5.3.0"
                },
                "Workflow": {
                    "nf-core/bacass": "v2.6.0dev"
                }
            },
            [
                "FastQC",
                "FastQC/raw",
                "FastQC/raw/ERR044595_1_fastqc.html",
                "FastQC/raw/ERR044595_1_fastqc.zip",
                "FastQC/raw/ERR044595_2_fastqc.html",
                "FastQC/raw/ERR044595_2_fastqc.zip",
                "FastQC/raw/ERR064912_1_fastqc.html",
                "FastQC/raw/ERR064912_1_fastqc.zip",
                "FastQC/raw/ERR064912_2_fastqc.html",
                "FastQC/raw/ERR064912_2_fastqc.zip",
                "FastQC/trim",
                "FastQC/trim/ERR044595_1_fastqc.html",
                "FastQC/trim/ERR044595_2_fastqc.html",
                "FastQC/trim/ERR064912_1_fastqc.html",
                "FastQC/trim/ERR064912_2_fastqc.html",
                "Megahit",
                "Megahit/ERR044595-megahit.contigs.fa.gz",
                "Megahit/ERR044595-megahit.log",
                "Megahit/ERR064912-megahit.contigs.fa.gz",
                "Megahit/ERR064912-megahit.log",
                "QUAST",
                "QUAST/report",
                "QUAST/report/basic_stats",
                "QUAST/report/basic_stats/ERR044595-megahit.contigs_GC_content_plot.pdf",
                "QUAST/report/basic_stats/ERR064912-megahit.contigs_GC_content_plot.pdf",
                "QUAST/report/basic_stats/GC_content_plot.pdf",
                "QUAST/report/basic_stats/Nx_plot.pdf",
                "QUAST/report/basic_stats/cumulative_plot.pdf",
                "QUAST/report/icarus.html",
                "QUAST/report/icarus_viewers",
                "QUAST/report/icarus_viewers/contig_size_viewer.html",
                "QUAST/report/quast.log",
                "QUAST/report/report.html",
                "QUAST/report/report.pdf",
                "QUAST/report/report.tex",
                "QUAST/report/report.tsv",
                "QUAST/report/report.txt",
                "QUAST/report/transposed_report.tex",
                "QUAST/report/transposed_report.tsv",
                "QUAST/report/transposed_report.txt",
                "busco",
                "busco/ERR044595-megahit-bacteria_odb10-busco",
                "busco/ERR044595-megahit-bacteria_odb10-busco.batch_summary.txt",
                "busco/ERR044595-megahit-bacteria_odb10-busco.log",
                "busco/ERR044595-megahit-bacteria_odb10-busco/ERR044595-megahit.contigs.fa",
                "busco/ERR044595-megahit-bacteria_odb10-busco/ERR044595-megahit.contigs.fa/logs",
                "busco/ERR044595-megahit-bacteria_odb10-busco/ERR044595-megahit.contigs.fa/logs/bbtools_err.log",
                "busco/ERR044595-megahit-bacteria_odb10-busco/ERR044595-megahit.contigs.fa/logs/bbtools_out.log",
                "busco/ERR044595-megahit-bacteria_odb10-busco/ERR044595-megahit.contigs.fa/logs/hmmsearch_err.log",
                "busco/ERR044595-megahit-bacteria_odb10-busco/ERR044595-megahit.contigs.fa/logs/hmmsearch_out.log",
                "busco/ERR044595-megahit-bacteria_odb10-busco/ERR044595-megahit.contigs.fa/logs/prodigal_err.log",
                "busco/ERR044595-megahit-bacteria_odb10-busco/ERR044595-megahit.contigs.fa/logs/prodigal_out.log",
                "busco/ERR044595-megahit-bacteria_odb10-busco/ERR044595-megahit.contigs.fa/prodigal_output",
                "busco/ERR044595-megahit-bacteria_odb10-busco/ERR044595-megahit.contigs.fa/prodigal_output/.checkpoint",
                "busco/ERR044595-megahit-bacteria_odb10-busco/ERR044595-megahit.contigs.fa/prodigal_output/predicted_genes",
                "busco/ERR044595-megahit-bacteria_odb10-busco/ERR044595-megahit.contigs.fa/prodigal_output/predicted_genes/predicted.faa",
                "busco/ERR044595-megahit-bacteria_odb10-busco/ERR044595-megahit.contigs.fa/prodigal_output/predicted_genes/predicted.fna",
                "busco/ERR044595-megahit-bacteria_odb10-busco/ERR044595-megahit.contigs.fa/prodigal_output/predicted_genes/tmp",
                "busco/ERR044595-megahit-bacteria_odb10-busco/ERR044595-megahit.contigs.fa/prodigal_output/predicted_genes/tmp/prodigal_mode_single_code_11.faa",
                "busco/ERR044595-megahit-bacteria_odb10-busco/ERR044595-megahit.contigs.fa/prodigal_output/predicted_genes/tmp/prodigal_mode_single_code_11.fna",
                "busco/ERR044595-megahit-bacteria_odb10-busco/ERR044595-megahit.contigs.fa/prodigal_output/predicted_genes/tmp/prodigal_mode_single_code_11_err.log",
                "busco/ERR044595-megahit-bacteria_odb10-busco/ERR044595-megahit.contigs.fa/prodigal_output/predicted_genes/tmp/prodigal_mode_single_code_11_out.log",
                "busco/ERR044595-megahit-bacteria_odb10-busco/ERR044595-megahit.contigs.fa/run_bacteria_odb10",
                "busco/ERR044595-megahit-bacteria_odb10-busco/ERR044595-megahit.contigs.fa/run_bacteria_odb10/.bbtools_output",
                "busco/ERR044595-megahit-bacteria_odb10-busco/ERR044595-megahit.contigs.fa/run_bacteria_odb10/.bbtools_output/.checkpoint",
                "busco/ERR044595-megahit-bacteria_odb10-busco/ERR044595-megahit.contigs.fa/run_bacteria_odb10/busco_sequences",
                "busco/ERR044595-megahit-bacteria_odb10-busco/ERR044595-megahit.contigs.fa/run_bacteria_odb10/full_table.tsv",
                "busco/ERR044595-megahit-bacteria_odb10-busco/ERR044595-megahit.contigs.fa/run_bacteria_odb10/hmmer_output",
                "busco/ERR044595-megahit-bacteria_odb10-busco/ERR044595-megahit.contigs.fa/run_bacteria_odb10/missing_busco_list.tsv",
                "busco/ERR044595-megahit-bacteria_odb10-busco/ERR044595-megahit.contigs.fa/run_bacteria_odb10/short_summary.json",
                "busco/ERR044595-megahit-bacteria_odb10-busco/ERR044595-megahit.contigs.fa/run_bacteria_odb10/short_summary.txt",
                "busco/ERR044595-megahit-bacteria_odb10-busco/logs",
                "busco/ERR064912-megahit-bacteria_odb10-busco",
                "busco/ERR064912-megahit-bacteria_odb10-busco.batch_summary.txt",
                "busco/ERR064912-megahit-bacteria_odb10-busco.log",
                "busco/ERR064912-megahit-bacteria_odb10-busco/ERR064912-megahit.contigs.fa",
                "busco/ERR064912-megahit-bacteria_odb10-busco/ERR064912-megahit.contigs.fa/logs",
                "busco/ERR064912-megahit-bacteria_odb10-busco/ERR064912-megahit.contigs.fa/logs/bbtools_err.log",
                "busco/ERR064912-megahit-bacteria_odb10-busco/ERR064912-megahit.contigs.fa/logs/bbtools_out.log",
                "busco/ERR064912-megahit-bacteria_odb10-busco/ERR064912-megahit.contigs.fa/logs/hmmsearch_err.log",
                "busco/ERR064912-megahit-bacteria_odb10-busco/ERR064912-megahit.contigs.fa/logs/hmmsearch_out.log",
                "busco/ERR064912-megahit-bacteria_odb10-busco/ERR064912-megahit.contigs.fa/logs/prodigal_err.log",
                "busco/ERR064912-megahit-bacteria_odb10-busco/ERR064912-megahit.contigs.fa/logs/prodigal_out.log",
                "busco/ERR064912-megahit-bacteria_odb10-busco/ERR064912-megahit.contigs.fa/prodigal_output",
                "busco/ERR064912-megahit-bacteria_odb10-busco/ERR064912-megahit.contigs.fa/prodigal_output/.checkpoint",
                "busco/ERR064912-megahit-bacteria_odb10-busco/ERR064912-megahit.contigs.fa/prodigal_output/predicted_genes",
                "busco/ERR064912-megahit-bacteria_odb10-busco/ERR064912-megahit.contigs.fa/prodigal_output/predicted_genes/predicted.faa",
                "busco/ERR064912-megahit-bacteria_odb10-busco/ERR064912-megahit.contigs.fa/prodigal_output/predicted_genes/predicted.fna",
                "busco/ERR064912-megahit-bacteria_odb10-busco/ERR064912-megahit.contigs.fa/prodigal_output/predicted_genes/tmp",
                "busco/ERR064912-megahit-bacteria_odb10-busco/ERR064912-megahit.contigs.fa/prodigal_output/predicted_genes/tmp/prodigal_mode_single_code_11.faa",
                "busco/ERR064912-megahit-bacteria_odb10-busco/ERR064912-megahit.contigs.fa/prodigal_output/predicted_genes/tmp/prodigal_mode_single_code_11.fna",
                "busco/ERR064912-megahit-bacteria_odb10-busco/ERR064912-megahit.contigs.fa/prodigal_output/predicted_genes/tmp/prodigal_mode_single_code_11_err.log",
                "busco/ERR064912-megahit-bacteria_odb10-busco/ERR064912-megahit.contigs.fa/prodigal_output/predicted_genes/tmp/prodigal_mode_single_code_11_out.log",
                "busco/ERR064912-megahit-bacteria_odb10-busco/ERR064912-megahit.contigs.fa/run_bacteria_odb10",
                "busco/ERR064912-megahit-bacteria_odb10-busco/ERR064912-megahit.contigs.fa/run_bacteria_odb10/.bbtools_output",
                "busco/ERR064912-megahit-bacteria_odb10-busco/ERR064912-megahit.contigs.fa/run_bacteria_odb10/.bbtools_output/.checkpoint",
                "busco/ERR064912-megahit-bacteria_odb10-busco/ERR064912-megahit.contigs.fa/run_bacteria_odb10/busco_sequences",
                "busco/ERR064912-megahit-bacteria_odb10-busco/ERR064912-megahit.contigs.fa/run_bacteria_odb10/full_table.tsv",
                "busco/ERR064912-megahit-bacteria_odb10-busco/ERR064912-megahit.contigs.fa/run_bacteria_odb10/hmmer_output",
                "busco/ERR064912-megahit-bacteria_odb10-busco/ERR064912-megahit.contigs.fa/run_bacteria_odb10/missing_busco_list.tsv",
                "busco/ERR064912-megahit-bacteria_odb10-busco/ERR064912-megahit.contigs.fa/run_bacteria_odb10/short_summary.json",
                "busco/ERR064912-megahit-bacteria_odb10-busco/ERR064912-megahit.contigs.fa/run_bacteria_odb10/short_summary.txt",
                "busco/ERR064912-megahit-bacteria_odb10-busco/logs",
                "busco/busco_downloads",
                "busco/short_summary.specific.bacteria_odb10.ERR044595-megahit.contigs.fa.json",
                "busco/short_summary.specific.bacteria_odb10.ERR044595-megahit.contigs.fa.txt",
                "busco/short_summary.specific.bacteria_odb10.ERR064912-megahit.contigs.fa.json",
                "busco/short_summary.specific.bacteria_odb10.ERR064912-megahit.contigs.fa.txt",
                "multiqc",
                "multiqc/multiqc_data",
                "multiqc/multiqc_data/mqc_busco_plot_bacteria_odb10_1.yaml",
                "multiqc/multiqc_data/mqc_fastp-insert-size-plot_1.yaml",
                "multiqc/multiqc_data/mqc_fastp-seq-content-gc-plot_Read_1_After_filtering.yaml",
                "multiqc/multiqc_data/mqc_fastp-seq-content-gc-plot_Read_1_Before_filtering.yaml",
                "multiqc/multiqc_data/mqc_fastp-seq-content-gc-plot_Read_2_After_filtering.yaml",
                "multiqc/multiqc_data/mqc_fastp-seq-content-gc-plot_Read_2_Before_filtering.yaml",
                "multiqc/multiqc_data/mqc_fastp-seq-content-n-plot_Read_1_After_filtering.yaml",
                "multiqc/multiqc_data/mqc_fastp-seq-content-n-plot_Read_1_Before_filtering.yaml",
                "multiqc/multiqc_data/mqc_fastp-seq-content-n-plot_Read_2_After_filtering.yaml",
                "multiqc/multiqc_data/mqc_fastp-seq-content-n-plot_Read_2_Before_filtering.yaml",
                "multiqc/multiqc_data/mqc_fastp-seq-quality-plot_Read_1_After_filtering.yaml",
                "multiqc/multiqc_data/mqc_fastp-seq-quality-plot_Read_1_Before_filtering.yaml",
                "multiqc/multiqc_data/mqc_fastp-seq-quality-plot_Read_2_After_filtering.yaml",
                "multiqc/multiqc_data/mqc_fastp-seq-quality-plot_Read_2_Before_filtering.yaml",
                "multiqc/multiqc_data/mqc_fastp_filtered_reads_plot_1.yaml",
                "multiqc/multiqc_data/mqc_fastqc_adapter_content_plot_1.yaml",
                "multiqc/multiqc_data/mqc_fastqc_per_base_n_content_plot-2_1.yaml",
                "multiqc/multiqc_data/mqc_fastqc_per_base_n_content_plot_1.yaml",
                "multiqc/multiqc_data/mqc_fastqc_per_base_sequence_quality_plot-2_1.yaml",
                "multiqc/multiqc_data/mqc_fastqc_per_base_sequence_quality_plot_1.yaml",
                "multiqc/multiqc_data/mqc_fastqc_per_sequence_gc_content_plot-2_Counts.yaml",
                "multiqc/multiqc_data/mqc_fastqc_per_sequence_gc_content_plot-2_Percentages.yaml",
                "multiqc/multiqc_data/mqc_fastqc_per_sequence_gc_content_plot_Counts.yaml",
                "multiqc/multiqc_data/mqc_fastqc_per_sequence_gc_content_plot_Percentages.yaml",
                "multiqc/multiqc_data/mqc_fastqc_per_sequence_quality_scores_plot-2_1.yaml",
                "multiqc/multiqc_data/mqc_fastqc_per_sequence_quality_scores_plot_1.yaml",
                "multiqc/multiqc_data/mqc_fastqc_sequence_counts_plot-2_1.yaml",
                "multiqc/multiqc_data/mqc_fastqc_sequence_counts_plot_1.yaml",
                "multiqc/multiqc_data/mqc_fastqc_sequence_duplication_levels_plot-2_1.yaml",
                "multiqc/multiqc_data/mqc_fastqc_sequence_duplication_levels_plot_1.yaml",
                "multiqc/multiqc_data/mqc_fastqc_sequence_length_distribution_plot_1.yaml",
                "multiqc/multiqc_data/mqc_quast_num_contigs_1.yaml",
                "multiqc/multiqc_data/multiqc.log",
                "multiqc/multiqc_data/multiqc_busco.yaml",
                "multiqc/multiqc_data/multiqc_citations.yaml",
                "multiqc/multiqc_data/multiqc_data.json",
                "multiqc/multiqc_data/multiqc_fastp.yaml",
                "multiqc/multiqc_data/multiqc_fastqc.yaml",
                "multiqc/multiqc_data/multiqc_fastqc_1.yaml",
                "multiqc/multiqc_data/multiqc_general_stats.yaml",
                "multiqc/multiqc_data/multiqc_quast.yaml",
                "multiqc/multiqc_data/multiqc_software_versions.yaml",
                "multiqc/multiqc_data/multiqc_sources.yaml",
                "multiqc/multiqc_plots",
                "multiqc/multiqc_plots/pdf",
                "multiqc/multiqc_plots/pdf/mqc_busco_plot_bacteria_odb10_1.pdf",
                "multiqc/multiqc_plots/pdf/mqc_busco_plot_bacteria_odb10_1_pc.pdf",
                "multiqc/multiqc_plots/pdf/mqc_fastp-insert-size-plot_1.pdf",
                "multiqc/multiqc_plots/pdf/mqc_fastp-seq-content-gc-plot_Read_1_After_filtering.pdf",
                "multiqc/multiqc_plots/pdf/mqc_fastp-seq-content-gc-plot_Read_1_Before_filtering.pdf",
                "multiqc/multiqc_plots/pdf/mqc_fastp-seq-content-gc-plot_Read_2_After_filtering.pdf",
                "multiqc/multiqc_plots/pdf/mqc_fastp-seq-content-gc-plot_Read_2_Before_filtering.pdf",
                "multiqc/multiqc_plots/pdf/mqc_fastp-seq-content-n-plot_Read_1_After_filtering.pdf",
                "multiqc/multiqc_plots/pdf/mqc_fastp-seq-content-n-plot_Read_1_Before_filtering.pdf",
                "multiqc/multiqc_plots/pdf/mqc_fastp-seq-content-n-plot_Read_2_After_filtering.pdf",
                "multiqc/multiqc_plots/pdf/mqc_fastp-seq-content-n-plot_Read_2_Before_filtering.pdf",
                "multiqc/multiqc_plots/pdf/mqc_fastp-seq-quality-plot_Read_1_After_filtering.pdf",
                "multiqc/multiqc_plots/pdf/mqc_fastp-seq-quality-plot_Read_1_Before_filtering.pdf",
                "multiqc/multiqc_plots/pdf/mqc_fastp-seq-quality-plot_Read_2_After_filtering.pdf",
                "multiqc/multiqc_plots/pdf/mqc_fastp-seq-quality-plot_Read_2_Before_filtering.pdf",
                "multiqc/multiqc_plots/pdf/mqc_fastp_filtered_reads_plot_1.pdf",
                "multiqc/multiqc_plots/pdf/mqc_fastp_filtered_reads_plot_1_pc.pdf",
                "multiqc/multiqc_plots/pdf/mqc_fastqc_adapter_content_plot_1.pdf",
                "multiqc/multiqc_plots/pdf/mqc_fastqc_per_base_n_content_plot-2_1.pdf",
                "multiqc/multiqc_plots/pdf/mqc_fastqc_per_base_n_content_plot_1.pdf",
                "multiqc/multiqc_plots/pdf/mqc_fastqc_per_base_sequence_quality_plot-2_1.pdf",
                "multiqc/multiqc_plots/pdf/mqc_fastqc_per_base_sequence_quality_plot_1.pdf",
                "multiqc/multiqc_plots/pdf/mqc_fastqc_per_sequence_gc_content_plot-2_Counts.pdf",
                "multiqc/multiqc_plots/pdf/mqc_fastqc_per_sequence_gc_content_plot-2_Percentages.pdf",
                "multiqc/multiqc_plots/pdf/mqc_fastqc_per_sequence_gc_content_plot_Counts.pdf",
                "multiqc/multiqc_plots/pdf/mqc_fastqc_per_sequence_gc_content_plot_Percentages.pdf",
                "multiqc/multiqc_plots/pdf/mqc_fastqc_per_sequence_quality_scores_plot-2_1.pdf",
                "multiqc/multiqc_plots/pdf/mqc_fastqc_per_sequence_quality_scores_plot_1.pdf",
                "multiqc/multiqc_plots/pdf/mqc_fastqc_sequence_counts_plot-2_1.pdf",
                "multiqc/multiqc_plots/pdf/mqc_fastqc_sequence_counts_plot-2_1_pc.pdf",
                "multiqc/multiqc_plots/pdf/mqc_fastqc_sequence_counts_plot_1.pdf",
                "multiqc/multiqc_plots/pdf/mqc_fastqc_sequence_counts_plot_1_pc.pdf",
                "multiqc/multiqc_plots/pdf/mqc_fastqc_sequence_duplication_levels_plot-2_1.pdf",
                "multiqc/multiqc_plots/pdf/mqc_fastqc_sequence_duplication_levels_plot_1.pdf",
                "multiqc/multiqc_plots/pdf/mqc_fastqc_sequence_length_distribution_plot_1.pdf",
                "multiqc/multiqc_plots/pdf/mqc_quast_num_contigs_1.pdf",
                "multiqc/multiqc_plots/pdf/mqc_quast_num_contigs_1_pc.pdf",
                "multiqc/multiqc_plots/png",
                "multiqc/multiqc_plots/png/mqc_busco_plot_bacteria_odb10_1.png",
                "multiqc/multiqc_plots/png/mqc_busco_plot_bacteria_odb10_1_pc.png",
                "multiqc/multiqc_plots/png/mqc_fastp-insert-size-plot_1.png",
                "multiqc/multiqc_plots/png/mqc_fastp-seq-content-gc-plot_Read_1_After_filtering.png",
                "multiqc/multiqc_plots/png/mqc_fastp-seq-content-gc-plot_Read_1_Before_filtering.png",
                "multiqc/multiqc_plots/png/mqc_fastp-seq-content-gc-plot_Read_2_After_filtering.png",
                "multiqc/multiqc_plots/png/mqc_fastp-seq-content-gc-plot_Read_2_Before_filtering.png",
                "multiqc/multiqc_plots/png/mqc_fastp-seq-content-n-plot_Read_1_After_filtering.png",
                "multiqc/multiqc_plots/png/mqc_fastp-seq-content-n-plot_Read_1_Before_filtering.png",
                "multiqc/multiqc_plots/png/mqc_fastp-seq-content-n-plot_Read_2_After_filtering.png",
                "multiqc/multiqc_plots/png/mqc_fastp-seq-content-n-plot_Read_2_Before_filtering.png",
                "multiqc/multiqc_plots/png/mqc_fastp-seq-quality-plot_Read_1_After_filtering.png",
                "multiqc/multiqc_plots/png/mqc_fastp-seq-quality-plot_Read_1_Before_filtering.png",
                "multiqc/multiqc_plots/png/mqc_fastp-seq-quality-plot_Read_2_After_filtering.png",
                "multiqc/multiqc_plots/png/mqc_fastp-seq-quality-plot_Read_2_Before_filtering.png",
                "multiqc/multiqc_plots/png/mqc_fastp_filtered_reads_plot_1.png",
                "multiqc/multiqc_plots/png/mqc_fastp_filtered_reads_plot_1_pc.png",
                "multiqc/multiqc_plots/png/mqc_fastqc_adapter_content_plot_1.png",
                "multiqc/multiqc_plots/png/mqc_fastqc_per_base_n_content_plot-2_1.png",
                "multiqc/multiqc_plots/png/mqc_fastqc_per_base_n_content_plot_1.png",
                "multiqc/multiqc_plots/png/mqc_fastqc_per_base_sequence_quality_plot-2_1.png",
                "multiqc/multiqc_plots/png/mqc_fastqc_per_base_sequence_quality_plot_1.png",
                "multiqc/multiqc_plots/png/mqc_fastqc_per_sequence_gc_content_plot-2_Counts.png",
                "multiqc/multiqc_plots/png/mqc_fastqc_per_sequence_gc_content_plot-2_Percentages.png",
                "multiqc/multiqc_plots/png/mqc_fastqc_per_sequence_gc_content_plot_Counts.png",
                "multiqc/multiqc_plots/png/mqc_fastqc_per_sequence_gc_content_plot_Percentages.png",
                "multiqc/multiqc_plots/png/mqc_fastqc_per_sequence_quality_scores_plot-2_1.png",
                "multiqc/multiqc_plots/png/mqc_fastqc_per_sequence_quality_scores_plot_1.png",
                "multiqc/multiqc_plots/png/mqc_fastqc_sequence_counts_plot-2_1.png",
                "multiqc/multiqc_plots/png/mqc_fastqc_sequence_counts_plot-2_1_pc.png",
                "multiqc/multiqc_plots/png/mqc_fastqc_sequence_counts_plot_1.png",
                "multiqc/multiqc_plots/png/mqc_fastqc_sequence_counts_plot_1_pc.png",
                "multiqc/multiqc_plots/png/mqc_fastqc_sequence_duplication_levels_plot-2_1.png",
                "multiqc/multiqc_plots/png/mqc_fastqc_sequence_duplication_levels_plot_1.png",
                "multiqc/multiqc_plots/png/mqc_fastqc_sequence_length_distribution_plot_1.png",
                "multiqc/multiqc_plots/png/mqc_quast_num_contigs_1.png",
                "multiqc/multiqc_plots/png/mqc_quast_num_contigs_1_pc.png",
                "multiqc/multiqc_plots/svg",
                "multiqc/multiqc_plots/svg/mqc_busco_plot_bacteria_odb10_1.svg",
                "multiqc/multiqc_plots/svg/mqc_busco_plot_bacteria_odb10_1_pc.svg",
                "multiqc/multiqc_plots/svg/mqc_fastp-insert-size-plot_1.svg",
                "multiqc/multiqc_plots/svg/mqc_fastp-seq-content-gc-plot_Read_1_After_filtering.svg",
                "multiqc/multiqc_plots/svg/mqc_fastp-seq-content-gc-plot_Read_1_Before_filtering.svg",
                "multiqc/multiqc_plots/svg/mqc_fastp-seq-content-gc-plot_Read_2_After_filtering.svg",
                "multiqc/multiqc_plots/svg/mqc_fastp-seq-content-gc-plot_Read_2_Before_filtering.svg",
                "multiqc/multiqc_plots/svg/mqc_fastp-seq-content-n-plot_Read_1_After_filtering.svg",
                "multiqc/multiqc_plots/svg/mqc_fastp-seq-content-n-plot_Read_1_Before_filtering.svg",
                "multiqc/multiqc_plots/svg/mqc_fastp-seq-content-n-plot_Read_2_After_filtering.svg",
                "multiqc/multiqc_plots/svg/mqc_fastp-seq-content-n-plot_Read_2_Before_filtering.svg",
                "multiqc/multiqc_plots/svg/mqc_fastp-seq-quality-plot_Read_1_After_filtering.svg",
                "multiqc/multiqc_plots/svg/mqc_fastp-seq-quality-plot_Read_1_Before_filtering.svg",
                "multiqc/multiqc_plots/svg/mqc_fastp-seq-quality-plot_Read_2_After_filtering.svg",
                "multiqc/multiqc_plots/svg/mqc_fastp-seq-quality-plot_Read_2_Before_filtering.svg",
                "multiqc/multiqc_plots/svg/mqc_fastp_filtered_reads_plot_1.svg",
                "multiqc/multiqc_plots/svg/mqc_fastp_filtered_reads_plot_1_pc.svg",
                "multiqc/multiqc_plots/svg/mqc_fastqc_adapter_content_plot_1.svg",
                "multiqc/multiqc_plots/svg/mqc_fastqc_per_base_n_content_plot-2_1.svg",
                "multiqc/multiqc_plots/svg/mqc_fastqc_per_base_n_content_plot_1.svg",
                "multiqc/multiqc_plots/svg/mqc_fastqc_per_base_sequence_quality_plot-2_1.svg",
                "multiqc/multiqc_plots/svg/mqc_fastqc_per_base_sequence_quality_plot_1.svg",
                "multiqc/multiqc_plots/svg/mqc_fastqc_per_sequence_gc_content_plot-2_Counts.svg",
                "multiqc/multiqc_plots/svg/mqc_fastqc_per_sequence_gc_content_plot-2_Percentages.svg",
                "multiqc/multiqc_plots/svg/mqc_fastqc_per_sequence_gc_content_plot_Counts.svg",
                "multiqc/multiqc_plots/svg/mqc_fastqc_per_sequence_gc_content_plot_Percentages.svg",
                "multiqc/multiqc_plots/svg/mqc_fastqc_per_sequence_quality_scores_plot-2_1.svg",
                "multiqc/multiqc_plots/svg/mqc_fastqc_per_sequence_quality_scores_plot_1.svg",
                "multiqc/multiqc_plots/svg/mqc_fastqc_sequence_counts_plot-2_1.svg",
                "multiqc/multiqc_plots/svg/mqc_fastqc_sequence_counts_plot-2_1_pc.svg",
                "multiqc/multiqc_plots/svg/mqc_fastqc_sequence_counts_plot_1.svg",
                "multiqc/multiqc_plots/svg/mqc_fastqc_sequence_counts_plot_1_pc.svg",
                "multiqc/multiqc_plots/svg/mqc_fastqc_sequence_duplication_levels_plot-2_1.svg",
                "multiqc/multiqc_plots/svg/mqc_fastqc_sequence_duplication_levels_plot_1.svg",
                "multiqc/multiqc_plots/svg/mqc_fastqc_sequence_length_distribution_plot_1.svg",
                "multiqc/multiqc_plots/svg/mqc_quast_num_contigs_1.svg",
                "multiqc/multiqc_plots/svg/mqc_quast_num_contigs_1_pc.svg",
                "multiqc/multiqc_report.html",
                "pipeline_info",
                "pipeline_info/nf_core_bacass_software_mqc_versions.yml",
                "trimming",
                "trimming/shortreads",
                "trimming/shortreads/json_html",
                "trimming/shortreads/json_html/ERR044595.fastp.html",
                "trimming/shortreads/json_html/ERR044595.fastp.json",
                "trimming/shortreads/json_html/ERR064912.fastp.html",
                "trimming/shortreads/json_html/ERR064912.fastp.json",
                "trimming/shortreads/log",
                "trimming/shortreads/log/ERR044595.fastp.log",
                "trimming/shortreads/log/ERR064912.fastp.log"
            ],
            [
                "ERR044595-megahit.contigs.fa.gz:md5,e339ab857ca7c90c2a89b932114e1659",
                "ERR044595-megahit.log:md5,259a6726e9ffce81af4fe26d7289065e",
                "ERR064912-megahit.contigs.fa.gz:md5,2dee65d29a833bd1fcbf84dbb04eeb59",
                "ERR064912-megahit.log:md5,250c0e8be98eb1c105b6d72ceb2d4a29",
                "mqc_busco_plot_bacteria_odb10_1.yaml:md5,005e6a5903a2319ed2436a7d1a4c5230",
                "mqc_fastp-insert-size-plot_1.yaml:md5,51ab9ff6bc3fa18d08f051177475ec2e",
                "mqc_fastp-seq-content-gc-plot_Read_1_After_filtering.yaml:md5,cd86aa098d14b4ad56d2d31599ab0d8e",
                "mqc_fastp-seq-content-gc-plot_Read_1_Before_filtering.yaml:md5,397256e935c62fe43ff1fbdc6c99a3d9",
                "mqc_fastp-seq-content-gc-plot_Read_2_After_filtering.yaml:md5,6dedcc7e38b446b26951578ba690b638",
                "mqc_fastp-seq-content-gc-plot_Read_2_Before_filtering.yaml:md5,23c70c1a95fc624ca603fb28b0f75a4f",
                "mqc_fastp-seq-content-n-plot_Read_1_After_filtering.yaml:md5,925790379999942043a353f3190e7477",
                "mqc_fastp-seq-content-n-plot_Read_1_Before_filtering.yaml:md5,01571bdfddf3ec5766c6c9f8022f3fa3",
                "mqc_fastp-seq-content-n-plot_Read_2_After_filtering.yaml:md5,ec8b933c76e94e83c0b9b67b412aef84",
                "mqc_fastp-seq-content-n-plot_Read_2_Before_filtering.yaml:md5,1d38f6e67fe0bc1f828902f3fd8c9125",
                "mqc_fastp-seq-quality-plot_Read_1_After_filtering.yaml:md5,d1cea3adf0b30d010984d54d2e6c7c90",
                "mqc_fastp-seq-quality-plot_Read_1_Before_filtering.yaml:md5,7f49b187a76f05d6e9cd29d65dec94aa",
                "mqc_fastp-seq-quality-plot_Read_2_After_filtering.yaml:md5,5971e86199b34f9af4c36d53c48f6af0",
                "mqc_fastp-seq-quality-plot_Read_2_Before_filtering.yaml:md5,d06187e7aaf132da0c10debef76590d9",
                "mqc_fastp_filtered_reads_plot_1.yaml:md5,84a8fe42de245870a6cca5d611ec163e",
                "mqc_fastqc_adapter_content_plot_1.yaml:md5,31c8df6ffe8db39875d10b8ddd4d9c81",
                "mqc_fastqc_per_base_n_content_plot-2_1.yaml:md5,b60cc74c58e67d68d3905dfb83ad1712",
                "mqc_fastqc_per_base_n_content_plot_1.yaml:md5,6bca7a78df02a120de35219e49d382f3",
                "mqc_fastqc_per_base_sequence_quality_plot-2_1.yaml:md5,fce8a54128202c921660fd3f03d78714",
                "mqc_fastqc_per_base_sequence_quality_plot_1.yaml:md5,93039aed0e956101dc0ac08a4f82de25",
                "mqc_fastqc_per_sequence_gc_content_plot-2_Counts.yaml:md5,aaf5a8d91017f56063f921beffa67dc7",
                "mqc_fastqc_per_sequence_gc_content_plot-2_Percentages.yaml:md5,b2085135aad001243b7cd7289b76b8ab",
                "mqc_fastqc_per_sequence_gc_content_plot_Counts.yaml:md5,1e52b806ab5fc0553a5d5d7a61922e32",
                "mqc_fastqc_per_sequence_gc_content_plot_Percentages.yaml:md5,c4c08d3134279276162daa8cec498bef",
                "mqc_fastqc_per_sequence_quality_scores_plot-2_1.yaml:md5,f1910e945e0f44a16dd40b834ca24e4e",
                "mqc_fastqc_per_sequence_quality_scores_plot_1.yaml:md5,c604d7aaa11845e232586d29be3772a4",
                "mqc_fastqc_sequence_counts_plot-2_1.yaml:md5,4586a1fd61ff3e80f764542825007a38",
                "mqc_fastqc_sequence_counts_plot_1.yaml:md5,b4cbe3a0cd4b309fb03d944617bd9816",
                "mqc_fastqc_sequence_duplication_levels_plot-2_1.yaml:md5,79c3839e434542012bf0b53a74853c81",
                "mqc_fastqc_sequence_duplication_levels_plot_1.yaml:md5,0d7cae663635dc332ea80514ffc7d3d2",
                "mqc_fastqc_sequence_length_distribution_plot_1.yaml:md5,d16e95add43c6734c4f07dcfddd80ea4",
                "multiqc_busco.yaml:md5,16fdb1c149b9ba9173d44c417fa9fabe",
                "multiqc_citations.yaml:md5,e46f6ed003947fe967edd4674a82d4c6",
                "multiqc_fastp.yaml:md5,20e521442f48aef186d839b533b721fa",
                "multiqc_fastqc.yaml:md5,4c4e1b713139eef4b82e3aa9e6dbaca2",
                "multiqc_fastqc_1.yaml:md5,c49034e44bd4443a60839d4b2c17aa2b",
                "ERR044595.fastp.json:md5,b2c112b6472df1c8ead22ccaf9710bda",
                "ERR064912.fastp.json:md5,39de6f3e116abb4798df1d748ad9ff63"
            ]
        ],
        "timestamp": "2026-03-11T15:25:50.820345512",
        "meta": {
            "nf-test": "0.9.4",
            "nextflow": "25.10.4"
        }
    }
}